Component: ARM Compiler 5.06 update 6 (build 750) Tool: armlink [4d35ed]

==============================================================================

Section Cross References

    startup_lpc17xx.o(STACK) refers (Special) to heapauxi.o(.text) for __use_two_region_memory
    startup_lpc17xx.o(HEAP) refers (Special) to heapauxi.o(.text) for __use_two_region_memory
    startup_lpc17xx.o(RESET) refers (Special) to heapauxi.o(.text) for __use_two_region_memory
    startup_lpc17xx.o(RESET) refers to startup_lpc17xx.o(STACK) for __initial_sp
    startup_lpc17xx.o(RESET) refers to startup_lpc17xx.o(.text) for Reset_Handler
    startup_lpc17xx.o(RESET) refers to tp_simple.o(.text) for SysTick_Handler
    startup_lpc17xx.o(.ARM.__at_0x02FC) refers (Special) to heapauxi.o(.text) for __use_two_region_memory
    startup_lpc17xx.o(.text) refers (Special) to heapauxi.o(.text) for __use_two_region_memory
    startup_lpc17xx.o(.text) refers to system_lpc17xx.o(.text) for SystemInit
    startup_lpc17xx.o(.text) refers to __main.o(!!!main) for __main
    startup_lpc17xx.o(.text) refers to startup_lpc17xx.o(HEAP) for Heap_Mem
    startup_lpc17xx.o(.text) refers to startup_lpc17xx.o(STACK) for Stack_Mem
    system_lpc17xx.o(.text) refers to lludivv7m.o(.text) for __aeabi_uldivmod
    system_lpc17xx.o(.text) refers to system_lpc17xx.o(.data) for SystemCoreClock
    asciilib.o(.text) refers to rt_memcpy_v6.o(.text) for __aeabi_memcpy
    asciilib.o(.text) refers to asciilib.o(.constdata) for AsciiLib
    glcd.o(.text) refers to glcd.o(.data) for LCD_Code
    glcd.o(.text) refers to asciilib.o(.text) for GetASCIICode
    touchpanel.o(.text) refers to glcd.o(.text) for LCD_SetPoint
    touchpanel.o(.text) refers to rt_memclr_w.o(.text) for __aeabi_memclr4
    touchpanel.o(.text) refers to touchpanel.o(.data) for screen
    touchpanel.o(.text) refers to dflt_clz.o(x$fpl$dflt) for __aeabi_i2d
    touchpanel.o(.text) refers to deqf.o(x$fpl$deqf) for __aeabi_cdcmpeq
    touchpanel.o(.text) refers to dflt_clz.o(x$fpl$dfltu) for __aeabi_ui2d
    touchpanel.o(.text) refers to dmul.o(x$fpl$dmul) for __aeabi_dmul
    touchpanel.o(.text) refers to daddsub_clz.o(x$fpl$dadd) for __aeabi_dadd
    touchpanel.o(.text) refers to ddiv.o(x$fpl$ddiv) for __aeabi_ddiv
    touchpanel.o(.text) refers to dfixu.o(x$fpl$dfixu) for __aeabi_d2uiz
    touchpanel.o(.text) refers to touchpanel.o(.bss) for ScreenSample
    tp_simple.o(.text) refers to _printf_pad.o(.text) for _printf_pre_padding
    tp_simple.o(.text) refers to _printf_percent.o(.ARM.Collect$$_printf_percent$$00000000) for _printf_percent
    tp_simple.o(.text) refers to _printf_d.o(.ARM.Collect$$_printf_percent$$00000009) for _printf_d
    tp_simple.o(.text) refers to _printf_dec.o(.text) for _printf_int_dec
    tp_simple.o(.text) refers to _printf_f.o(.ARM.Collect$$_printf_percent$$00000003) for _printf_f
    tp_simple.o(.text) refers to printf1.o(x$fpl$printf1) for _printf_fp_dec
    tp_simple.o(.text) refers to tp_simple.o(.data) for modo_grabacion
    tp_simple.o(.text) refers to tp_simple.o(.bss) for muestras_voz
    tp_simple.o(.text) refers to glcd.o(.text) for LCD_DrawLine
    tp_simple.o(.text) refers to strlen.o(.text) for strlen
    tp_simple.o(.text) refers to touchpanel.o(.text) for Read_Ads7846
    tp_simple.o(.text) refers to noretval__2sprintf.o(.text) for __2sprintf
    tp_simple.o(.text) refers to touchpanel.o(.data) for display
    tp_simple.o(.text) refers to frleqf.o(x$fpl$frleqf) for __aeabi_cfrcmple
    tp_simple.o(.text) refers to f2d.o(x$fpl$f2d) for __aeabi_f2d
    tp_simple.o(.text) refers to daddsub_clz.o(x$fpl$dsub) for __aeabi_dsub
    tp_simple.o(.text) refers to d2f.o(x$fpl$d2f) for __aeabi_d2f
    tp_simple.o(.text) refers to daddsub_clz.o(x$fpl$dadd) for __aeabi_dadd
    tp_simple.o(.text) refers to system_lpc17xx.o(.data) for SystemCoreClock
    tp_simple.o(.text) refers to dflt_clz.o(x$fpl$dfltu) for __aeabi_ui2d
    tp_simple.o(.text) refers to dmul.o(x$fpl$dmul) for __aeabi_dmul
    tp_simple.o(.text) refers to ddiv.o(x$fpl$ddiv) for __aeabi_ddiv
    tp_simple.o(.text) refers to sin.o(i.sin) for sin
    tp_simple.o(.text) refers to dfixu.o(x$fpl$dfixu) for __aeabi_d2uiz
    __2sprintf.o(.text) refers to _printf_char_common.o(.text) for _printf_char_common
    __2sprintf.o(.text) refers to _sputc.o(.text) for _sputc
    noretval__2sprintf.o(.text) refers to _printf_char_common.o(.text) for _printf_char_common
    noretval__2sprintf.o(.text) refers to _sputc.o(.text) for _sputc
    __printf.o(.text) refers to _printf_percent.o(.ARM.Collect$$_printf_percent$$00000000) for _printf_percent
    _printf_dec.o(.text) refers to _printf_intcommon.o(.text) for _printf_int_common
    __printf_flags.o(.text) refers to _printf_percent.o(.ARM.Collect$$_printf_percent$$00000000) for _printf_percent
    __printf_flags.o(.text) refers to __printf_flags.o(.constdata) for .constdata
[...]
    libshutdown.o(.ARM.Collect$$libshutdown$$00000000) refers (Special) to libshutdown2.o(.ARM.Collect$$libshutdown$$00000007) for __rt_lib_shutdown_fp_trap_1
    libshutdown.o(.ARM.Collect$$libshutdown$$00000000) refers (Special) to libshutdown2.o(.ARM.Collect$$libshutdown$$0000000F) for __rt_lib_shutdown_heap_1
    libshutdown.o(.ARM.Collect$$libshutdown$$00000000) refers (Special) to libshutdown2.o(.ARM.Collect$$libshutdown$$00000010) for __rt_lib_shutdown_return
    libshutdown.o(.ARM.Collect$$libshutdown$$00000000) refers (Special) to libshutdown2.o(.ARM.Collect$$libshutdown$$0000000A) for __rt_lib_shutdown_signal_1
    libshutdown.o(.ARM.Collect$$libshutdown$$00000000) refers (Special) to libshutdown2.o(.ARM.Collect$$libshutdown$$00000004) for __rt_lib_shutdown_stdio_1
    libshutdown.o(.ARM.Collect$$libshutdown$$00000000) refers (Special) to libshutdown2.o(.ARM.Collect$$libshutdown$$0000000C) for __rt_lib_shutdown_user_alloc_1
    defsig_abrt_inner.o(.text) refers to defsig_general.o(.text) for __default_signal_display
    defsig_rtred_inner.o(.text) refers to defsig_general.o(.text) for __default_signal_display
    defsig_rtmem_inner.o(.text) refers to defsig_general.o(.text) for __default_signal_display
    defsig_stak_inner.o(.text) refers to defsig_general.o(.text) for __default_signal_display
    defsig_pvfn_inner.o(.text) refers to defsig_general.o(.text) for __default_signal_display
    defsig_cppl_inner.o(.text) refers to defsig_general.o(.text) for __default_signal_display
    defsig_segv_inner.o(.text) refers to defsig_general.o(.text) for __default_signal_display
    defsig_other.o(.text) refers to defsig_general.o(.text) for __default_signal_display


==============================================================================

Removing Unused input sections from the image.

    Removing system_lpc17xx.o(.emb_text), (8 bytes).
    Removing glcd.o(.emb_text), (8 bytes).
    Removing touchpanel.o(.emb_text), (8 bytes).
    Removing tp_simple.o(.emb_text), (8 bytes).

4 unused section(s) (total 32 bytes) removed from the image.

==============================================================================

Image Symbol Table

    Local Symbols

    Symbol Name                              Value     Ov Type        Size  Object(Section)

    RESET                                    0x00000000   Section      204  startup_lpc17xx.o(RESET)
    ../clib/angel/boardlib.s                 0x00000000   Number         0  boardinit3.o ABSOLUTE
    ../clib/angel/boardlib.s                 0x00000000   Number         0  boardshut.o ABSOLUTE
    ../clib/angel/boardlib.s                 0x00000000   Number         0  boardinit1.o ABSOLUTE
    ../clib/angel/boardlib.s                 0x00000000   Number         0  boardinit2.o ABSOLUTE
    ../clib/angel/handlers.s                 0x00000000   Number         0  __scatter_zi.o ABSOLUTE
    ../clib/angel/handlers.s                 0x00000000   Number         0  __scatter_copy.o ABSOLUTE
    ../clib/angel/kernel.s                   0x00000000   Number         0  __rtentry4.o ABSOLUTE
    ../clib/angel/kernel.s                   0x00000000   Number         0  __rtentry2.o ABSOLUTE
    ../clib/angel/kernel.s                   0x00000000   Number         0  rtexit2.o ABSOLUTE
    ../clib/angel/kernel.s                   0x00000000   Number         0  rtexit.o ABSOLUTE
    ../clib/angel/kernel.s                   0x00000000   Number         0  __rtentry.o ABSOLUTE
    ../clib/angel/rt.s                       0x00000000   Number         0  rt_raise.o ABSOLUTE
    ../clib/angel/rt.s                       0x00000000   Number         0  rt_errno_addr.o ABSOLUTE
    ../clib/angel/rt.s                       0x00000000   Number         0  rt_locale_intlibspace.o ABSOLUTE
    ../clib/angel/rt.s                       0x00000000   Number         0  rt_locale.o ABSOLUTE
    ../clib/angel/rt.s                       0x00000000   Number         0  rt_errno_addr_intlibspace.o ABSOLUTE
    ../clib/angel/rt.s                       0x00000000   Number         0  rt_div0.o ABSOLUTE
    ../clib/angel/rt.s                       0x00000000   Number         0  aeabi_ldiv0.o ABSOLUTE
    ../clib/angel/rt.s                       0x00000000   Number         0  aeabi_ldiv0_sigfpe.o ABSOLUTE
    ../clib/angel/scatter.s                  0x00000000   Number         0  __scatter.o ABSOLUTE
    ../clib/angel/startup.s                  0x00000000   Number         0  __main.o ABSOLUTE
    ../clib/angel/sys.s                      0x00000000   Number         0  sys_stackheap_outer.o ABSOLUTE
    ../clib/angel/sys.s                      0x00000000   Number         0  use_no_semi.o ABSOLUTE
    ../clib/angel/sys.s                      0x00000000   Number         0  libspace.o ABSOLUTE
    ../clib/angel/sys.s                      0x00000000   Number         0  indicate_semi.o ABSOLUTE
    ../clib/angel/sysapp.c                   0x00000000   Number         0  sys_exit.o ABSOLUTE
    ../clib/angel/sysapp.c                   0x00000000   Number         0  sys_wrch.o ABSOLUTE
    ../clib/angel/sysapp.c                   0x00000000   Number         0  sys_command.o ABSOLUTE
    ../clib/armsys.c                         0x00000000   Number         0  argv_veneer.o ABSOLUTE
    ../clib/armsys.c                         0x00000000   Number         0  argv_veneer.o ABSOLUTE
    ../clib/armsys.c                         0x00000000   Number         0  _get_argv_nomalloc.o ABSOLUTE
    ../clib/armsys.c                         0x00000000   Number         0  no_argv.o ABSOLUTE
    ../clib/bigflt.c                         0x00000000   Number         0  bigflt0.o ABSOLUTE
    ../clib/btod.s                           0x00000000   Number         0  btod.o ABSOLUTE
    ../clib/fenv.c                           0x00000000   Number         0  _rserrno.o ABSOLUTE
    ../clib/heapalloc.c                      0x00000000   Number         0  hrguard.o ABSOLUTE
    ../clib/heapaux.c                        0x00000000   Number         0  heapauxi.o ABSOLUTE
    ../clib/libinit.s                        0x00000000   Number         0  libinit.o ABSOLUTE
    ../clib/libinit.s                        0x00000000   Number         0  libinit2.o ABSOLUTE
    ../clib/libinit.s                        0x00000000   Number         0  libshutdown2.o ABSOLUTE
    ../clib/libinit.s                        0x00000000   Number         0  libshutdown.o ABSOLUTE
    ../clib/locale.s                         0x00000000   Number         0  lc_numeric_c.o ABSOLUTE
    ../clib/longlong.s                       0x00000000   Number         0  lludiv10.o ABSOLUTE
    ../clib/longlong.s                       0x00000000   Number         0  lludivv7m.o ABSOLUTE
    ../clib/memcpset.s                       0x00000000   Number         0  strcmpv7m.o ABSOLUTE
    ../clib/memcpset.s                       0x00000000   Number         0  rt_memcpy_w.o ABSOLUTE
    ../clib/memcpset.s                       0x00000000   Number         0  rt_memcpy_v6.o ABSOLUTE
    ../clib/memcpset.s                       0x00000000   Number         0  rt_memclr_w.o ABSOLUTE
    ../clib/misc.s                           0x00000000   Number         0  printf_stubs.o ABSOLUTE
    ../clib/printf.c                         0x00000000   Number         0  _printf_fp_infnan.o ABSOLUTE
    ../clib/printf.c                         0x00000000   Number         0  _printf_fp_dec.o ABSOLUTE
    ../clib/printf.c                         0x00000000   Number         0  __2sprintf.o ABSOLUTE
    ../clib/printf.c                         0x00000000   Number         0  noretval__2sprintf.o ABSOLUTE
    ../clib/printf.c                         0x00000000   Number         0  __printf.o ABSOLUTE
    ../clib/printf.c                         0x00000000   Number         0  _printf_pad.o ABSOLUTE
    ../clib/printf.c                         0x00000000   Number         0  _printf_dec.o ABSOLUTE
    ../clib/printf.c                         0x00000000   Number         0  __printf_flags.o ABSOLUTE
    ../clib/printf.c                         0x00000000   Number         0  __printf_ss.o ABSOLUTE
    ../clib/printf.c                         0x00000000   Number         0  __printf_flags_ss.o ABSOLUTE
    ../clib/printf.c                         0x00000000   Number         0  __printf_wp.o ABSOLUTE
    ../clib/printf.c                         0x00000000   Number         0  __printf_flags_wp.o ABSOLUTE
    ../clib/printf.c                         0x00000000   Number         0  __printf_ss_wp.o ABSOLUTE
    ../clib/printf.c                         0x00000000   Number         0  __printf_flags_ss_wp.o ABSOLUTE
    ../clib/printf.c                         0x00000000   Number         0  _sputc.o ABSOLUTE
    ../clib/printf.c                         0x00000000   Number         0  _printf_intcommon.o ABSOLUTE
    ../clib/printf.c                         0x00000000   Number         0  _printf_char_common.o ABSOLUTE
    ../clib/printf.c                         0x00000000   Number         0  __printf_nopercent.o ABSOLUTE
    ../clib/printf_percent.s                 0x00000000   Number         0  _printf_percent.o ABSOLUTE
    ../clib/printf_percent.s                 0x00000000   Number         0  _printf_percent_end.o ABSOLUTE
    ../clib/printf_percent.s                 0x00000000   Number         0  _printf_d.o ABSOLUTE
    ../clib/printf_percent.s                 0x00000000   Number         0  _printf_f.o ABSOLUTE
    ../clib/signal.c                         0x00000000   Number         0  defsig_abrt_inner.o ABSOLUTE
    ../clib/signal.c                         0x00000000   Number         0  defsig_rtred_inner.o ABSOLUTE
    ../clib/signal.c                         0x00000000   Number         0  defsig_rtmem_inner.o ABSOLUTE
    ../clib/signal.c                         0x00000000   Number         0  defsig_stak_inner.o ABSOLUTE
    ../clib/signal.c                         0x00000000   Number         0  defsig_pvfn_inner.o ABSOLUTE
    ../clib/signal.c                         0x00000000   Number         0  defsig_cppl_inner.o ABSOLUTE
    ../clib/signal.c                         0x00000000   Number         0  defsig_fpe_outer.o ABSOLUTE
    ../clib/signal.c                         0x00000000   Number         0  defsig_segv_inner.o ABSOLUTE
    ../clib/signal.c                         0x00000000   Number         0  defsig_other.o ABSOLUTE
    ../clib/signal.c                         0x00000000   Number         0  __raise.o ABSOLUTE
    ../clib/signal.c                         0x00000000   Number         0  defsig_rtmem_outer.o ABSOLUTE
    ../clib/signal.c                         0x00000000   Number         0  defsig_fpe_formal.o ABSOLUTE
    ../clib/signal.c                         0x00000000   Number         0  defsig_general.o ABSOLUTE
    ../clib/signal.c                         0x00000000   Number         0  defsig_fpe_inner.o ABSOLUTE
    ../clib/signal.c                         0x00000000   Number         0  defsig_exit.o ABSOLUTE
    ../clib/signal.c                         0x00000000   Number         0  defsig_rtmem_formal.o ABSOLUTE
    ../clib/signal.s                         0x00000000   Number         0  defsig.o ABSOLUTE
    ../clib/stdlib.c                         0x00000000   Number         0  exit.o ABSOLUTE
    ../clib/string.c                         0x00000000   Number         0  strlen.o ABSOLUTE
    ../fplib/d2f.s                           0x00000000   Number         0  d2f.o ABSOLUTE
    ../fplib/daddsub.s                       0x00000000   Number         0  daddsub_clz.o ABSOLUTE
    ../fplib/dcheck1.s                       0x00000000   Number         0  dcheck1.o ABSOLUTE
    ../fplib/dcmpi.s                         0x00000000   Number         0  dcmpi.o ABSOLUTE
    ../fplib/ddiv.s                          0x00000000   Number         0  ddiv.o ABSOLUTE
    ../fplib/deqf.s                          0x00000000   Number         0  deqf.o ABSOLUTE
    ../fplib/dfix.s                          0x00000000   Number         0  dfix.o ABSOLUTE
    ../fplib/dfixu.s                         0x00000000   Number         0  dfixu.o ABSOLUTE
    ../fplib/dflt.s                          0x00000000   Number         0  dflt_clz.o ABSOLUTE
    ../fplib/dmul.s                          0x00000000   Number         0  dmul.o ABSOLUTE
    ../fplib/dnaninf.s                       0x00000000   Number         0  dnaninf.o ABSOLUTE
    ../fplib/dretinf.s                       0x00000000   Number         0  dretinf.o ABSOLUTE
    ../fplib/f2d.s                           0x00000000   Number         0  f2d.o ABSOLUTE
    ../fplib/fcmpi.s                         0x00000000   Number         0  fcmpi.o ABSOLUTE
    ../fplib/fleqf.s                         0x00000000   Number         0  fleqf.o ABSOLUTE
    ../fplib/fnaninf.s                       0x00000000   Number         0  fnaninf.o ABSOLUTE
    ../fplib/fpinit.s                        0x00000000   Number         0  fpinit.o ABSOLUTE
    ../fplib/fretinf.s                       0x00000000   Number         0  fretinf.o ABSOLUTE
    ../fplib/frleqf.s                        0x00000000   Number         0  frleqf.o ABSOLUTE
    ../fplib/istatus.s                       0x00000000   Number         0  istatus.o ABSOLUTE
    ../fplib/printf1.s                       0x00000000   Number         0  printf1.o ABSOLUTE
    ../fplib/retnan.s                        0x00000000   Number         0  retnan.o ABSOLUTE
    ../fplib/scalbn.s                        0x00000000   Number         0  scalbn.o ABSOLUTE
    ../fplib/trapv.s                         0x00000000   Number         0  trapv.o ABSOLUTE
    ../fplib/usenofp.s                       0x00000000   Number         0  usenofp.o ABSOLUTE
    ../mathlib/cos_i.c                       0x00000000   Number         0  cos_i.o ABSOLUTE
    ../mathlib/dunder.c                      0x00000000   Number         0  dunder.o ABSOLUTE
    ../mathlib/fpclassify.c                  0x00000000   Number         0  fpclassify.o ABSOLUTE
    ../mathlib/poly.c                        0x00000000   Number         0  poly.o ABSOLUTE
    ../mathlib/rred.c                        0x00000000   Number         0  rred.o ABSOLUTE
    ../mathlib/sin.c                         0x00000000   Number         0  sin.o ABSOLUTE
    ../mathlib/sin.c                         0x00000000   Number         0  sin_x.o ABSOLUTE
    ../mathlib/sin_i.c                       0x00000000   Number         0  sin_i.o ABSOLUTE
    ../mathlib/sin_i.c                       0x00000000   Number         0  sin_i_x.o ABSOLUTE
    ..\Libraries\CM3\CoreSupport\core_cm3.c  0x00000000   Number         0  core_cm3.o ABSOLUTE
    ..\Libraries\CM3\DeviceSupport\startup_LPC17xx.s 0x00000000   Number         0  startup_lpc17xx.o ABSOLUTE
    ..\Libraries\CM3\DeviceSupport\system_LPC17xx.c 0x00000000   Number         0  system_lpc17xx.o ABSOLUTE
    ..\Libraries\GLCD\AsciiLib.c             0x00000000   Number         0  asciilib.o ABSOLUTE
    ..\Libraries\GLCD\GLCD.c                 0x00000000   Number         0  glcd.o ABSOLUTE
    ..\Libraries\TouchPanel\TouchPanel.c     0x00000000   Number         0  touchpanel.o ABSOLUTE
    ..\USER\GIEC\tp_simple.c                 0x00000000   Number         0  tp_simple.o ABSOLUTE
    ..\\Libraries\\CM3\\DeviceSupport\\system_LPC17xx.c 0x00000000   Number         0  system_lpc17xx.o ABSOLUTE
    ..\\Libraries\\GLCD\\GLCD.c              0x00000000   Number         0  glcd.o ABSOLUTE
    ..\\Libraries\\TouchPanel\\TouchPanel.c  0x00000000   Number         0  touchpanel.o ABSOLUTE
    ..\\USER\\GIEC\\tp_simple.c              0x00000000   Number         0  tp_simple.o ABSOLUTE
    dc.s                                     0x00000000   Number         0  dc.o ABSOLUTE
    !!!main                                  0x000000cc   Section        8  __main.o(!!!main)
    !!!scatter                               0x000000d4   Section       52  __scatter.o(!!!scatter)
    !!handler_copy                           0x00000108   Section       26  __scatter_copy.o(!!handler_copy)
    !!handler_zi                             0x00000124   Section       28  __scatter_zi.o(!!handler_zi)
    .ARM.Collect$$_printf_percent$$00000000  0x00000140   Section        0  _printf_percent.o(.ARM.Collect$$_printf_percent$$00000000)
    .ARM.Collect$$_printf_percent$$00000003  0x00000140   Section        6  _printf_f.o(.ARM.Collect$$_printf_percent$$00000003)
    .ARM.Collect$$_printf_percent$$00000009  0x00000146   Section        6  _printf_d.o(.ARM.Collect$$_printf_percent$$00000009)
    .ARM.Collect$$_printf_percent$$00000017  0x0000014c   Section        4  _printf_percent_end.o(.ARM.Collect$$_printf_percent$$00000017)
    .ARM.Collect$$libinit$$00000000          0x00000150   Section        2  libinit.o(.ARM.Collect$$libinit$$00000000)
    .ARM.Collect$$libinit$$00000002          0x00000152   Section        0  libinit2.o(.ARM.Collect$$libinit$$00000002)
    .ARM.Collect$$libinit$$00000004          0x00000152   Section        0  libinit2.o(.ARM.Collect$$libinit$$00000004)
    .ARM.Collect$$libinit$$0000000A          0x00000152   Section        0  libinit2.o(.ARM.Collect$$libinit$$0000000A)
    .ARM.Collect$$libinit$$0000000C          0x00000152   Section        0  libinit2.o(.ARM.Collect$$libinit$$0000000C)
    .ARM.Collect$$libinit$$0000000E          0x00000152   Section        0  libinit2.o(.ARM.Collect$$libinit$$0000000E)
    .ARM.Collect$$libinit$$0000000F          0x00000152   Section        6  libinit2.o(.ARM.Collect$$libinit$$0000000F)
    .ARM.Collect$$libinit$$00000011          0x00000158   Section        0  libinit2.o(.ARM.Collect$$libinit$$00000011)
    .ARM.Collect$$libinit$$00000013          0x00000158   Section        0  libinit2.o(.ARM.Collect$$libinit$$00000013)
    .ARM.Collect$$libinit$$00000015          0x00000158   Section        0  libinit2.o(.ARM.Collect$$libinit$$00000015)
    .ARM.Collect$$libinit$$00000016          0x00000158   Section       10  libinit2.o(.ARM.Collect$$libinit$$00000016)
    .ARM.Collect$$libinit$$00000017          0x00000162   Section        0  libinit2.o(.ARM.Collect$$libinit$$00000017)
    .ARM.Collect$$libinit$$00000019          0x00000162   Section        0  libinit2.o(.ARM.Collect$$libinit$$00000019)
    .ARM.Collect$$libinit$$0000001B          0x00000162   Section        0  libinit2.o(.ARM.Collect$$libinit$$0000001B)
    .ARM.Collect$$libinit$$0000001D          0x00000162   Section        0  libinit2.o(.ARM.Collect$$libinit$$0000001D)
    .ARM.Collect$$libinit$$0000001F          0x00000162   Section        0  libinit2.o(.ARM.Collect$$libinit$$0000001F)
    .ARM.Collect$$libinit$$00000021          0x00000162   Section        0  libinit2.o(.ARM.Collect$$libinit$$00000021)
    .ARM.Collect$$libinit$$00000023          0x00000162   Section        0  libinit2.o(.ARM.Collect$$libinit$$00000023)
    .ARM.Collect$$libinit$$00000025          0x00000162   Section        0  libinit2.o(.ARM.Collect$$libinit$$00000025)
    .ARM.Collect$$libinit$$0000002C          0x00000162   Section        0  libinit2.o(.ARM.Collect$$libinit$$0000002C)
    .ARM.Collect$$libinit$$0000002E          0x00000162   Section        0  libinit2.o(.ARM.Collect$$libinit$$0000002E)
    .ARM.Collect$$libinit$$00000030          0x00000162   Section        0  libinit2.o(.ARM.Collect$$libinit$$00000030)
    .ARM.Collect$$libinit$$00000032          0x00000162   Section        0  libinit2.o(.ARM.Collect$$libinit$$00000032)
    .ARM.Collect$$libinit$$00000033          0x00000162   Section        2  libinit2.o(.ARM.Collect$$libinit$$00000033)
    .ARM.Collect$$libshutdown$$00000000      0x00000164   Section        2  libshutdown.o(.ARM.Collect$$libshutdown$$00000000)
    .ARM.Collect$$libshutdown$$00000002      0x00000166   Section        0  libshutdown2.o(.ARM.Collect$$libshutdown$$00000002)
    .ARM.Collect$$libshutdown$$00000004      0x00000166   Section        0  libshutdown2.o(.ARM.Collect$$libshutdown$$00000004)
    .ARM.Collect$$libshutdown$$00000007      0x00000166   Section        0  libshutdown2.o(.ARM.Collect$$libshutdown$$00000007)
    .ARM.Collect$$libshutdown$$0000000A      0x00000166   Section        0  libshutdown2.o(.ARM.Collect$$libshutdown$$0000000A)
    .ARM.Collect$$libshutdown$$0000000C      0x00000166   Section        0  libshutdown2.o(.ARM.Collect$$libshutdown$$0000000C)
    .ARM.Collect$$libshutdown$$0000000F      0x00000166   Section        0  libshutdown2.o(.ARM.Collect$$libshutdown$$0000000F)
    .ARM.Collect$$libshutdown$$00000010      0x00000166   Section        2  libshutdown2.o(.ARM.Collect$$libshutdown$$00000010)
    .ARM.Collect$$rtentry$$00000000          0x00000168   Section        0  __rtentry.o(.ARM.Collect$$rtentry$$00000000)
    .ARM.Collect$$rtentry$$00000002          0x00000168   Section        0  __rtentry2.o(.ARM.Collect$$rtentry$$00000002)
    .ARM.Collect$$rtentry$$00000004          0x00000168   Section        6  __rtentry4.o(.ARM.Collect$$rtentry$$00000004)
    .ARM.Collect$$rtentry$$00000009          0x0000016e   Section        0  __rtentry2.o(.ARM.Collect$$rtentry$$00000009)
    .ARM.Collect$$rtentry$$0000000A          0x0000016e   Section        4  __rtentry2.o(.ARM.Collect$$rtentry$$0000000A)
    .ARM.Collect$$rtentry$$0000000C          0x00000172   Section        0  __rtentry2.o(.ARM.Collect$$rtentry$$0000000C)
    .ARM.Collect$$rtentry$$0000000D          0x00000172   Section        8  __rtentry2.o(.ARM.Collect$$rtentry$$0000000D)
    .ARM.Collect$$rtexit$$00000000           0x0000017a   Section        2  rtexit.o(.ARM.Collect$$rtexit$$00000000)
    .ARM.Collect$$rtexit$$00000002           0x0000017c   Section        0  rtexit2.o(.ARM.Collect$$rtexit$$00000002)
    .ARM.Collect$$rtexit$$00000003           0x0000017c   Section        4  rtexit2.o(.ARM.Collect$$rtexit$$00000003)
    .ARM.Collect$$rtexit$$00000004           0x00000180   Section        6  rtexit2.o(.ARM.Collect$$rtexit$$00000004)
    .text                                    0x00000188   Section       64  startup_lpc17xx.o(.text)
    .text                                    0x000001c8   Section        0  asciilib.o(.text)
    .text                                    0x000001e8   Section      238  lludivv7m.o(.text)
    .text                                    0x000002d6   Section        0  heapauxi.o(.text)
    .text                                    0x000002dc   Section        0  _rserrno.o(.text)
    .text                                    0x000002f2   Section        0  _sputc.o(.text)
    .ARM.__at_0x02FC                         0x000002fc   Section        4  startup_lpc17xx.o(.ARM.__at_0x02FC)
    .text                                    0x00000300   Section        0  system_lpc17xx.o(.text)
    .text                                    0x000005ec   Section        0  glcd.o(.text)
    LCD_Configuration                        0x000005ed   Thumb Code    44  glcd.o(.text)
    LCD_WriteReg_no_inline                   0x00000619   Thumb Code   216  glcd.o(.text)
    delay_ms                                 0x000006f1   Thumb Code    30  glcd.o(.text)
    .text                                    0x00001d7c   Section        0  touchpanel.o(.text)
    DelayUS                                  0x00001dcb   Thumb Code    28  touchpanel.o(.text)
    WR_CMD                                   0x00001de7   Thumb Code    42  touchpanel.o(.text)
    RD_AD                                    0x00001e11   Thumb Code    44  touchpanel.o(.text)
    .text                                    0x00002550   Section        0  tp_simple.o(.text)
    NVIC_SetPriority                         0x00002551   Thumb Code    32  tp_simple.o(.text)
    NVIC_EnableIRQ                           0x0000389d   Thumb Code    22  tp_simple.o(.text)
    .text                                    0x000038d8   Section        0  noretval__2sprintf.o(.text)
    .text                                    0x00003900   Section        0  _printf_pad.o(.text)
    .text                                    0x00003950   Section        0  _printf_dec.o(.text)
    .text                                    0x000039c8   Section        0  __printf_wp.o(.text)
    .text                                    0x00003ad6   Section        0  strlen.o(.text)
    .text                                    0x00003b14   Section      138  rt_memcpy_v6.o(.text)
    .text                                    0x00003b9e   Section       78  rt_memclr_w.o(.text)
    .text                                    0x00003bec   Section        0  _printf_intcommon.o(.text)
    .text                                    0x00003c9e   Section        0  _printf_fp_dec.o(.text)
    _fp_digits                               0x00003ca1   Thumb Code   432  _printf_fp_dec.o(.text)
    .text                                    0x000040bc   Section        0  _printf_char_common.o(.text)
    _printf_input_char                       0x000040bd   Thumb Code    10  _printf_char_common.o(.text)
    .text                                    0x000040ec   Section      100  rt_memcpy_w.o(.text)
    .text                                    0x00004150   Section        8  rt_locale_intlibspace.o(.text)
    .text                                    0x00004158   Section        8  rt_errno_addr_intlibspace.o(.text)
    .text                                    0x00004160   Section      138  lludiv10.o(.text)
    .text                                    0x000041ec   Section        0  _printf_fp_infnan.o(.text)
    .text                                    0x0000426c   Section        0  bigflt0.o(.text)
    .text                                    0x00004350   Section        8  libspace.o(.text)
    .text                                    0x00004358   Section       74  sys_stackheap_outer.o(.text)
    .text                                    0x000043a2   Section        0  exit.o(.text)
    .text                                    0x000043b4   Section      128  strcmpv7m.o(.text)
    .text                                    0x00004434   Section        0  sys_exit.o(.text)
    .text                                    0x00004440   Section        2  use_no_semi.o(.text)
    .text                                    0x00004442   Section        0  indicate_semi.o(.text)
    CL$$btod_d2e                             0x00004442   Section       62  btod.o(CL$$btod_d2e)
    CL$$btod_d2e_denorm_low                  0x00004480   Section       70  btod.o(CL$$btod_d2e_denorm_low)
    CL$$btod_d2e_norm_op1                    0x000044c6   Section       96  btod.o(CL$$btod_d2e_norm_op1)
    CL$$btod_div_common                      0x00004526   Section      824  btod.o(CL$$btod_div_common)
    CL$$btod_e2e                             0x0000485e   Section      220  btod.o(CL$$btod_e2e)
    CL$$btod_ediv                            0x0000493a   Section       42  btod.o(CL$$btod_ediv)
    CL$$btod_emul                            0x00004964   Section       42  btod.o(CL$$btod_emul)
    CL$$btod_mult_common                     0x0000498e   Section      580  btod.o(CL$$btod_mult_common)
    i.__ARM_fpclassify                       0x00004bd2   Section        0  fpclassify.o(i.__ARM_fpclassify)
    i.__ieee754_rem_pio2                     0x00004bfc   Section        0  rred.o(i.__ieee754_rem_pio2)
    i.__kernel_cos                           0x00004f84   Section        0  cos_i.o(i.__kernel_cos)
    i.__kernel_poly                          0x00005080   Section        0  poly.o(i.__kernel_poly)
    i.__kernel_sin                           0x0000512c   Section        0  sin_i.o(i.__kernel_sin)
    i.__mathlib_dbl_infnan                   0x00005218   Section        0  dunder.o(i.__mathlib_dbl_infnan)
    i.__mathlib_dbl_invalid                  0x0000521e   Section        0  dunder.o(i.__mathlib_dbl_invalid)
    i.__mathlib_dbl_underflow                0x0000522c   Section        0  dunder.o(i.__mathlib_dbl_underflow)
    i._is_digit                              0x0000523c   Section        0  __printf_wp.o(i._is_digit)
    i.sin                                    0x0000524c   Section        0  sin.o(i.sin)
    locale$$code                             0x000052ec   Section       44  lc_numeric_c.o(locale$$code)
    x$fpl$d2f                                0x00005318   Section       98  d2f.o(x$fpl$d2f)
    x$fpl$dadd                               0x0000537c   Section      336  daddsub_clz.o(x$fpl$dadd)
    _dadd1                                   0x0000538d   Thumb Code     0  daddsub_clz.o(x$fpl$dadd)
    x$fpl$dcheck1                            0x000054cc   Section       16  dcheck1.o(x$fpl$dcheck1)
    x$fpl$dcmpinf                            0x000054dc   Section       24  dcmpi.o(x$fpl$dcmpinf)
    x$fpl$ddiv                               0x000054f4   Section      688  ddiv.o(x$fpl$ddiv)
    ddiv_entry                               0x000054fb   Thumb Code     0  ddiv.o(x$fpl$ddiv)
    x$fpl$deqf                               0x000057a4   Section      120  deqf.o(x$fpl$deqf)
    x$fpl$dfix                               0x0000581c   Section       94  dfix.o(x$fpl$dfix)
    x$fpl$dfixu                              0x0000587c   Section       90  dfixu.o(x$fpl$dfixu)
    x$fpl$dflt                               0x000058d6   Section       46  dflt_clz.o(x$fpl$dflt)
    x$fpl$dfltu                              0x00005904   Section       38  dflt_clz.o(x$fpl$dfltu)
    x$fpl$dmul                               0x0000592c   Section      340  dmul.o(x$fpl$dmul)
    x$fpl$dnaninf                            0x00005a80   Section      156  dnaninf.o(x$fpl$dnaninf)
    x$fpl$dretinf                            0x00005b1c   Section       12  dretinf.o(x$fpl$dretinf)
    x$fpl$drsb                               0x00005b28   Section       22  daddsub_clz.o(x$fpl$drsb)
    x$fpl$dsub                               0x00005b40   Section      468  daddsub_clz.o(x$fpl$dsub)
    _dsub1                                   0x00005b51   Thumb Code     0  daddsub_clz.o(x$fpl$dsub)
    x$fpl$f2d                                0x00005d14   Section       86  f2d.o(x$fpl$f2d)
    x$fpl$fcmpinf                            0x00005d6a   Section       24  fcmpi.o(x$fpl$fcmpinf)
    x$fpl$fleqf                              0x00005d84   Section      104  fleqf.o(x$fpl$fleqf)
    x$fpl$fnaninf                            0x00005dec   Section      140  fnaninf.o(x$fpl$fnaninf)
    x$fpl$fretinf                            0x00005e78   Section       10  fretinf.o(x$fpl$fretinf)
    x$fpl$frleqf                             0x00005e82   Section       98  frleqf.o(x$fpl$frleqf)
    x$fpl$printf1                            0x00005ee4   Section        4  printf1.o(x$fpl$printf1)
    x$fpl$retnan                             0x00005ee8   Section      100  retnan.o(x$fpl$retnan)
    x$fpl$scalbn                             0x00005f4c   Section       92  scalbn.o(x$fpl$scalbn)
    x$fpl$trapveneer                         0x00005fa8   Section       48  trapv.o(x$fpl$trapveneer)
    .constdata                               0x00005fd8   Section     1520  asciilib.o(.constdata)
    x$fpl$usenofp                            0x00005fd8   Section        0  usenofp.o(x$fpl$usenofp)
    AsciiLib                                 0x00005fd8   Data        1520  asciilib.o(.constdata)
    .constdata                               0x000065c8   Section       48  cos_i.o(.constdata)
    C                                        0x000065c8   Data          48  cos_i.o(.constdata)
    .constdata                               0x000065f8   Section      200  rred.o(.constdata)
    pio2s                                    0x000065f8   Data          48  rred.o(.constdata)
    twooverpi                                0x00006628   Data         152  rred.o(.constdata)
    .constdata                               0x000066c0   Section       40  sin_i.o(.constdata)
    S                                        0x000066c0   Data          40  sin_i.o(.constdata)
    .constdata                               0x000066e8   Section      148  bigflt0.o(.constdata)
    tenpwrs_x                                0x000066e8   Data          60  bigflt0.o(.constdata)
    tenpwrs_i                                0x00006724   Data          64  bigflt0.o(.constdata)
    locale$$data                             0x0000679c   Section       28  lc_numeric_c.o(locale$$data)
    __lcnum_c_name                           0x000067a0   Data           2  lc_numeric_c.o(locale$$data)
    __lcnum_c_start                          0x000067a8   Data           0  lc_numeric_c.o(locale$$data)
    __lcnum_c_point                          0x000067b4   Data           0  lc_numeric_c.o(locale$$data)
    __lcnum_c_thousands                      0x000067b6   Data           0  lc_numeric_c.o(locale$$data)
    __lcnum_c_grouping                       0x000067b7   Data           0  lc_numeric_c.o(locale$$data)
    __lcnum_c_end                            0x000067b8   Data           0  lc_numeric_c.o(locale$$data)
    .data                                    0x10000000   Section        4  system_lpc17xx.o(.data)
    .data                                    0x10000004   Section        1  glcd.o(.data)
    LCD_Code                                 0x10000004   Data           1  glcd.o(.data)
    .data                                    0x10000008   Section       76  touchpanel.o(.data)
    screen                                   0x10000050   Data           4  touchpanel.o(.data)
    .data                                    0x10000054   Section      212  tp_simple.o(.data)
    indice_muestra                           0x1000010c   Data           2  tp_simple.o(.data)
    indice                                   0x1000010e   Data           2  tp_simple.o(.data)
    .bss                                     0x10000128   Section       12  touchpanel.o(.bss)
    .bss                                     0x10000134   Section    16095  tp_simple.o(.bss)
    .bss                                     0x10004014   Section       96  libspace.o(.bss)
    HEAP                                     0x10004078   Section     1024  startup_lpc17xx.o(HEAP)
    Heap_Mem                                 0x10004078   Data        1024  startup_lpc17xx.o(HEAP)
    STACK                                    0x10004478   Section      512  startup_lpc17xx.o(STACK)
    Stack_Mem                                0x10004478   Data         512  startup_lpc17xx.o(STACK)
    __initial_sp                             0x10004678   Data           0  startup_lpc17xx.o(STACK)

    Global Symbols

    Symbol Name                              Value     Ov Type        Size  Object(Section)

    BuildAttributes$$THM_ISAv4$P$D$K$B$S$PE$A:L22UL41UL21$X:L11$S22US41US21$IEEE1$IW$USESV6$~STKCKD$USESV7$~SHL$OTIME$ROPI$IEEEX$EBA8$UX$STANDARDLIB$REQ8$PRES8$EABIv2 0x00000000   Number         0  anon$$obj.o ABSOLUTE
    __ARM_use_no_argv                        0x00000000   Number         0  tp_simple.o ABSOLUTE
    __Vectors                                0x00000000   Data           4  startup_lpc17xx.o(RESET)
    _printf_flags                            0x00000000   Number         0  printf_stubs.o ABSOLUTE
    _printf_return_value                     0x00000000   Number         0  printf_stubs.o ABSOLUTE
    _printf_sizespec                         0x00000000   Number         0  printf_stubs.o ABSOLUTE
    _printf_widthprec                        0x00000000   Number         0  printf_stubs.o ABSOLUTE
    __ARM_exceptions_init                     - Undefined Weak Reference
    __alloca_initialize                       - Undefined Weak Reference
    __arm_preinit_                            - Undefined Weak Reference
    __cpp_initialize__aeabi_                  - Undefined Weak Reference
    __cxa_finalize                            - Undefined Weak Reference
    __sigvec_lookup                           - Undefined Weak Reference
    _atexit_init                              - Undefined Weak Reference
    _call_atexit_fns                          - Undefined Weak Reference
    _clock_init                               - Undefined Weak Reference
    _fp_trap_init                             - Undefined Weak Reference
    _fp_trap_shutdown                         - Undefined Weak Reference
    _get_lc_collate                           - Undefined Weak Reference
    _get_lc_ctype                             - Undefined Weak Reference
    _get_lc_monetary                          - Undefined Weak Reference
    _get_lc_time                              - Undefined Weak Reference
    _getenv_init                              - Undefined Weak Reference
    _handle_redirection                       - Undefined Weak Reference
    _init_alloc                               - Undefined Weak Reference
    _init_user_alloc                          - Undefined Weak Reference
    _initio                                   - Undefined Weak Reference
    _printf_truncate_signed                   - Undefined Weak Reference
    _printf_truncate_unsigned                 - Undefined Weak Reference
    _rand_init                                - Undefined Weak Reference
    _signal_finish                            - Undefined Weak Reference
    _signal_init                              - Undefined Weak Reference
    _terminate_alloc                          - Undefined Weak Reference
    _terminate_user_alloc                     - Undefined Weak Reference
    _terminateio                              - Undefined Weak Reference
    __main                                   0x000000cd   Thumb Code     8  __main.o(!!!main)
    __scatterload                            0x000000d5   Thumb Code     0  __scatter.o(!!!scatter)
    __scatterload_rt2                        0x000000d5   Thumb Code    44  __scatter.o(!!!scatter)
    __scatterload_rt2_thumb_only             0x000000d5   Thumb Code     0  __scatter.o(!!!scatter)
    __scatterload_null                       0x000000e3   Thumb Code     0  __scatter.o(!!!scatter)
    __scatterload_copy                       0x00000109   Thumb Code    26  __scatter_copy.o(!!handler_copy)
    __scatterload_zeroinit                   0x00000125   Thumb Code    28  __scatter_zi.o(!!handler_zi)
    _printf_f                                0x00000141   Thumb Code     0  _printf_f.o(.ARM.Collect$$_printf_percent$$00000003)
    _printf_percent                          0x00000141   Thumb Code     0  _printf_percent.o(.ARM.Collect$$_printf_percent$$00000000)
    _printf_d                                0x00000147   Thumb Code     0  _printf_d.o(.ARM.Collect$$_printf_percent$$00000009)
    _printf_percent_end                      0x0000014d   Thumb Code     0  _printf_percent_end.o(.ARM.Collect$$_printf_percent$$00000017)
    __rt_lib_init                            0x00000151   Thumb Code     0  libinit.o(.ARM.Collect$$libinit$$00000000)
    __rt_lib_init_fp_1                       0x00000153   Thumb Code     0  libinit2.o(.ARM.Collect$$libinit$$00000002)
    __rt_lib_init_heap_1                     0x00000153   Thumb Code     0  libinit2.o(.ARM.Collect$$libinit$$0000000A)
    __rt_lib_init_lc_common                  0x00000153   Thumb Code     0  libinit2.o(.ARM.Collect$$libinit$$0000000F)
    __rt_lib_init_preinit_1                  0x00000153   Thumb Code     0  libinit2.o(.ARM.Collect$$libinit$$00000004)
    __rt_lib_init_rand_1                     0x00000153   Thumb Code     0  libinit2.o(.ARM.Collect$$libinit$$0000000E)
    __rt_lib_init_user_alloc_1               0x00000153   Thumb Code     0  libinit2.o(.ARM.Collect$$libinit$$0000000C)
    __rt_lib_init_lc_collate_1               0x00000159   Thumb Code     0  libinit2.o(.ARM.Collect$$libinit$$00000011)
    __rt_lib_init_lc_ctype_1                 0x00000159   Thumb Code     0  libinit2.o(.ARM.Collect$$libinit$$00000013)
    __rt_lib_init_lc_monetary_1              0x00000159   Thumb Code     0  libinit2.o(.ARM.Collect$$libinit$$00000015)
    __rt_lib_init_lc_numeric_2               0x00000159   Thumb Code     0  libinit2.o(.ARM.Collect$$libinit$$00000016)
    __rt_lib_init_alloca_1                   0x00000163   Thumb Code     0  libinit2.o(.ARM.Collect$$libinit$$0000002E)
    __rt_lib_init_argv_1                     0x00000163   Thumb Code     0  libinit2.o(.ARM.Collect$$libinit$$0000002C)
    __rt_lib_init_atexit_1                   0x00000163   Thumb Code     0  libinit2.o(.ARM.Collect$$libinit$$0000001B)
    __rt_lib_init_clock_1                    0x00000163   Thumb Code     0  libinit2.o(.ARM.Collect$$libinit$$00000021)
    __rt_lib_init_cpp_1                      0x00000163   Thumb Code     0  libinit2.o(.ARM.Collect$$libinit$$00000032)
    __rt_lib_init_exceptions_1               0x00000163   Thumb Code     0  libinit2.o(.ARM.Collect$$libinit$$00000030)
    __rt_lib_init_fp_trap_1                  0x00000163   Thumb Code     0  libinit2.o(.ARM.Collect$$libinit$$0000001F)
    __rt_lib_init_getenv_1                   0x00000163   Thumb Code     0  libinit2.o(.ARM.Collect$$libinit$$00000023)
    __rt_lib_init_lc_numeric_1               0x00000163   Thumb Code     0  libinit2.o(.ARM.Collect$$libinit$$00000017)
    __rt_lib_init_lc_time_1                  0x00000163   Thumb Code     0  libinit2.o(.ARM.Collect$$libinit$$00000019)
    __rt_lib_init_return                     0x00000163   Thumb Code     0  libinit2.o(.ARM.Collect$$libinit$$00000033)
    __rt_lib_init_signal_1                   0x00000163   Thumb Code     0  libinit2.o(.ARM.Collect$$libinit$$0000001D)
    __rt_lib_init_stdio_1                    0x00000163   Thumb Code     0  libinit2.o(.ARM.Collect$$libinit$$00000025)
    __rt_lib_shutdown                        0x00000165   Thumb Code     0  libshutdown.o(.ARM.Collect$$libshutdown$$00000000)
    __rt_lib_shutdown_cpp_1                  0x00000167   Thumb Code     0  libshutdown2.o(.ARM.Collect$$libshutdown$$00000002)
    __rt_lib_shutdown_fp_trap_1              0x00000167   Thumb Code     0  libshutdown2.o(.ARM.Collect$$libshutdown$$00000007)
    __rt_lib_shutdown_heap_1                 0x00000167   Thumb Code     0  libshutdown2.o(.ARM.Collect$$libshutdown$$0000000F)
    __rt_lib_shutdown_return                 0x00000167   Thumb Code     0  libshutdown2.o(.ARM.Collect$$libshutdown$$00000010)
    __rt_lib_shutdown_signal_1               0x00000167   Thumb Code     0  libshutdown2.o(.ARM.Collect$$libshutdown$$0000000A)
    __rt_lib_shutdown_stdio_1                0x00000167   Thumb Code     0  libshutdown2.o(.ARM.Collect$$libshutdown$$00000004)
    __rt_lib_shutdown_user_alloc_1           0x00000167   Thumb Code     0  libshutdown2.o(.ARM.Collect$$libshutdown$$0000000C)
    __rt_entry                               0x00000169   Thumb Code     0  __rtentry.o(.ARM.Collect$$rtentry$$00000000)
    __rt_entry_presh_1                       0x00000169   Thumb Code     0  __rtentry2.o(.ARM.Collect$$rtentry$$00000002)
    __rt_entry_sh                            0x00000169   Thumb Code     0  __rtentry4.o(.ARM.Collect$$rtentry$$00000004)
    __rt_entry_li                            0x0000016f   Thumb Code     0  __rtentry2.o(.ARM.Collect$$rtentry$$0000000A)
    __rt_entry_postsh_1                      0x0000016f   Thumb Code     0  __rtentry2.o(.ARM.Collect$$rtentry$$00000009)
    __rt_entry_main                          0x00000173   Thumb Code     0  __rtentry2.o(.ARM.Collect$$rtentry$$0000000D)
    __rt_entry_postli_1                      0x00000173   Thumb Code     0  __rtentry2.o(.ARM.Collect$$rtentry$$0000000C)
    __rt_exit                                0x0000017b   Thumb Code     0  rtexit.o(.ARM.Collect$$rtexit$$00000000)
    __rt_exit_ls                             0x0000017d   Thumb Code     0  rtexit2.o(.ARM.Collect$$rtexit$$00000003)
    __rt_exit_prels_1                        0x0000017d   Thumb Code     0  rtexit2.o(.ARM.Collect$$rtexit$$00000002)
    __rt_exit_exit                           0x00000181   Thumb Code     0  rtexit2.o(.ARM.Collect$$rtexit$$00000004)
    Reset_Handler                            0x00000189   Thumb Code     8  startup_lpc17xx.o(.text)
    NMI_Handler                              0x00000191   Thumb Code     2  startup_lpc17xx.o(.text)
    HardFault_Handler                        0x00000193   Thumb Code     2  startup_lpc17xx.o(.text)
    MemManage_Handler                        0x00000195   Thumb Code     2  startup_lpc17xx.o(.text)
    BusFault_Handler                         0x00000197   Thumb Code     2  startup_lpc17xx.o(.text)
    UsageFault_Handler                       0x00000199   Thumb Code     2  startup_lpc17xx.o(.text)
    SVC_Handler                              0x0000019b   Thumb Code     2  startup_lpc17xx.o(.text)
    DebugMon_Handler                         0x0000019d   Thumb Code     2  startup_lpc17xx.o(.text)
    PendSV_Handler                           0x0000019f   Thumb Code     2  startup_lpc17xx.o(.text)
    BOD_IRQHandler                           0x000001a3   Thumb Code     0  startup_lpc17xx.o(.text)
    CANActivity_IRQHandler                   0x000001a3   Thumb Code     0  startup_lpc17xx.o(.text)
    CAN_IRQHandler                           0x000001a3   Thumb Code     0  startup_lpc17xx.o(.text)
    DMA_IRQHandler                           0x000001a3   Thumb Code     0  startup_lpc17xx.o(.text)
    EINT0_IRQHandler                         0x000001a3   Thumb Code     0  startup_lpc17xx.o(.text)
    EINT3_IRQHandler                         0x000001a3   Thumb Code     0  startup_lpc17xx.o(.text)
    ENET_IRQHandler                          0x000001a3   Thumb Code     0  startup_lpc17xx.o(.text)
    I2C0_IRQHandler                          0x000001a3   Thumb Code     0  startup_lpc17xx.o(.text)
    I2C1_IRQHandler                          0x000001a3   Thumb Code     0  startup_lpc17xx.o(.text)
    I2C2_IRQHandler                          0x000001a3   Thumb Code     0  startup_lpc17xx.o(.text)
    I2S_IRQHandler                           0x000001a3   Thumb Code     0  startup_lpc17xx.o(.text)
    MCPWM_IRQHandler                         0x000001a3   Thumb Code     0  startup_lpc17xx.o(.text)
    PLL0_IRQHandler                          0x000001a3   Thumb Code     0  startup_lpc17xx.o(.text)
    PLL1_IRQHandler                          0x000001a3   Thumb Code     0  startup_lpc17xx.o(.text)
    PWM1_IRQHandler                          0x000001a3   Thumb Code     0  startup_lpc17xx.o(.text)
    QEI_IRQHandler                           0x000001a3   Thumb Code     0  startup_lpc17xx.o(.text)
    RIT_IRQHandler                           0x000001a3   Thumb Code     0  startup_lpc17xx.o(.text)
    RTC_IRQHandler                           0x000001a3   Thumb Code     0  startup_lpc17xx.o(.text)
    SPI_IRQHandler                           0x000001a3   Thumb Code     0  startup_lpc17xx.o(.text)
    SSP0_IRQHandler                          0x000001a3   Thumb Code     0  startup_lpc17xx.o(.text)
    SSP1_IRQHandler                          0x000001a3   Thumb Code     0  startup_lpc17xx.o(.text)
    TIMER3_IRQHandler                        0x000001a3   Thumb Code     0  startup_lpc17xx.o(.text)
    UART0_IRQHandler                         0x000001a3   Thumb Code     0  startup_lpc17xx.o(.text)
    UART1_IRQHandler                         0x000001a3   Thumb Code     0  startup_lpc17xx.o(.text)
    UART2_IRQHandler                         0x000001a3   Thumb Code     0  startup_lpc17xx.o(.text)
    UART3_IRQHandler                         0x000001a3   Thumb Code     0  startup_lpc17xx.o(.text)
    USBActivity_IRQHandler                   0x000001a3   Thumb Code     0  startup_lpc17xx.o(.text)
    USB_IRQHandler                           0x000001a3   Thumb Code     0  startup_lpc17xx.o(.text)
    WDT_IRQHandler                           0x000001a3   Thumb Code     0  startup_lpc17xx.o(.text)
    __user_initial_stackheap                 0x000001a5   Thumb Code     0  startup_lpc17xx.o(.text)
    GetASCIICode                             0x000001c9   Thumb Code    26  asciilib.o(.text)
    __aeabi_uldivmod                         0x000001e9   Thumb Code     0  lludivv7m.o(.text)
    _ll_udiv                                 0x000001e9   Thumb Code   238  lludivv7m.o(.text)
    __use_two_region_memory                  0x000002d7   Thumb Code     2  heapauxi.o(.text)
    __rt_heap_escrow$2region                 0x000002d9   Thumb Code     2  heapauxi.o(.text)
    __rt_heap_expand$2region                 0x000002db   Thumb Code     2  heapauxi.o(.text)
    __read_errno                             0x000002dd   Thumb Code    10  _rserrno.o(.text)
    __set_errno                              0x000002e7   Thumb Code    12  _rserrno.o(.text)
    _sputc                                   0x000002f3   Thumb Code    10  _sputc.o(.text)
    SystemCoreClockUpdate                    0x00000301   Thumb Code   408  system_lpc17xx.o(.text)
    SystemInit                               0x00000499   Thumb Code   310  system_lpc17xx.o(.text)
    LCD_Initializtion                        0x0000070f   Thumb Code  1260  glcd.o(.text)
    LCD_Clear                                0x00000bfb   Thumb Code  2746  glcd.o(.text)
    LCD_SetPoint                             0x000016b5   Thumb Code  1302  glcd.o(.text)
    LCD_DrawLine                             0x00001bcb   Thumb Code   250  glcd.o(.text)
    PutChar                                  0x00001cc5   Thumb Code   100  glcd.o(.text)
    GUI_Text                                 0x00001d29   Thumb Code    80  glcd.o(.text)
    TP_Init                                  0x00001d7d   Thumb Code    78  touchpanel.o(.text)
    Read_X                                   0x00001e3d   Thumb Code    42  touchpanel.o(.text)
    Read_Y                                   0x00001e67   Thumb Code    42  touchpanel.o(.text)
    TP_GetAdXY                               0x00001e91   Thumb Code    34  touchpanel.o(.text)
    TP_DrawPoint                             0x00001eb3   Thumb Code    64  touchpanel.o(.text)
    DrawCross                                0x00001ef3   Thumb Code   356  touchpanel.o(.text)
    Read_Ads7846                             0x00002057   Thumb Code   518  touchpanel.o(.text)
    setCalibrationMatrix                     0x0000225d   Thumb Code   356  touchpanel.o(.text)
    getDisplayPoint                          0x000023c1   Thumb Code   238  touchpanel.o(.text)
    TouchPanel_Calibrate                     0x000024af   Thumb Code   108  touchpanel.o(.text)
    config_GPIO                              0x00002571   Thumb Code    34  tp_simple.o(.text)
    delay_ms                                 0x00002593   Thumb Code    18  tp_simple.o(.text)
    Captura_CAP2_0                           0x000025a5   Thumb Code    48  tp_simple.o(.text)
    borrar_registros                         0x000025d5   Thumb Code    28  tp_simple.o(.text)
    init_ADC                                 0x000025f1   Thumb Code   196  tp_simple.o(.text)
    TIMER2_IRQHandler                        0x000026b5   Thumb Code   110  tp_simple.o(.text)
    configPWM                                0x00002723   Thumb Code    66  tp_simple.o(.text)
    setBrillo                                0x00002765   Thumb Code    28  tp_simple.o(.text)
    init_TIMER0                              0x00002781   Thumb Code   126  tp_simple.o(.text)
    ADC_IRQHandler                           0x000027ff   Thumb Code   208  tp_simple.o(.text)
    TIMER0_IRQHandler                        0x000028cf   Thumb Code    44  tp_simple.o(.text)
    TIMER1_IRQHandler                        0x000028fb   Thumb Code   276  tp_simple.o(.text)
    init_TIMER1                              0x00002a0f   Thumb Code    46  tp_simple.o(.text)
    init_DAC                                 0x00002a3d   Thumb Code    30  tp_simple.o(.text)
    init_Externas                            0x00002a5b   Thumb Code    80  tp_simple.o(.text)
    EINT1_IRQHandler                         0x00002aab   Thumb Code    30  tp_simple.o(.text)
    EINT2_IRQHandler                         0x00002ac9   Thumb Code    50  tp_simple.o(.text)
    squareButton                             0x00002afb   Thumb Code   226  tp_simple.o(.text)
    drawMinus                                0x00002bdd   Thumb Code   244  tp_simple.o(.text)
    drawAdd                                  0x00002cd1   Thumb Code   296  tp_simple.o(.text)
    zonePressed                              0x00002df9   Thumb Code    72  tp_simple.o(.text)
    zoneNewPressed                           0x00002e41   Thumb Code    80  tp_simple.o(.text)
    checkTouchPanel                          0x00002e91   Thumb Code    54  tp_simple.o(.text)
    modificar_estado                         0x00002ec7   Thumb Code   176  tp_simple.o(.text)
    back                                     0x00002f77   Thumb Code    32  tp_simple.o(.text)
    screenMain                               0x00002f97   Thumb Code   100  tp_simple.o(.text)
    screenAnguloMotor                        0x00002ffb   Thumb Code   276  tp_simple.o(.text)
    screenUmbralTemp                         0x0000310f   Thumb Code   554  tp_simple.o(.text)
    screenUmbralDist                         0x00003339   Thumb Code   354  tp_simple.o(.text)
    screenBrilloTFT                          0x0000349b   Thumb Code   308  tp_simple.o(.text)
    conocer_estado                           0x000035cf   Thumb Code    54  tp_simple.o(.text)
    leerPIN                                  0x00003605   Thumb Code    26  tp_simple.o(.text)
    pulso                                    0x0000361f   Thumb Code    14  tp_simple.o(.text)
    mover_motor                              0x0000362d   Thumb Code   116  tp_simple.o(.text)
    SysTick_Handler                          0x000036a1   Thumb Code    30  tp_simple.o(.text)
    main                                     0x000036bf   Thumb Code   478  tp_simple.o(.text)
    __2sprintf                               0x000038d9   Thumb Code    34  noretval__2sprintf.o(.text)
    _printf_pre_padding                      0x00003901   Thumb Code    44  _printf_pad.o(.text)
    _printf_post_padding                     0x0000392d   Thumb Code    34  _printf_pad.o(.text)
    _printf_int_dec                          0x00003951   Thumb Code   104  _printf_dec.o(.text)
    __printf                                 0x000039c9   Thumb Code   270  __printf_wp.o(.text)
    strlen                                   0x00003ad7   Thumb Code    62  strlen.o(.text)
    __aeabi_memcpy                           0x00003b15   Thumb Code     0  rt_memcpy_v6.o(.text)
    __rt_memcpy                              0x00003b15   Thumb Code   138  rt_memcpy_v6.o(.text)
    _memcpy_lastbytes                        0x00003b7b   Thumb Code     0  rt_memcpy_v6.o(.text)
    __aeabi_memclr4                          0x00003b9f   Thumb Code     0  rt_memclr_w.o(.text)
    __aeabi_memclr8                          0x00003b9f   Thumb Code     0  rt_memclr_w.o(.text)
    __rt_memclr_w                            0x00003b9f   Thumb Code    78  rt_memclr_w.o(.text)
    _memset_w                                0x00003ba3   Thumb Code     0  rt_memclr_w.o(.text)
    _printf_int_common                       0x00003bed   Thumb Code   178  _printf_intcommon.o(.text)
    __lib_sel_fp_printf                      0x00003c9f   Thumb Code     2  _printf_fp_dec.o(.text)
    _printf_fp_dec_real                      0x00003e51   Thumb Code   620  _printf_fp_dec.o(.text)
    _printf_char_common                      0x000040c7   Thumb Code    32  _printf_char_common.o(.text)
    __aeabi_memcpy4                          0x000040ed   Thumb Code     0  rt_memcpy_w.o(.text)
    __aeabi_memcpy8                          0x000040ed   Thumb Code     0  rt_memcpy_w.o(.text)
    __rt_memcpy_w                            0x000040ed   Thumb Code   100  rt_memcpy_w.o(.text)
    _memcpy_lastbytes_aligned                0x00004135   Thumb Code     0  rt_memcpy_w.o(.text)
    __rt_locale                              0x00004151   Thumb Code     8  rt_locale_intlibspace.o(.text)
    __aeabi_errno_addr                       0x00004159   Thumb Code     8  rt_errno_addr_intlibspace.o(.text)
    __errno$intlibspace                      0x00004159   Thumb Code     0  rt_errno_addr_intlibspace.o(.text)
    __rt_errno_addr$intlibspace              0x00004159   Thumb Code     0  rt_errno_addr_intlibspace.o(.text)
    _ll_udiv10                               0x00004161   Thumb Code   138  lludiv10.o(.text)
    _printf_fp_infnan                        0x000041ed   Thumb Code   112  _printf_fp_infnan.o(.text)
    _btod_etento                             0x0000426d   Thumb Code   224  bigflt0.o(.text)
    __user_libspace                          0x00004351   Thumb Code     8  libspace.o(.text)
    __user_perproc_libspace                  0x00004351   Thumb Code     0  libspace.o(.text)
    __user_perthread_libspace                0x00004351   Thumb Code     0  libspace.o(.text)
    __user_setup_stackheap                   0x00004359   Thumb Code    74  sys_stackheap_outer.o(.text)
    exit                                     0x000043a3   Thumb Code    18  exit.o(.text)
    strcmp                                   0x000043b5   Thumb Code   128  strcmpv7m.o(.text)
    _sys_exit                                0x00004435   Thumb Code     8  sys_exit.o(.text)
    __I$use$semihosting                      0x00004441   Thumb Code     0  use_no_semi.o(.text)
    __use_no_semihosting_swi                 0x00004441   Thumb Code     2  use_no_semi.o(.text)
    __semihosting_library_function           0x00004443   Thumb Code     0  indicate_semi.o(.text)
    _btod_d2e                                0x00004443   Thumb Code    62  btod.o(CL$$btod_d2e)
    _d2e_denorm_low                          0x00004481   Thumb Code    70  btod.o(CL$$btod_d2e_denorm_low)
    _d2e_norm_op1                            0x000044c7   Thumb Code    96  btod.o(CL$$btod_d2e_norm_op1)
    __btod_div_common                        0x00004527   Thumb Code   696  btod.o(CL$$btod_div_common)
    _e2e                                     0x0000485f   Thumb Code   220  btod.o(CL$$btod_e2e)
    _btod_ediv                               0x0000493b   Thumb Code    42  btod.o(CL$$btod_ediv)
    _btod_emul                               0x00004965   Thumb Code    42  btod.o(CL$$btod_emul)
    __btod_mult_common                       0x0000498f   Thumb Code   580  btod.o(CL$$btod_mult_common)
    __ARM_fpclassify                         0x00004bd3   Thumb Code    40  fpclassify.o(i.__ARM_fpclassify)
    __ieee754_rem_pio2                       0x00004bfd   Thumb Code   828  rred.o(i.__ieee754_rem_pio2)
    __kernel_cos                             0x00004f85   Thumb Code   230  cos_i.o(i.__kernel_cos)
    __kernel_poly                            0x00005081   Thumb Code   170  poly.o(i.__kernel_poly)
    __kernel_sin                             0x0000512d   Thumb Code   224  sin_i.o(i.__kernel_sin)
    __mathlib_dbl_infnan                     0x00005219   Thumb Code     6  dunder.o(i.__mathlib_dbl_infnan)
    __mathlib_dbl_invalid                    0x0000521f   Thumb Code    12  dunder.o(i.__mathlib_dbl_invalid)
    __mathlib_dbl_underflow                  0x0000522d   Thumb Code    10  dunder.o(i.__mathlib_dbl_underflow)
    _is_digit                                0x0000523d   Thumb Code    14  __printf_wp.o(i._is_digit)
    sin                                      0x0000524d   Thumb Code   150  sin.o(i.sin)
    _get_lc_numeric                          0x000052ed   Thumb Code    44  lc_numeric_c.o(locale$$code)
    __aeabi_d2f                              0x00005319   Thumb Code     0  d2f.o(x$fpl$d2f)
    _d2f                                     0x00005319   Thumb Code    98  d2f.o(x$fpl$d2f)
    __aeabi_dadd                             0x0000537d   Thumb Code     0  daddsub_clz.o(x$fpl$dadd)
    _dadd                                    0x0000537d   Thumb Code   332  daddsub_clz.o(x$fpl$dadd)
    __fpl_dcheck_NaN1                        0x000054cd   Thumb Code    10  dcheck1.o(x$fpl$dcheck1)
    __fpl_dcmp_Inf                           0x000054dd   Thumb Code    24  dcmpi.o(x$fpl$dcmpinf)
    __aeabi_ddiv                             0x000054f5   Thumb Code     0  ddiv.o(x$fpl$ddiv)
    _ddiv                                    0x000054f5   Thumb Code   552  ddiv.o(x$fpl$ddiv)
    __aeabi_cdcmpeq                          0x000057a5   Thumb Code     0  deqf.o(x$fpl$deqf)
    _dcmpeq                                  0x000057a5   Thumb Code   120  deqf.o(x$fpl$deqf)
    __aeabi_d2iz                             0x0000581d   Thumb Code     0  dfix.o(x$fpl$dfix)
    _dfix                                    0x0000581d   Thumb Code    94  dfix.o(x$fpl$dfix)
    __aeabi_d2uiz                            0x0000587d   Thumb Code     0  dfixu.o(x$fpl$dfixu)
    _dfixu                                   0x0000587d   Thumb Code    90  dfixu.o(x$fpl$dfixu)
    __aeabi_i2d                              0x000058d7   Thumb Code     0  dflt_clz.o(x$fpl$dflt)
    _dflt                                    0x000058d7   Thumb Code    46  dflt_clz.o(x$fpl$dflt)
    __aeabi_ui2d                             0x00005905   Thumb Code     0  dflt_clz.o(x$fpl$dfltu)
    _dfltu                                   0x00005905   Thumb Code    38  dflt_clz.o(x$fpl$dfltu)
    __aeabi_dmul                             0x0000592d   Thumb Code     0  dmul.o(x$fpl$dmul)
    _dmul                                    0x0000592d   Thumb Code   332  dmul.o(x$fpl$dmul)
    __fpl_dnaninf                            0x00005a81   Thumb Code   156  dnaninf.o(x$fpl$dnaninf)
    __fpl_dretinf                            0x00005b1d   Thumb Code    12  dretinf.o(x$fpl$dretinf)
    __aeabi_drsub                            0x00005b29   Thumb Code     0  daddsub_clz.o(x$fpl$drsb)
    _drsb                                    0x00005b29   Thumb Code    22  daddsub_clz.o(x$fpl$drsb)
    __aeabi_dsub                             0x00005b41   Thumb Code     0  daddsub_clz.o(x$fpl$dsub)
    _dsub                                    0x00005b41   Thumb Code   464  daddsub_clz.o(x$fpl$dsub)
    __aeabi_f2d                              0x00005d15   Thumb Code     0  f2d.o(x$fpl$f2d)
    _f2d                                     0x00005d15   Thumb Code    86  f2d.o(x$fpl$f2d)
    __fpl_fcmp_Inf                           0x00005d6b   Thumb Code    24  fcmpi.o(x$fpl$fcmpinf)
    __aeabi_cfcmple                          0x00005d85   Thumb Code     0  fleqf.o(x$fpl$fleqf)
    _fcmple                                  0x00005d85   Thumb Code   104  fleqf.o(x$fpl$fleqf)
    __fpl_fcmple_InfNaN                      0x00005dd7   Thumb Code     0  fleqf.o(x$fpl$fleqf)
    __fpl_fnaninf                            0x00005ded   Thumb Code   140  fnaninf.o(x$fpl$fnaninf)
    __fpl_fretinf                            0x00005e79   Thumb Code    10  fretinf.o(x$fpl$fretinf)
    __aeabi_cfrcmple                         0x00005e83   Thumb Code     0  frleqf.o(x$fpl$frleqf)
    _frcmple                                 0x00005e83   Thumb Code    98  frleqf.o(x$fpl$frleqf)
    _printf_fp_dec                           0x00005ee5   Thumb Code     4  printf1.o(x$fpl$printf1)
    __fpl_return_NaN                         0x00005ee9   Thumb Code   100  retnan.o(x$fpl$retnan)
    __ARM_scalbn                             0x00005f4d   Thumb Code    92  scalbn.o(x$fpl$scalbn)
    __fpl_cmpreturn                          0x00005fa9   Thumb Code    48  trapv.o(x$fpl$trapveneer)
    __I$use$fp                               0x00005fd8   Number         0  usenofp.o(x$fpl$usenofp)
    Region$$Table$$Base                      0x0000677c   Number         0  anon$$obj.o(Region$$Table)
    Region$$Table$$Limit                     0x0000679c   Number         0  anon$$obj.o(Region$$Table)
    SystemCoreClock                          0x10000000   Data           4  system_lpc17xx.o(.data)
    matrix                                   0x10000008   Data          56  touchpanel.o(.data)
    display                                  0x10000040   Data           4  touchpanel.o(.data)
    DisplaySample                            0x10000044   Data          12  touchpanel.o(.data)
    zone_1                                   0x10000054   Data          10  tp_simple.o(.data)
    zone_2                                   0x1000005e   Data          10  tp_simple.o(.data)
    zone_3                                   0x10000068   Data          10  tp_simple.o(.data)
    zone_4                                   0x10000072   Data          10  tp_simple.o(.data)
    zone_5                                   0x1000007c   Data          10  tp_simple.o(.data)
    zone_6                                   0x10000086   Data          10  tp_simple.o(.data)
    zone_7                                   0x10000090   Data          10  tp_simple.o(.data)
    zone_8                                   0x1000009a   Data          10  tp_simple.o(.data)
    zone_9                                   0x100000a4   Data          10  tp_simple.o(.data)
    zone_10                                  0x100000ae   Data          10  tp_simple.o(.data)
    zone_11                                  0x100000b8   Data          10  tp_simple.o(.data)
    zone_12                                  0x100000c2   Data          10  tp_simple.o(.data)
    pressedTouchPanel                        0x100000cc   Data           1  tp_simple.o(.data)
    anguloMotor                              0x100000d0   Data           4  tp_simple.o(.data)
    umbralT                                  0x100000d4   Data           4  tp_simple.o(.data)
    contadorT                                0x100000d8   Data           4  tp_simple.o(.data)
    umbralD                                  0x100000dc   Data           4  tp_simple.o(.data)
    brillo                                   0x100000e0   Data           4  tp_simple.o(.data)
    brilloPOT                                0x100000e4   Data           4  tp_simple.o(.data)
    estado                                   0x100000e8   Data           1  tp_simple.o(.data)
    i                                        0x100000e9   Data           1  tp_simple.o(.data)
    canalB                                   0x100000ec   Data           4  tp_simple.o(.data)
    NumPulsos                                0x100000f0   Data           1  tp_simple.o(.data)
    SW                                       0x100000f2   Data           2  tp_simple.o(.data)
    sentido                                  0x100000f4   Data           1  tp_simple.o(.data)
    contador                                 0x100000f8   Data           4  tp_simple.o(.data)
    pasos                                    0x100000fc   Data           4  tp_simple.o(.data)
    canal_0                                  0x10000100   Data           4  tp_simple.o(.data)
    canal_1                                  0x10000104   Data           4  tp_simple.o(.data)
    canal_4                                  0x10000108   Data           4  tp_simple.o(.data)
    fin_grabacion                            0x10000110   Data           4  tp_simple.o(.data)
    modo                                     0x10000114   Data           4  tp_simple.o(.data)
    modo_grabacion                           0x10000118   Data           4  tp_simple.o(.data)
    stop                                     0x1000011c   Data           4  tp_simple.o(.data)
    secuencia                                0x10000120   Data           8  tp_simple.o(.data)
    ScreenSample                             0x10000128   Data          12  touchpanel.o(.bss)
    muestras_voz                             0x10000134   Data       16005  tp_simple.o(.bss)
    muestras_seno                            0x10003fba   Data          64  tp_simple.o(.bss)
    texto                                    0x10003ffa   Data          25  tp_simple.o(.bss)
    __libspace_start                         0x10004014   Data          96  libspace.o(.bss)
    __temporary_stack_top$libspace           0x10004074   Data           0  libspace.o(.bss)



==============================================================================

Memory Map of the image

  Image Entry point : 0x000000cd

  Load Region LR_IROM1 (Base: 0x00000000, Size: 0x000068e0, Max: 0x00080000, ABSOLUTE)

    Execution Region ER_IROM1 (Exec base: 0x00000000, Load base: 0x00000000, Size: 0x000067b8, Max: 0x00080000, ABSOLUTE)

    Exec Addr    Load Addr    Size         Type   Attr      Idx    E Section Name        Object

    0x00000000   0x00000000   0x000000cc   Data   RO           14    RESET               startup_lpc17xx.o
    0x000000cc   0x000000cc   0x00000008   Code   RO          220  * !!!main             c_w.l(__main.o)
    0x000000d4   0x000000d4   0x00000034   Code   RO          547    !!!scatter          c_w.l(__scatter.o)
    0x00000108   0x00000108   0x0000001a   Code   RO          549    !!handler_copy      c_w.l(__scatter_copy.o)
    0x00000122   0x00000122   0x00000002   PAD
    0x00000124   0x00000124   0x0000001c   Code   RO          551    !!handler_zi        c_w.l(__scatter_zi.o)
    0x00000140   0x00000140   0x00000000   Code   RO          211    .ARM.Collect$$_printf_percent$$00000000  c_w.l(_printf_percent.o)
    0x00000140   0x00000140   0x00000006   Code   RO          210    .ARM.Collect$$_printf_percent$$00000003  c_w.l(_printf_f.o)
    0x00000146   0x00000146   0x00000006   Code   RO          209    .ARM.Collect$$_printf_percent$$00000009  c_w.l(_printf_d.o)
    0x0000014c   0x0000014c   0x00000004   Code   RO          277    .ARM.Collect$$_printf_percent$$00000017  c_w.l(_printf_percent_end.o)
    0x00000150   0x00000150   0x00000002   Code   RO          414    .ARM.Collect$$libinit$$00000000  c_w.l(libinit.o)
    0x00000152   0x00000152   0x00000000   Code   RO          416    .ARM.Collect$$libinit$$00000002  c_w.l(libinit2.o)
    0x00000152   0x00000152   0x00000000   Code   RO          418    .ARM.Collect$$libinit$$00000004  c_w.l(libinit2.o)
    0x00000152   0x00000152   0x00000000   Code   RO          421    .ARM.Collect$$libinit$$0000000A  c_w.l(libinit2.o)
    0x00000152   0x00000152   0x00000000   Code   RO          423    .ARM.Collect$$libinit$$0000000C  c_w.l(libinit2.o)
    0x00000152   0x00000152   0x00000000   Code   RO          425    .ARM.Collect$$libinit$$0000000E  c_w.l(libinit2.o)
    0x00000152   0x00000152   0x00000006   Code   RO          426    .ARM.Collect$$libinit$$0000000F  c_w.l(libinit2.o)
    0x00000158   0x00000158   0x00000000   Code   RO          428    .ARM.Collect$$libinit$$00000011  c_w.l(libinit2.o)
    0x00000158   0x00000158   0x00000000   Code   RO          430    .ARM.Collect$$libinit$$00000013  c_w.l(libinit2.o)
    0x00000158   0x00000158   0x00000000   Code   RO          432    .ARM.Collect$$libinit$$00000015  c_w.l(libinit2.o)
    0x00000158   0x00000158   0x0000000a   Code   RO          433    .ARM.Collect$$libinit$$00000016  c_w.l(libinit2.o)
    0x00000162   0x00000162   0x00000000   Code   RO          434    .ARM.Collect$$libinit$$00000017  c_w.l(libinit2.o)
    0x00000162   0x00000162   0x00000000   Code   RO          436    .ARM.Collect$$libinit$$00000019  c_w.l(libinit2.o)
    0x00000162   0x00000162   0x00000000   Code   RO          438    .ARM.Collect$$libinit$$0000001B  c_w.l(libinit2.o)
    0x00000162   0x00000162   0x00000000   Code   RO          440    .ARM.Collect$$libinit$$0000001D  c_w.l(libinit2.o)
    0x00000162   0x00000162   0x00000000   Code   RO          442    .ARM.Collect$$libinit$$0000001F  c_w.l(libinit2.o)
    0x00000162   0x00000162   0x00000000   Code   RO          444    .ARM.Collect$$libinit$$00000021  c_w.l(libinit2.o)
    0x00000162   0x00000162   0x00000000   Code   RO          446    .ARM.Collect$$libinit$$00000023  c_w.l(libinit2.o)
    0x00000162   0x00000162   0x00000000   Code   RO          448    .ARM.Collect$$libinit$$00000025  c_w.l(libinit2.o)
    0x00000162   0x00000162   0x00000000   Code   RO          452    .ARM.Collect$$libinit$$0000002C  c_w.l(libinit2.o)
    0x00000162   0x00000162   0x00000000   Code   RO          454    .ARM.Collect$$libinit$$0000002E  c_w.l(libinit2.o)
    0x00000162   0x00000162   0x00000000   Code   RO          456    .ARM.Collect$$libinit$$00000030  c_w.l(libinit2.o)
    0x00000162   0x00000162   0x00000000   Code   RO          458    .ARM.Collect$$libinit$$00000032  c_w.l(libinit2.o)
    0x00000162   0x00000162   0x00000002   Code   RO          459    .ARM.Collect$$libinit$$00000033  c_w.l(libinit2.o)
    0x00000164   0x00000164   0x00000002   Code   RO          512    .ARM.Collect$$libshutdown$$00000000  c_w.l(libshutdown.o)
    0x00000166   0x00000166   0x00000000   Code   RO          530    .ARM.Collect$$libshutdown$$00000002  c_w.l(libshutdown2.o)
    0x00000166   0x00000166   0x00000000   Code   RO          532    .ARM.Collect$$libshutdown$$00000004  c_w.l(libshutdown2.o)
    0x00000166   0x00000166   0x00000000   Code   RO          535    .ARM.Collect$$libshutdown$$00000007  c_w.l(libshutdown2.o)
    0x00000166   0x00000166   0x00000000   Code   RO          538    .ARM.Collect$$libshutdown$$0000000A  c_w.l(libshutdown2.o)
    0x00000166   0x00000166   0x00000000   Code   RO          540    .ARM.Collect$$libshutdown$$0000000C  c_w.l(libshutdown2.o)
    0x00000166   0x00000166   0x00000000   Code   RO          543    .ARM.Collect$$libshutdown$$0000000F  c_w.l(libshutdown2.o)
    0x00000166   0x00000166   0x00000002   Code   RO          544    .ARM.Collect$$libshutdown$$00000010  c_w.l(libshutdown2.o)
    0x00000168   0x00000168   0x00000000   Code   RO          262    .ARM.Collect$$rtentry$$00000000  c_w.l(__rtentry.o)
    0x00000168   0x00000168   0x00000000   Code   RO          322    .ARM.Collect$$rtentry$$00000002  c_w.l(__rtentry2.o)
    0x00000168   0x00000168   0x00000006   Code   RO          334    .ARM.Collect$$rtentry$$00000004  c_w.l(__rtentry4.o)
    0x0000016e   0x0000016e   0x00000000   Code   RO          324    .ARM.Collect$$rtentry$$00000009  c_w.l(__rtentry2.o)
    0x0000016e   0x0000016e   0x00000004   Code   RO          325    .ARM.Collect$$rtentry$$0000000A  c_w.l(__rtentry2.o)
    0x00000172   0x00000172   0x00000000   Code   RO          327    .ARM.Collect$$rtentry$$0000000C  c_w.l(__rtentry2.o)
    0x00000172   0x00000172   0x00000008   Code   RO          328    .ARM.Collect$$rtentry$$0000000D  c_w.l(__rtentry2.o)
    0x0000017a   0x0000017a   0x00000002   Code   RO          462    .ARM.Collect$$rtexit$$00000000  c_w.l(rtexit.o)
    0x0000017c   0x0000017c   0x00000000   Code   RO          479    .ARM.Collect$$rtexit$$00000002  c_w.l(rtexit2.o)
    0x0000017c   0x0000017c   0x00000004   Code   RO          480    .ARM.Collect$$rtexit$$00000003  c_w.l(rtexit2.o)
    0x00000180   0x00000180   0x00000006   Code   RO          481    .ARM.Collect$$rtexit$$00000004  c_w.l(rtexit2.o)
    0x00000186   0x00000186   0x00000002   PAD
    0x00000188   0x00000188   0x00000040   Code   RO           16    .text               startup_lpc17xx.o
    0x000001c8   0x000001c8   0x00000020   Code   RO           58    .text               asciilib.o
    0x000001e8   0x000001e8   0x000000ee   Code   RO          177    .text               c_w.l(lludivv7m.o)
    0x000002d6   0x000002d6   0x00000006   Code   RO          218    .text               c_w.l(heapauxi.o)
    0x000002dc   0x000002dc   0x00000016   Code   RO          267    .text               c_w.l(_rserrno.o)
    0x000002f2   0x000002f2   0x0000000a   Code   RO          275    .text               c_w.l(_sputc.o)
    0x000002fc   0x000002fc   0x00000004   Code   RO           15    .ARM.__at_0x02FC    startup_lpc17xx.o
    0x00000300   0x00000300   0x000002ec   Code   RO           24    .text               system_lpc17xx.o
    0x000005ec   0x000005ec   0x00001790   Code   RO           79    .text               glcd.o
    0x00001d7c   0x00001d7c   0x000007d4   Code   RO          111    .text               touchpanel.o
    0x00002550   0x00002550   0x00001388   Code   RO          134    .text               tp_simple.o
    0x000038d8   0x000038d8   0x00000028   Code   RO          181    .text               c_w.l(noretval__2sprintf.o)
    0x00003900   0x00003900   0x0000004e   Code   RO          185    .text               c_w.l(_printf_pad.o)
    0x0000394e   0x0000394e   0x00000002   PAD
    0x00003950   0x00003950   0x00000078   Code   RO          187    .text               c_w.l(_printf_dec.o)
    0x000039c8   0x000039c8   0x0000010e   Code   RO          197    .text               c_w.l(__printf_wp.o)
    0x00003ad6   0x00003ad6   0x0000003e   Code   RO          212    .text               c_w.l(strlen.o)
    0x00003b14   0x00003b14   0x0000008a   Code   RO          214    .text               c_w.l(rt_memcpy_v6.o)
    0x00003b9e   0x00003b9e   0x0000004e   Code   RO          216    .text               c_w.l(rt_memclr_w.o)
    0x00003bec   0x00003bec   0x000000b2   Code   RO          269    .text               c_w.l(_printf_intcommon.o)
    0x00003c9e   0x00003c9e   0x0000041e   Code   RO          271    .text               c_w.l(_printf_fp_dec.o)
    0x000040bc   0x000040bc   0x00000030   Code   RO          273    .text               c_w.l(_printf_char_common.o)
    0x000040ec   0x000040ec   0x00000064   Code   RO          278    .text               c_w.l(rt_memcpy_w.o)
    0x00004150   0x00004150   0x00000008   Code   RO          341    .text               c_w.l(rt_locale_intlibspace.o)
    0x00004158   0x00004158   0x00000008   Code   RO          346    .text               c_w.l(rt_errno_addr_intlibspace.o)
    0x00004160   0x00004160   0x0000008a   Code   RO          348    .text               c_w.l(lludiv10.o)
    0x000041ea   0x000041ea   0x00000002   PAD
    0x000041ec   0x000041ec   0x00000080   Code   RO          350    .text               c_w.l(_printf_fp_infnan.o)
    0x0000426c   0x0000426c   0x000000e4   Code   RO          354    .text               c_w.l(bigflt0.o)
    0x00004350   0x00004350   0x00000008   Code   RO          396    .text               c_w.l(libspace.o)
    0x00004358   0x00004358   0x0000004a   Code   RO          399    .text               c_w.l(sys_stackheap_outer.o)
    0x000043a2   0x000043a2   0x00000012   Code   RO          401    .text               c_w.l(exit.o)
    0x000043b4   0x000043b4   0x00000080   Code   RO          407    .text               c_w.l(strcmpv7m.o)
    0x00004434   0x00004434   0x0000000c   Code   RO          476    .text               c_w.l(sys_exit.o)
    0x00004440   0x00004440   0x00000002   Code   RO          499    .text               c_w.l(use_no_semi.o)
    0x00004442   0x00004442   0x00000000   Code   RO          501    .text               c_w.l(indicate_semi.o)
    0x00004442   0x00004442   0x0000003e   Code   RO          357    CL$$btod_d2e        c_w.l(btod.o)
    0x00004480   0x00004480   0x00000046   Code   RO          359    CL$$btod_d2e_denorm_low  c_w.l(btod.o)
    0x000044c6   0x000044c6   0x00000060   Code   RO          358    CL$$btod_d2e_norm_op1  c_w.l(btod.o)
    0x00004526   0x00004526   0x00000338   Code   RO          367    CL$$btod_div_common  c_w.l(btod.o)
    0x0000485e   0x0000485e   0x000000dc   Code   RO          364    CL$$btod_e2e        c_w.l(btod.o)
    0x0000493a   0x0000493a   0x0000002a   Code   RO          361    CL$$btod_ediv       c_w.l(btod.o)
    0x00004964   0x00004964   0x0000002a   Code   RO          360    CL$$btod_emul       c_w.l(btod.o)
    0x0000498e   0x0000498e   0x00000244   Code   RO          366    CL$$btod_mult_common  c_w.l(btod.o)
    0x00004bd2   0x00004bd2   0x00000028   Code   RO          392    i.__ARM_fpclassify  m_ws.l(fpclassify.o)
    0x00004bfa   0x00004bfa   0x00000002   PAD
    0x00004bfc   0x00004bfc   0x00000388   Code   RO          310    i.__ieee754_rem_pio2  m_ws.l(rred.o)
    0x00004f84   0x00004f84   0x000000fc   Code   RO          293    i.__kernel_cos      m_ws.l(cos_i.o)
    0x00005080   0x00005080   0x000000aa   Code   RO          394    i.__kernel_poly     m_ws.l(poly.o)
    0x0000512a   0x0000512a   0x00000002   PAD
    0x0000512c   0x0000512c   0x000000ec   Code   RO          315    i.__kernel_sin      m_ws.l(sin_i.o)
    0x00005218   0x00005218   0x00000006   Code   RO          297    i.__mathlib_dbl_infnan  m_ws.l(dunder.o)
    0x0000521e   0x0000521e   0x0000000c   Code   RO          299    i.__mathlib_dbl_invalid  m_ws.l(dunder.o)
    0x0000522a   0x0000522a   0x00000002   PAD
    0x0000522c   0x0000522c   0x00000010   Code   RO          302    i.__mathlib_dbl_underflow  m_ws.l(dunder.o)
    0x0000523c   0x0000523c   0x0000000e   Code   RO          199    i._is_digit         c_w.l(__printf_wp.o)
    0x0000524a   0x0000524a   0x00000002   PAD
    0x0000524c   0x0000524c   0x000000a0   Code   RO          255    i.sin               m_ws.l(sin.o)
    0x000052ec   0x000052ec   0x0000002c   Code   RO          380    locale$$code        c_w.l(lc_numeric_c.o)
    0x00005318   0x00005318   0x00000062   Code   RO          222    x$fpl$d2f           fz_ws.l(d2f.o)
    0x0000537a   0x0000537a   0x00000002   PAD
    0x0000537c   0x0000537c   0x00000150   Code   RO          224    x$fpl$dadd          fz_ws.l(daddsub_clz.o)
    0x000054cc   0x000054cc   0x00000010   Code   RO          460    x$fpl$dcheck1       fz_ws.l(dcheck1.o)
    0x000054dc   0x000054dc   0x00000018   Code   RO          280    x$fpl$dcmpinf       fz_ws.l(dcmpi.o)
    0x000054f4   0x000054f4   0x000002b0   Code   RO          231    x$fpl$ddiv          fz_ws.l(ddiv.o)
    0x000057a4   0x000057a4   0x00000078   Code   RO          234    x$fpl$deqf          fz_ws.l(deqf.o)
    0x0000581c   0x0000581c   0x0000005e   Code   RO          382    x$fpl$dfix          fz_ws.l(dfix.o)
    0x0000587a   0x0000587a   0x00000002   PAD
    0x0000587c   0x0000587c   0x0000005a   Code   RO          236    x$fpl$dfixu         fz_ws.l(dfixu.o)
    0x000058d6   0x000058d6   0x0000002e   Code   RO          241    x$fpl$dflt          fz_ws.l(dflt_clz.o)
    0x00005904   0x00005904   0x00000026   Code   RO          240    x$fpl$dfltu         fz_ws.l(dflt_clz.o)
    0x0000592a   0x0000592a   0x00000002   PAD
    0x0000592c   0x0000592c   0x00000154   Code   RO          246    x$fpl$dmul          fz_ws.l(dmul.o)
    0x00005a80   0x00005a80   0x0000009c   Code   RO          282    x$fpl$dnaninf       fz_ws.l(dnaninf.o)
    0x00005b1c   0x00005b1c   0x0000000c   Code   RO          284    x$fpl$dretinf       fz_ws.l(dretinf.o)
    0x00005b28   0x00005b28   0x00000016   Code   RO          225    x$fpl$drsb          fz_ws.l(daddsub_clz.o)
    0x00005b3e   0x00005b3e   0x00000002   PAD
    0x00005b40   0x00005b40   0x000001d4   Code   RO          226    x$fpl$dsub          fz_ws.l(daddsub_clz.o)
    0x00005d14   0x00005d14   0x00000056   Code   RO          248    x$fpl$f2d           fz_ws.l(f2d.o)
    0x00005d6a   0x00005d6a   0x00000018   Code   RO          386    x$fpl$fcmpinf       fz_ws.l(fcmpi.o)
    0x00005d82   0x00005d82   0x00000002   PAD
    0x00005d84   0x00005d84   0x00000068   Code   RO          286    x$fpl$fleqf         fz_ws.l(fleqf.o)
    0x00005dec   0x00005dec   0x0000008c   Code   RO          288    x$fpl$fnaninf       fz_ws.l(fnaninf.o)
    0x00005e78   0x00005e78   0x0000000a   Code   RO          290    x$fpl$fretinf       fz_ws.l(fretinf.o)
    0x00005e82   0x00005e82   0x00000062   Code   RO          250    x$fpl$frleqf        fz_ws.l(frleqf.o)
    0x00005ee4   0x00005ee4   0x00000004   Code   RO          252    x$fpl$printf1       fz_ws.l(printf1.o)
    0x00005ee8   0x00005ee8   0x00000064   Code   RO          474    x$fpl$retnan        fz_ws.l(retnan.o)
    0x00005f4c   0x00005f4c   0x0000005c   Code   RO          390    x$fpl$scalbn        fz_ws.l(scalbn.o)
    0x00005fa8   0x00005fa8   0x00000030   Code   RO          493    x$fpl$trapveneer    fz_ws.l(trapv.o)
    0x00005fd8   0x00005fd8   0x00000000   Code   RO          292    x$fpl$usenofp       fz_ws.l(usenofp.o)
    0x00005fd8   0x00005fd8   0x000005f0   Data   RO           59    .constdata          asciilib.o
    0x000065c8   0x000065c8   0x00000030   Data   RO          294    .constdata          m_ws.l(cos_i.o)
    0x000065f8   0x000065f8   0x000000c8   Data   RO          312    .constdata          m_ws.l(rred.o)
    0x000066c0   0x000066c0   0x00000028   Data   RO          316    .constdata          m_ws.l(sin_i.o)
    0x000066e8   0x000066e8   0x00000094   Data   RO          355    .constdata          c_w.l(bigflt0.o)
    0x0000677c   0x0000677c   0x00000020   Data   RO          545    Region$$Table       anon$$obj.o
    0x0000679c   0x0000679c   0x0000001c   Data   RO          379    locale$$data        c_w.l(lc_numeric_c.o)


    Execution Region RW_IRAM1 (Exec base: 0x10000000, Load base: 0x000067b8, Size: 0x00004678, Max: 0x00008000, ABSOLUTE)

    Exec Addr    Load Addr    Size         Type   Attr      Idx    E Section Name        Object

    0x10000000   0x000067b8   0x00000004   Data   RW           25    .data               system_lpc17xx.o
    0x10000004   0x000067bc   0x00000001   Data   RW           80    .data               glcd.o
    0x10000005   0x000067bd   0x00000003   PAD
    0x10000008   0x000067c0   0x0000004c   Data   RW          113    .data               touchpanel.o
    0x10000054   0x0000680c   0x000000d4   Data   RW          136    .data               tp_simple.o
    0x10000128        -       0x0000000c   Zero   RW          112    .bss                touchpanel.o
    0x10000134        -       0x00003edf   Zero   RW          135    .bss                tp_simple.o
    0x10004013   0x000068e0   0x00000001   PAD
    0x10004014        -       0x00000060   Zero   RW          397    .bss                c_w.l(libspace.o)
    0x10004074   0x000068e0   0x00000004   PAD
    0x10004078        -       0x00000400   Zero   RW           13    HEAP                startup_lpc17xx.o
    0x10004478        -       0x00000200   Zero   RW           12    STACK               startup_lpc17xx.o


==============================================================================

Image component sizes


      Code (inc. data)   RO Data    RW Data    ZI Data      Debug   Object Name

        32          6       1520          0          0       1267   asciilib.o
         0          0          0          0          0       4508   core_cm3.o
      6032         44          0          1          0      34417   glcd.o
        68         30        204          0       1536       1208   startup_lpc17xx.o
       748         30          0          4          0       1257   system_lpc17xx.o
      2004         70          0         76         12       5917   touchpanel.o
      5000        692          0        212      16095      27110   tp_simple.o

    ----------------------------------------------------------------------
     13884        872       1756        296      17644      75684   Object Totals
         0          0         32          0          0          0   (incl. Generated)
         0          0          0          3          1          0   (incl. Padding)

    ----------------------------------------------------------------------

      Code (inc. data)   RO Data    RW Data    ZI Data      Debug   Library Member Name

         8          0          0          0          0         68   __main.o
       284          0          0          0          0        156   __printf_wp.o
         0          0          0          0          0          0   __rtentry.o
        12          0          0          0          0          0   __rtentry2.o
         6          0          0          0          0          0   __rtentry4.o
        52          8          0          0          0          0   __scatter.o
        26          0          0          0          0          0   __scatter_copy.o
        28          0          0          0          0          0   __scatter_zi.o
        48          6          0          0          0         96   _printf_char_common.o
         6          0          0          0          0          0   _printf_d.o
       120         16          0          0          0         92   _printf_dec.o
         6          0          0          0          0          0   _printf_f.o
      1054          0          0          0          0        216   _printf_fp_dec.o
       128         16          0          0          0         84   _printf_fp_infnan.o
       178          0          0          0          0         88   _printf_intcommon.o
        78          0          0          0          0        108   _printf_pad.o
         0          0          0          0          0          0   _printf_percent.o
         4          0          0          0          0          0   _printf_percent_end.o
        22          0          0          0          0        100   _rserrno.o
        10          0          0          0          0         68   _sputc.o
       228          4        148          0          0         96   bigflt0.o
      1936        128          0          0          0        672   btod.o
        18          0          0          0          0         80   exit.o
         6          0          0          0          0        152   heapauxi.o
         0          0          0          0          0          0   indicate_semi.o
        44         10         28          0          0         76   lc_numeric_c.o
         2          0          0          0          0          0   libinit.o
        18          0          0          0          0          0   libinit2.o
         2          0          0          0          0          0   libshutdown.o
         2          0          0          0          0          0   libshutdown2.o
         8          4          0          0         96         68   libspace.o
       138          0          0          0          0         80   lludiv10.o
       238          0          0          0          0        100   lludivv7m.o
        40          6          0          0          0         84   noretval__2sprintf.o
         8          4          0          0          0         68   rt_errno_addr_intlibspace.o
         8          4          0          0          0         68   rt_locale_intlibspace.o
        78          0          0          0          0         80   rt_memclr_w.o
       138          0          0          0          0         68   rt_memcpy_v6.o
       100          0          0          0          0         80   rt_memcpy_w.o
         2          0          0          0          0          0   rtexit.o
        10          0          0          0          0          0   rtexit2.o
       128          0          0          0          0         68   strcmpv7m.o
        62          0          0          0          0         76   strlen.o
        12          4          0          0          0         68   sys_exit.o
        74          0          0          0          0         80   sys_stackheap_outer.o
         2          0          0          0          0         68   use_no_semi.o
        98          4          0          0          0         92   d2f.o
       826         16          0          0          0        348   daddsub_clz.o
        16          4          0          0          0         68   dcheck1.o
        24          0          0          0          0         68   dcmpi.o
       688        140          0          0          0        208   ddiv.o
       120          4          0          0          0         92   deqf.o
        94          4          0          0          0         92   dfix.o
        90          4          0          0          0         92   dfixu.o
        84          0          0          0          0        136   dflt_clz.o
       340         12          0          0          0        104   dmul.o
       156          4          0          0          0         92   dnaninf.o
        12          0          0          0          0         68   dretinf.o
        86          4          0          0          0         84   f2d.o
        24          0          0          0          0         68   fcmpi.o
       104          4          0          0          0         84   fleqf.o
       140          4          0          0          0         84   fnaninf.o
        10          0          0          0          0         68   fretinf.o
        98          0          0          0          0         68   frleqf.o
         4          0          0          0          0         68   printf1.o
       100          0          0          0          0         68   retnan.o
        92          0          0          0          0         68   scalbn.o
        48          0          0          0          0         68   trapv.o
         0          0          0          0          0          0   usenofp.o
       252         22         48          0          0        124   cos_i.o
        34          6          0          0          0        204   dunder.o
        40          0          0          0          0         68   fpclassify.o
       170          0          0          0          0         96   poly.o
       904         76        200          0          0        140   rred.o
       160         10          0          0          0        108   sin.o
       236         12         40          0          0        128   sin_i.o

    ----------------------------------------------------------------------
     10448        540        464          0        100       6264   Library Totals
        26          0          0          0          4          0   (incl. Padding)

    ----------------------------------------------------------------------

      Code (inc. data)   RO Data    RW Data    ZI Data      Debug   Library Name

      5372        210        176          0         96       3208   c_w.l
      3254        204          0          0          0       2188   fz_ws.l
      1796        126        288          0          0        868   m_ws.l

    ----------------------------------------------------------------------
     10448        540        464          0        100       6264   Library Totals

    ----------------------------------------------------------------------

==============================================================================


      Code (inc. data)   RO Data    RW Data    ZI Data      Debug   

     24332       1412       2220        296      17744      78044   Grand Totals
     24332       1412       2220        296      17744      78044   ELF Image Totals
     24332       1412       2220        296          0          0   ROM Totals

==============================================================================

    Total RO  Size (Code + RO Data)                26552 (  25.93kB)
    Total RW  Size (RW Data + ZI Data)             18040 (  17.62kB)
    Total ROM Size (Code + RO Data + RW Data)      26848 (  26.22kB)

==============================================================================

