Component: ARM Compiler 5.06 update 6 (build 750) Tool: armlink [4d35ed]

==============================================================================

Section Cross References

    startup_lpc17xx.o(STACK) refers (Special) to heapauxi.o(.text) for __use_two_region_memory
    startup_lpc17xx.o(HEAP) refers (Special) to heapauxi.o(.text) for __use_two_region_memory
    startup_lpc17xx.o(RESET) refers (Special) to heapauxi.o(.text) for __use_two_region_memory
    startup_lpc17xx.o(RESET) refers to startup_lpc17xx.o(STACK) for __initial_sp
    startup_lpc17xx.o(RESET) refers to startup_lpc17xx.o(.text) for Reset_Handler
    startup_lpc17xx.o(RESET) refers to tp_simple.o(.text) for SysTick_Handler
    startup_lpc17xx.o(.ARM.__at_0x02FC) refers (Special) to heapauxi.o(.text) for __use_two_region_memory
    startup_lpc17xx.o(.text) refers (Special) to heapauxi.o(.text) for __use_two_region_memory
    startup_lpc17xx.o(.text) refers to system_lpc17xx.o(.text) for SystemInit
    startup_lpc17xx.o(.text) refers to __main.o(!!!main) for __main
    startup_lpc17xx.o(.text) refers to startup_lpc17xx.o(HEAP) for Heap_Mem
    startup_lpc17xx.o(.text) refers to startup_lpc17xx.o(STACK) for Stack_Mem
    system_lpc17xx.o(.text) refers to lludivv7m.o(.text) for __aeabi_uldivmod
    system_lpc17xx.o(.text) refers to system_lpc17xx.o(.data) for SystemCoreClock
    asciilib.o(.text) refers to rt_memcpy_v6.o(.text) for __aeabi_memcpy
    asciilib.o(.text) refers to asciilib.o(.constdata) for AsciiLib
    glcd.o(.text) refers to glcd.o(.data) for LCD_Code
    glcd.o(.text) refers to asciilib.o(.text) for GetASCIICode
    touchpanel.o(.text) refers to glcd.o(.text) for LCD_SetPoint
    touchpanel.o(.text) refers to rt_memclr_w.o(.text) for __aeabi_memclr4
    touchpanel.o(.text) refers to touchpanel.o(.data) for screen
    touchpanel.o(.text) refers to dflt_clz.o(x$fpl$dflt) for __aeabi_i2d
    touchpanel.o(.text) refers to deqf.o(x$fpl$deqf) for __aeabi_cdcmpeq
    touchpanel.o(.text) refers to dflt_clz.o(x$fpl$dfltu) for __aeabi_ui2d
    touchpanel.o(.text) refers to dmul.o(x$fpl$dmul) for __aeabi_dmul
    touchpanel.o(.text) refers to daddsub_clz.o(x$fpl$dadd) for __aeabi_dadd
    touchpanel.o(.text) refers to ddiv.o(x$fpl$ddiv) for __aeabi_ddiv
    touchpanel.o(.text) refers to dfixu.o(x$fpl$dfixu) for __aeabi_d2uiz
    touchpanel.o(.text) refers to touchpanel.o(.bss) for ScreenSample
    tp_simple.o(.text) refers to _printf_pad.o(.text) for _printf_pre_padding
    tp_simple.o(.text) refers to _printf_percent.o(.ARM.Collect$$_printf_percent$$00000000) for _printf_percent
    tp_simple.o(.text) refers to _printf_d.o(.ARM.Collect$$_printf_percent$$00000009) for _printf_d
    tp_simple.o(.text) refers to _printf_dec.o(.text) for _printf_int_dec
    tp_simple.o(.text) refers to _printf_f.o(.ARM.Collect$$_printf_percent$$00000003) for _printf_f
    tp_simple.o(.text) refers to printf1.o(x$fpl$printf1) for _printf_fp_dec
    tp_simple.o(.text) refers to glcd.o(.text) for LCD_DrawLine
    tp_simple.o(.text) refers to strlen.o(.text) for strlen
    tp_simple.o(.text) refers to tp_simple.o(.data) for canalB
    tp_simple.o(.text) refers to touchpanel.o(.text) for Read_Ads7846
    tp_simple.o(.text) refers to noretval__2sprintf.o(.text) for __2sprintf
    tp_simple.o(.text) refers to touchpanel.o(.data) for display
    tp_simple.o(.text) refers to tp_simple.o(.bss) for texto
    tp_simple.o(.text) refers to frleqf.o(x$fpl$frleqf) for __aeabi_cfrcmple
    tp_simple.o(.text) refers to f2d.o(x$fpl$f2d) for __aeabi_f2d
    tp_simple.o(.text) refers to daddsub_clz.o(x$fpl$dsub) for __aeabi_dsub
    tp_simple.o(.text) refers to d2f.o(x$fpl$d2f) for __aeabi_d2f
    tp_simple.o(.text) refers to daddsub_clz.o(x$fpl$dadd) for __aeabi_dadd
    tp_simple.o(.text) refers to system_lpc17xx.o(.data) for SystemCoreClock
    __2sprintf.o(.text) refers to _printf_char_common.o(.text) for _printf_char_common
    __2sprintf.o(.text) refers to _sputc.o(.text) for _sputc
    noretval__2sprintf.o(.text) refers to _printf_char_common.o(.text) for _printf_char_common
    noretval__2sprintf.o(.text) refers to _sputc.o(.text) for _sputc
    __printf.o(.text) refers to _printf_percent.o(.ARM.Collect$$_printf_percent$$00000000) for _printf_percent
    _printf_dec.o(.text) refers to _printf_intcommon.o(.text) for _printf_int_common
    __printf_flags.o(.text) refers to _printf_percent.o(.ARM.Collect$$_printf_percent$$00000000) for _printf_percent
    __printf_flags.o(.text) refers to __printf_flags.o(.constdata) for .constdata
    __printf_ss.o(.text) refers to _printf_percent.o(.ARM.Collect$$_printf_percent$$00000000) for _printf_percent
    __printf_flags_ss.o(.text) refers to _printf_percent.o(.ARM.Collect$$_printf_percent$$00000000) for _printf_percent
    __printf_flags_ss.o(.text) refers to __printf_flags_ss.o(.constdata) for .constdata
    __printf_wp.o(.text) refers to __printf_wp.o(i._is_digit) for _is_digit
[...]
    btod.o(CL$$btod_emul) refers to btod.o(CL$$btod_e2e) for _e2e
    btod.o(CL$$btod_ediv) refers (Special) to usenofp.o(x$fpl$usenofp) for __I$use$fp
    btod.o(CL$$btod_ediv) refers to btod.o(CL$$btod_div_common) for __btod_div_common
    btod.o(CL$$btod_ediv) refers to btod.o(CL$$btod_e2e) for _e2e
    btod.o(CL$$btod_emuld) refers (Special) to usenofp.o(x$fpl$usenofp) for __I$use$fp
    btod.o(CL$$btod_emuld) refers to btod.o(CL$$btod_mult_common) for __btod_mult_common
    btod.o(CL$$btod_emuld) refers to btod.o(CL$$btod_e2d) for _e2d
    btod.o(CL$$btod_edivd) refers (Special) to usenofp.o(x$fpl$usenofp) for __I$use$fp
    btod.o(CL$$btod_edivd) refers to btod.o(CL$$btod_div_common) for __btod_div_common
    btod.o(CL$$btod_edivd) refers to btod.o(CL$$btod_e2d) for _e2d
    btod.o(CL$$btod_e2e) refers (Special) to usenofp.o(x$fpl$usenofp) for __I$use$fp
    btod.o(CL$$btod_e2d) refers (Special) to usenofp.o(x$fpl$usenofp) for __I$use$fp
    btod.o(CL$$btod_e2d) refers to btod.o(CL$$btod_e2e) for _e2e
    btod.o(CL$$btod_mult_common) refers (Special) to usenofp.o(x$fpl$usenofp) for __I$use$fp
    btod.o(CL$$btod_div_common) refers (Special) to usenofp.o(x$fpl$usenofp) for __I$use$fp
    lc_numeric_c.o(locale$$data) refers (Special) to libinit2.o(.ARM.Collect$$libinit$$00000016) for __rt_lib_init_lc_numeric_2
    lc_numeric_c.o(locale$$code) refers (Special) to libinit2.o(.ARM.Collect$$libinit$$00000016) for __rt_lib_init_lc_numeric_2
    lc_numeric_c.o(locale$$code) refers to strcmpv7m.o(.text) for strcmp
    lc_numeric_c.o(locale$$code) refers to lc_numeric_c.o(locale$$data) for __lcnum_c_name
    fcmpi.o(x$fpl$fcmpinf) refers (Special) to usenofp.o(x$fpl$usenofp) for __I$use$fp
    istatus.o(x$fpl$ieeestatus) refers (Special) to usenofp.o(x$fpl$usenofp) for __I$use$fp
    fpclassify.o(i.__ARM_fpclassify) refers (Special) to usenofp.o(x$fpl$usenofp) for __I$use$fp
    libspace.o(.text) refers to libspace.o(.bss) for __libspace_start
    sys_stackheap_outer.o(.text) refers to libspace.o(.text) for __user_perproc_libspace
    sys_stackheap_outer.o(.text) refers to startup_lpc17xx.o(.text) for __user_initial_stackheap
    exit.o(.text) refers to rtexit.o(.ARM.Collect$$rtexit$$00000000) for __rt_exit
    defsig_fpe_outer.o(.text) refers to defsig_fpe_inner.o(.text) for __rt_SIGFPE_inner
    defsig_fpe_outer.o(.text) refers to defsig_exit.o(.text) for __sig_exit
    defsig_fpe_formal.o(.text) refers to rt_raise.o(.text) for __rt_raise
    libinit.o(.ARM.Collect$$libinit$$00000000) refers (Special) to libinit2.o(.ARM.Collect$$libinit$$0000002E) for __rt_lib_init_alloca_1
    libinit.o(.ARM.Collect$$libinit$$00000000) refers (Special) to libinit2.o(.ARM.Collect$$libinit$$0000002C) for __rt_lib_init_argv_1
    libinit.o(.ARM.Collect$$libinit$$00000000) refers (Special) to libinit2.o(.ARM.Collect$$libinit$$0000001B) for __rt_lib_init_atexit_1
    libinit.o(.ARM.Collect$$libinit$$00000000) refers (Special) to libinit2.o(.ARM.Collect$$libinit$$00000021) for __rt_lib_init_clock_1
    libinit.o(.ARM.Collect$$libinit$$00000000) refers (Special) to libinit2.o(.ARM.Collect$$libinit$$00000032) for __rt_lib_init_cpp_1
    libinit.o(.ARM.Collect$$libinit$$00000000) refers (Special) to libinit2.o(.ARM.Collect$$libinit$$00000030) for __rt_lib_init_exceptions_1
    libinit.o(.ARM.Collect$$libinit$$00000000) refers (Special) to libinit2.o(.ARM.Collect$$libinit$$00000002) for __rt_lib_init_fp_1
    libinit.o(.ARM.Collect$$libinit$$00000000) refers (Special) to libinit2.o(.ARM.Collect$$libinit$$0000001F) for __rt_lib_init_fp_trap_1
    libinit.o(.ARM.Collect$$libinit$$00000000) refers (Special) to libinit2.o(.ARM.Collect$$libinit$$00000023) for __rt_lib_init_getenv_1
    libinit.o(.ARM.Collect$$libinit$$00000000) refers (Special) to libinit2.o(.ARM.Collect$$libinit$$0000000A) for __rt_lib_init_heap_1
    libinit.o(.ARM.Collect$$libinit$$00000000) refers (Special) to libinit2.o(.ARM.Collect$$libinit$$00000011) for __rt_lib_init_lc_collate_1
    libinit.o(.ARM.Collect$$libinit$$00000000) refers (Special) to libinit2.o(.ARM.Collect$$libinit$$00000013) for __rt_lib_init_lc_ctype_1
    libinit.o(.ARM.Collect$$libinit$$00000000) refers (Special) to libinit2.o(.ARM.Collect$$libinit$$00000015) for __rt_lib_init_lc_monetary_1
    libinit.o(.ARM.Collect$$libinit$$00000000) refers (Special) to libinit2.o(.ARM.Collect$$libinit$$00000017) for __rt_lib_init_lc_numeric_1
    libinit.o(.ARM.Collect$$libinit$$00000000) refers (Special) to libinit2.o(.ARM.Collect$$libinit$$00000019) for __rt_lib_init_lc_time_1
    libinit.o(.ARM.Collect$$libinit$$00000000) refers (Special) to libinit2.o(.ARM.Collect$$libinit$$00000004) for __rt_lib_init_preinit_1
    libinit.o(.ARM.Collect$$libinit$$00000000) refers (Special) to libinit2.o(.ARM.Collect$$libinit$$0000000E) for __rt_lib_init_rand_1
    libinit.o(.ARM.Collect$$libinit$$00000000) refers (Special) to libinit2.o(.ARM.Collect$$libinit$$00000033) for __rt_lib_init_return
    libinit.o(.ARM.Collect$$libinit$$00000000) refers (Special) to libinit2.o(.ARM.Collect$$libinit$$0000001D) for __rt_lib_init_signal_1
    libinit.o(.ARM.Collect$$libinit$$00000000) refers (Special) to libinit2.o(.ARM.Collect$$libinit$$00000025) for __rt_lib_init_stdio_1
    libinit.o(.ARM.Collect$$libinit$$00000000) refers (Special) to libinit2.o(.ARM.Collect$$libinit$$0000000C) for __rt_lib_init_user_alloc_1
    libinit2.o(.ARM.Collect$$libinit$$0000000F) refers (Weak) to rt_locale_intlibspace.o(.text) for __rt_locale
    libinit2.o(.ARM.Collect$$libinit$$00000010) refers to libinit2.o(.ARM.Collect$$libinit$$0000000F) for .ARM.Collect$$libinit$$0000000F
    libinit2.o(.ARM.Collect$$libinit$$00000012) refers to libinit2.o(.ARM.Collect$$libinit$$0000000F) for .ARM.Collect$$libinit$$0000000F
    libinit2.o(.ARM.Collect$$libinit$$00000014) refers to libinit2.o(.ARM.Collect$$libinit$$0000000F) for .ARM.Collect$$libinit$$0000000F
    libinit2.o(.ARM.Collect$$libinit$$00000016) refers to libinit2.o(.ARM.Collect$$libinit$$0000000F) for .ARM.Collect$$libinit$$0000000F
    libinit2.o(.ARM.Collect$$libinit$$00000016) refers (Weak) to lc_numeric_c.o(locale$$code) for _get_lc_numeric
    libinit2.o(.ARM.Collect$$libinit$$00000018) refers to libinit2.o(.ARM.Collect$$libinit$$0000000F) for .ARM.Collect$$libinit$$0000000F
    libinit2.o(.ARM.Collect$$libinit$$00000026) refers to argv_veneer.o(.emb_text) for __ARM_argv_veneer
    libinit2.o(.ARM.Collect$$libinit$$00000027) refers to argv_veneer.o(.emb_text) for __ARM_argv_veneer
    rtexit.o(.ARM.Collect$$rtexit$$00000000) refers (Special) to rtexit2.o(.ARM.Collect$$rtexit$$00000004) for __rt_exit_exit
    rtexit.o(.ARM.Collect$$rtexit$$00000000) refers (Special) to rtexit2.o(.ARM.Collect$$rtexit$$00000003) for __rt_exit_ls
    rtexit.o(.ARM.Collect$$rtexit$$00000000) refers (Special) to rtexit2.o(.ARM.Collect$$rtexit$$00000002) for __rt_exit_prels_1
    rtexit.o(.ARM.exidx) refers (Special) to rtexit2.o(.ARM.Collect$$rtexit$$00000004) for __rt_exit_exit
    rtexit.o(.ARM.exidx) refers (Special) to rtexit2.o(.ARM.Collect$$rtexit$$00000003) for __rt_exit_ls
    rtexit.o(.ARM.exidx) refers (Special) to rtexit2.o(.ARM.Collect$$rtexit$$00000002) for __rt_exit_prels_1
    rtexit.o(.ARM.exidx) refers to rtexit.o(.ARM.Collect$$rtexit$$00000000) for .ARM.Collect$$rtexit$$00000000
    rt_raise.o(.text) refers to __raise.o(.text) for __raise
    rt_raise.o(.text) refers to sys_exit.o(.text) for _sys_exit
    defsig_exit.o(.text) refers to sys_exit.o(.text) for _sys_exit
    defsig_fpe_inner.o(.text) refers to defsig_general.o(.text) for __default_signal_display
    argv_veneer.o(.emb_text) refers to no_argv.o(.text) for __ARM_get_argv
    sys_exit.o(.text) refers (Special) to use_no_semi.o(.text) for __I$use$semihosting
    sys_exit.o(.text) refers (Special) to indicate_semi.o(.text) for __semihosting_library_function
    rtexit2.o(.ARM.Collect$$rtexit$$00000003) refers to libshutdown.o(.ARM.Collect$$libshutdown$$00000000) for __rt_lib_shutdown
    rtexit2.o(.ARM.Collect$$rtexit$$00000004) refers to sys_exit.o(.text) for _sys_exit
    rtexit2.o(.ARM.exidx) refers to rtexit2.o(.ARM.Collect$$rtexit$$00000001) for .ARM.Collect$$rtexit$$00000001
    rtexit2.o(.ARM.exidx) refers to rtexit2.o(.ARM.Collect$$rtexit$$00000003) for .ARM.Collect$$rtexit$$00000003
    rtexit2.o(.ARM.exidx) refers to rtexit2.o(.ARM.Collect$$rtexit$$00000004) for .ARM.Collect$$rtexit$$00000004
    __raise.o(.text) refers to defsig.o(CL$$defsig) for __default_signal_handler
    defsig_general.o(.text) refers to sys_wrch.o(.text) for _ttywrch
    _get_argv_nomalloc.o(.text) refers (Special) to hrguard.o(.text) for __heap_region$guard
    _get_argv_nomalloc.o(.text) refers to defsig_rtmem_outer.o(.text) for __rt_SIGRTMEM
    _get_argv_nomalloc.o(.text) refers to sys_command.o(.text) for _sys_command_string
    sys_wrch.o(.text) refers (Special) to use_no_semi.o(.text) for __I$use$semihosting
    sys_wrch.o(.text) refers (Special) to indicate_semi.o(.text) for __semihosting_library_function
    sys_command.o(.text) refers (Special) to use_no_semi.o(.text) for __I$use$semihosting
    sys_command.o(.text) refers (Special) to indicate_semi.o(.text) for __semihosting_library_function
    defsig_rtmem_outer.o(.text) refers to defsig_rtmem_inner.o(.text) for __rt_SIGRTMEM_inner
    defsig_rtmem_outer.o(.text) refers to defsig_exit.o(.text) for __sig_exit
    defsig_rtmem_formal.o(.text) refers to rt_raise.o(.text) for __rt_raise
    defsig.o(CL$$defsig) refers to defsig_fpe_inner.o(.text) for __rt_SIGFPE_inner
    defsig.o(CL$$defsig) refers to defsig_rtmem_inner.o(.text) for __rt_SIGRTMEM_inner
    libshutdown.o(.ARM.Collect$$libshutdown$$00000000) refers (Special) to libshutdown2.o(.ARM.Collect$$libshutdown$$00000002) for __rt_lib_shutdown_cpp_1
    libshutdown.o(.ARM.Collect$$libshutdown$$00000000) refers (Special) to libshutdown2.o(.ARM.Collect$$libshutdown$$00000007) for __rt_lib_shutdown_fp_trap_1
    libshutdown.o(.ARM.Collect$$libshutdown$$00000000) refers (Special) to libshutdown2.o(.ARM.Collect$$libshutdown$$0000000F) for __rt_lib_shutdown_heap_1
    libshutdown.o(.ARM.Collect$$libshutdown$$00000000) refers (Special) to libshutdown2.o(.ARM.Collect$$libshutdown$$00000010) for __rt_lib_shutdown_return
    libshutdown.o(.ARM.Collect$$libshutdown$$00000000) refers (Special) to libshutdown2.o(.ARM.Collect$$libshutdown$$0000000A) for __rt_lib_shutdown_signal_1
    libshutdown.o(.ARM.Collect$$libshutdown$$00000000) refers (Special) to libshutdown2.o(.ARM.Collect$$libshutdown$$00000004) for __rt_lib_shutdown_stdio_1
    libshutdown.o(.ARM.Collect$$libshutdown$$00000000) refers (Special) to libshutdown2.o(.ARM.Collect$$libshutdown$$0000000C) for __rt_lib_shutdown_user_alloc_1
    defsig_abrt_inner.o(.text) refers to defsig_general.o(.text) for __default_signal_display
    defsig_rtred_inner.o(.text) refers to defsig_general.o(.text) for __default_signal_display
    defsig_rtmem_inner.o(.text) refers to defsig_general.o(.text) for __default_signal_display
    defsig_stak_inner.o(.text) refers to defsig_general.o(.text) for __default_signal_display
    defsig_pvfn_inner.o(.text) refers to defsig_general.o(.text) for __default_signal_display
    defsig_cppl_inner.o(.text) refers to defsig_general.o(.text) for __default_signal_display
    defsig_segv_inner.o(.text) refers to defsig_general.o(.text) for __default_signal_display
    defsig_other.o(.text) refers to defsig_general.o(.text) for __default_signal_display


==============================================================================

Removing Unused input sections from the image.

    Removing system_lpc17xx.o(.emb_text), (8 bytes).
    Removing glcd.o(.emb_text), (8 bytes).
    Removing touchpanel.o(.emb_text), (8 bytes).
    Removing tp_simple.o(.emb_text), (8 bytes).

4 unused section(s) (total 32 bytes) removed from the image.

==============================================================================

Image Symbol Table

    Local Symbols

    Symbol Name                              Value     Ov Type        Size  Object(Section)

    RESET                                    0x00000000   Section      204  startup_lpc17xx.o(RESET)
    ../clib/angel/boardlib.s                 0x00000000   Number         0  boardshut.o ABSOLUTE
    ../clib/angel/boardlib.s                 0x00000000   Number         0  boardinit1.o ABSOLUTE
    ../clib/angel/boardlib.s                 0x00000000   Number         0  boardinit2.o ABSOLUTE
    ../clib/angel/boardlib.s                 0x00000000   Number         0  boardinit3.o ABSOLUTE
    ../clib/angel/handlers.s                 0x00000000   Number         0  __scatter_copy.o ABSOLUTE
    ../clib/angel/handlers.s                 0x00000000   Number         0  __scatter_zi.o ABSOLUTE
    ../clib/angel/kernel.s                   0x00000000   Number         0  __rtentry4.o ABSOLUTE
    ../clib/angel/kernel.s                   0x00000000   Number         0  __rtentry2.o ABSOLUTE
    ../clib/angel/kernel.s                   0x00000000   Number         0  rtexit.o ABSOLUTE
    ../clib/angel/kernel.s                   0x00000000   Number         0  rtexit2.o ABSOLUTE
    ../clib/angel/kernel.s                   0x00000000   Number         0  __rtentry.o ABSOLUTE
    ../clib/angel/rt.s                       0x00000000   Number         0  rt_locale.o ABSOLUTE
    ../clib/angel/rt.s                       0x00000000   Number         0  aeabi_ldiv0_sigfpe.o ABSOLUTE
    ../clib/angel/rt.s                       0x00000000   Number         0  aeabi_ldiv0.o ABSOLUTE
    ../clib/angel/rt.s                       0x00000000   Number         0  rt_locale_intlibspace.o ABSOLUTE
    ../clib/angel/rt.s                       0x00000000   Number         0  rt_div0.o ABSOLUTE
    ../clib/angel/rt.s                       0x00000000   Number         0  rt_raise.o ABSOLUTE
    ../clib/angel/scatter.s                  0x00000000   Number         0  __scatter.o ABSOLUTE
    ../clib/angel/startup.s                  0x00000000   Number         0  __main.o ABSOLUTE
    ../clib/angel/sys.s                      0x00000000   Number         0  sys_stackheap_outer.o ABSOLUTE
    ../clib/angel/sys.s                      0x00000000   Number         0  libspace.o ABSOLUTE
    ../clib/angel/sys.s                      0x00000000   Number         0  indicate_semi.o ABSOLUTE
    ../clib/angel/sys.s                      0x00000000   Number         0  use_no_semi.o ABSOLUTE
    ../clib/angel/sysapp.c                   0x00000000   Number         0  sys_command.o ABSOLUTE
    ../clib/angel/sysapp.c                   0x00000000   Number         0  sys_exit.o ABSOLUTE
    ../clib/angel/sysapp.c                   0x00000000   Number         0  sys_wrch.o ABSOLUTE
    ../clib/armsys.c                         0x00000000   Number         0  argv_veneer.o ABSOLUTE
    ../clib/armsys.c                         0x00000000   Number         0  _get_argv_nomalloc.o ABSOLUTE
    ../clib/armsys.c                         0x00000000   Number         0  no_argv.o ABSOLUTE
    ../clib/armsys.c                         0x00000000   Number         0  argv_veneer.o ABSOLUTE
    ../clib/bigflt.c                         0x00000000   Number         0  bigflt0.o ABSOLUTE
    ../clib/btod.s                           0x00000000   Number         0  btod.o ABSOLUTE
    ../clib/heapalloc.c                      0x00000000   Number         0  hrguard.o ABSOLUTE
    ../clib/heapaux.c                        0x00000000   Number         0  heapauxi.o ABSOLUTE
    ../clib/libinit.s                        0x00000000   Number         0  libshutdown.o ABSOLUTE
    ../clib/libinit.s                        0x00000000   Number         0  libshutdown2.o ABSOLUTE
    ../clib/libinit.s                        0x00000000   Number         0  libinit2.o ABSOLUTE
    ../clib/libinit.s                        0x00000000   Number         0  libinit.o ABSOLUTE
    ../clib/locale.s                         0x00000000   Number         0  lc_numeric_c.o ABSOLUTE
    ../clib/longlong.s                       0x00000000   Number         0  lludivv7m.o ABSOLUTE
    ../clib/longlong.s                       0x00000000   Number         0  lludiv10.o ABSOLUTE
    ../clib/memcpset.s                       0x00000000   Number         0  rt_memcpy_v6.o ABSOLUTE
    ../clib/memcpset.s                       0x00000000   Number         0  rt_memclr_w.o ABSOLUTE
    ../clib/memcpset.s                       0x00000000   Number         0  strcmpv7m.o ABSOLUTE
    ../clib/memcpset.s                       0x00000000   Number         0  rt_memcpy_w.o ABSOLUTE
    ../clib/misc.s                           0x00000000   Number         0  printf_stubs.o ABSOLUTE
    ../clib/printf.c                         0x00000000   Number         0  __2sprintf.o ABSOLUTE
    ../clib/printf.c                         0x00000000   Number         0  _printf_fp_dec.o ABSOLUTE
    ../clib/printf.c                         0x00000000   Number         0  __printf_ss.o ABSOLUTE
    ../clib/printf.c                         0x00000000   Number         0  __printf.o ABSOLUTE
    ../clib/printf.c                         0x00000000   Number         0  _printf_pad.o ABSOLUTE
    ../clib/printf.c                         0x00000000   Number         0  __printf_flags.o ABSOLUTE
    ../clib/printf.c                         0x00000000   Number         0  _sputc.o ABSOLUTE
    ../clib/printf.c                         0x00000000   Number         0  __printf_flags_ss_wp.o ABSOLUTE
    ../clib/printf.c                         0x00000000   Number         0  _printf_fp_infnan.o ABSOLUTE
    ../clib/printf.c                         0x00000000   Number         0  __printf_ss_wp.o ABSOLUTE
    ../clib/printf.c                         0x00000000   Number         0  __printf_flags_wp.o ABSOLUTE
    ../clib/printf.c                         0x00000000   Number         0  _printf_dec.o ABSOLUTE
    ../clib/printf.c                         0x00000000   Number         0  __printf_wp.o ABSOLUTE
    ../clib/printf.c                         0x00000000   Number         0  __printf_nopercent.o ABSOLUTE
    ../clib/printf.c                         0x00000000   Number         0  _printf_char_common.o ABSOLUTE
    ../clib/printf.c                         0x00000000   Number         0  __printf_flags_ss.o ABSOLUTE
    ../clib/printf.c                         0x00000000   Number         0  _printf_intcommon.o ABSOLUTE
    ../clib/printf.c                         0x00000000   Number         0  noretval__2sprintf.o ABSOLUTE
    ../clib/printf_percent.s                 0x00000000   Number         0  _printf_percent_end.o ABSOLUTE
    ../clib/printf_percent.s                 0x00000000   Number         0  _printf_percent.o ABSOLUTE
    ../clib/printf_percent.s                 0x00000000   Number         0  _printf_d.o ABSOLUTE
    ../clib/printf_percent.s                 0x00000000   Number         0  _printf_f.o ABSOLUTE
    ../clib/signal.c                         0x00000000   Number         0  defsig_stak_inner.o ABSOLUTE
    ../clib/signal.c                         0x00000000   Number         0  defsig_general.o ABSOLUTE
    ../clib/signal.c                         0x00000000   Number         0  defsig_rtmem_formal.o ABSOLUTE
    ../clib/signal.c                         0x00000000   Number         0  __raise.o ABSOLUTE
    ../clib/signal.c                         0x00000000   Number         0  defsig_other.o ABSOLUTE
    ../clib/signal.c                         0x00000000   Number         0  defsig_rtmem_inner.o ABSOLUTE
    ../clib/signal.c                         0x00000000   Number         0  defsig_segv_inner.o ABSOLUTE
    ../clib/signal.c                         0x00000000   Number         0  defsig_cppl_inner.o ABSOLUTE
    ../clib/signal.c                         0x00000000   Number         0  defsig_pvfn_inner.o ABSOLUTE
    ../clib/signal.c                         0x00000000   Number         0  defsig_abrt_inner.o ABSOLUTE
    ../clib/signal.c                         0x00000000   Number         0  defsig_fpe_inner.o ABSOLUTE
    ../clib/signal.c                         0x00000000   Number         0  defsig_exit.o ABSOLUTE
    ../clib/signal.c                         0x00000000   Number         0  defsig_rtred_inner.o ABSOLUTE
    ../clib/signal.c                         0x00000000   Number         0  defsig_fpe_formal.o ABSOLUTE
    ../clib/signal.c                         0x00000000   Number         0  defsig_rtmem_outer.o ABSOLUTE
    ../clib/signal.c                         0x00000000   Number         0  defsig_fpe_outer.o ABSOLUTE
    ../clib/signal.s                         0x00000000   Number         0  defsig.o ABSOLUTE
    ../clib/stdlib.c                         0x00000000   Number         0  exit.o ABSOLUTE
    ../clib/string.c                         0x00000000   Number         0  strlen.o ABSOLUTE
    ../fplib/d2f.s                           0x00000000   Number         0  d2f.o ABSOLUTE
    ../fplib/daddsub.s                       0x00000000   Number         0  daddsub_clz.o ABSOLUTE
    ../fplib/dcmpi.s                         0x00000000   Number         0  dcmpi.o ABSOLUTE
    ../fplib/ddiv.s                          0x00000000   Number         0  ddiv.o ABSOLUTE
    ../fplib/deqf.s                          0x00000000   Number         0  deqf.o ABSOLUTE
    ../fplib/dfixu.s                         0x00000000   Number         0  dfixu.o ABSOLUTE
    ../fplib/dflt.s                          0x00000000   Number         0  dflt_clz.o ABSOLUTE
    ../fplib/dmul.s                          0x00000000   Number         0  dmul.o ABSOLUTE
    ../fplib/dnaninf.s                       0x00000000   Number         0  dnaninf.o ABSOLUTE
    ../fplib/dretinf.s                       0x00000000   Number         0  dretinf.o ABSOLUTE
    ../fplib/f2d.s                           0x00000000   Number         0  f2d.o ABSOLUTE
    ../fplib/fcmpi.s                         0x00000000   Number         0  fcmpi.o ABSOLUTE
    ../fplib/fleqf.s                         0x00000000   Number         0  fleqf.o ABSOLUTE
    ../fplib/fnaninf.s                       0x00000000   Number         0  fnaninf.o ABSOLUTE
    ../fplib/fpinit.s                        0x00000000   Number         0  fpinit.o ABSOLUTE
    ../fplib/fretinf.s                       0x00000000   Number         0  fretinf.o ABSOLUTE
    ../fplib/frleqf.s                        0x00000000   Number         0  frleqf.o ABSOLUTE
    ../fplib/istatus.s                       0x00000000   Number         0  istatus.o ABSOLUTE
    ../fplib/printf1.s                       0x00000000   Number         0  printf1.o ABSOLUTE
    ../fplib/usenofp.s                       0x00000000   Number         0  usenofp.o ABSOLUTE
    ../mathlib/fpclassify.c                  0x00000000   Number         0  fpclassify.o ABSOLUTE
    ..\Libraries\CM3\CoreSupport\core_cm3.c  0x00000000   Number         0  core_cm3.o ABSOLUTE
    ..\Libraries\CM3\DeviceSupport\startup_LPC17xx.s 0x00000000   Number         0  startup_lpc17xx.o ABSOLUTE
    ..\Libraries\CM3\DeviceSupport\system_LPC17xx.c 0x00000000   Number         0  system_lpc17xx.o ABSOLUTE
    ..\Libraries\GLCD\AsciiLib.c             0x00000000   Number         0  asciilib.o ABSOLUTE
    ..\Libraries\GLCD\GLCD.c                 0x00000000   Number         0  glcd.o ABSOLUTE
    ..\Libraries\TouchPanel\TouchPanel.c     0x00000000   Number         0  touchpanel.o ABSOLUTE
    ..\USER\GIEC\tp_simple.c                 0x00000000   Number         0  tp_simple.o ABSOLUTE
    ..\\Libraries\\CM3\\DeviceSupport\\system_LPC17xx.c 0x00000000   Number         0  system_lpc17xx.o ABSOLUTE
    ..\\Libraries\\GLCD\\GLCD.c              0x00000000   Number         0  glcd.o ABSOLUTE
    ..\\Libraries\\TouchPanel\\TouchPanel.c  0x00000000   Number         0  touchpanel.o ABSOLUTE
    ..\\USER\\GIEC\\tp_simple.c              0x00000000   Number         0  tp_simple.o ABSOLUTE
    dc.s                                     0x00000000   Number         0  dc.o ABSOLUTE
    !!!main                                  0x000000cc   Section        8  __main.o(!!!main)
    !!!scatter                               0x000000d4   Section       52  __scatter.o(!!!scatter)
    !!handler_copy                           0x00000108   Section       26  __scatter_copy.o(!!handler_copy)
    !!handler_zi                             0x00000124   Section       28  __scatter_zi.o(!!handler_zi)
    .ARM.Collect$$_printf_percent$$00000000  0x00000140   Section        0  _printf_percent.o(.ARM.Collect$$_printf_percent$$00000000)
    .ARM.Collect$$_printf_percent$$00000003  0x00000140   Section        6  _printf_f.o(.ARM.Collect$$_printf_percent$$00000003)
    .ARM.Collect$$_printf_percent$$00000009  0x00000146   Section        6  _printf_d.o(.ARM.Collect$$_printf_percent$$00000009)
    .ARM.Collect$$_printf_percent$$00000017  0x0000014c   Section        4  _printf_percent_end.o(.ARM.Collect$$_printf_percent$$00000017)
    .ARM.Collect$$libinit$$00000000          0x00000150   Section        2  libinit.o(.ARM.Collect$$libinit$$00000000)
    .ARM.Collect$$libinit$$00000002          0x00000152   Section        0  libinit2.o(.ARM.Collect$$libinit$$00000002)
    .ARM.Collect$$libinit$$00000004          0x00000152   Section        0  libinit2.o(.ARM.Collect$$libinit$$00000004)
    .ARM.Collect$$libinit$$0000000A          0x00000152   Section        0  libinit2.o(.ARM.Collect$$libinit$$0000000A)
    .ARM.Collect$$libinit$$0000000C          0x00000152   Section        0  libinit2.o(.ARM.Collect$$libinit$$0000000C)
    .ARM.Collect$$libinit$$0000000E          0x00000152   Section        0  libinit2.o(.ARM.Collect$$libinit$$0000000E)
    .ARM.Collect$$libinit$$0000000F          0x00000152   Section        6  libinit2.o(.ARM.Collect$$libinit$$0000000F)
    .ARM.Collect$$libinit$$00000011          0x00000158   Section        0  libinit2.o(.ARM.Collect$$libinit$$00000011)
    .ARM.Collect$$libinit$$00000013          0x00000158   Section        0  libinit2.o(.ARM.Collect$$libinit$$00000013)
    .ARM.Collect$$libinit$$00000015          0x00000158   Section        0  libinit2.o(.ARM.Collect$$libinit$$00000015)
    .ARM.Collect$$libinit$$00000016          0x00000158   Section       10  libinit2.o(.ARM.Collect$$libinit$$00000016)
    .ARM.Collect$$libinit$$00000017          0x00000162   Section        0  libinit2.o(.ARM.Collect$$libinit$$00000017)
    .ARM.Collect$$libinit$$00000019          0x00000162   Section        0  libinit2.o(.ARM.Collect$$libinit$$00000019)
    .ARM.Collect$$libinit$$0000001B          0x00000162   Section        0  libinit2.o(.ARM.Collect$$libinit$$0000001B)
    .ARM.Collect$$libinit$$0000001D          0x00000162   Section        0  libinit2.o(.ARM.Collect$$libinit$$0000001D)
    .ARM.Collect$$libinit$$0000001F          0x00000162   Section        0  libinit2.o(.ARM.Collect$$libinit$$0000001F)
    .ARM.Collect$$libinit$$00000021          0x00000162   Section        0  libinit2.o(.ARM.Collect$$libinit$$00000021)
    .ARM.Collect$$libinit$$00000023          0x00000162   Section        0  libinit2.o(.ARM.Collect$$libinit$$00000023)
    .ARM.Collect$$libinit$$00000025          0x00000162   Section        0  libinit2.o(.ARM.Collect$$libinit$$00000025)
    .ARM.Collect$$libinit$$0000002C          0x00000162   Section        0  libinit2.o(.ARM.Collect$$libinit$$0000002C)
    .ARM.Collect$$libinit$$0000002E          0x00000162   Section        0  libinit2.o(.ARM.Collect$$libinit$$0000002E)
    .ARM.Collect$$libinit$$00000030          0x00000162   Section        0  libinit2.o(.ARM.Collect$$libinit$$00000030)
    .ARM.Collect$$libinit$$00000032          0x00000162   Section        0  libinit2.o(.ARM.Collect$$libinit$$00000032)
    .ARM.Collect$$libinit$$00000033          0x00000162   Section        2  libinit2.o(.ARM.Collect$$libinit$$00000033)
    .ARM.Collect$$libshutdown$$00000000      0x00000164   Section        2  libshutdown.o(.ARM.Collect$$libshutdown$$00000000)
    .ARM.Collect$$libshutdown$$00000002      0x00000166   Section        0  libshutdown2.o(.ARM.Collect$$libshutdown$$00000002)
    .ARM.Collect$$libshutdown$$00000004      0x00000166   Section        0  libshutdown2.o(.ARM.Collect$$libshutdown$$00000004)
    .ARM.Collect$$libshutdown$$00000007      0x00000166   Section        0  libshutdown2.o(.ARM.Collect$$libshutdown$$00000007)
    .ARM.Collect$$libshutdown$$0000000A      0x00000166   Section        0  libshutdown2.o(.ARM.Collect$$libshutdown$$0000000A)
    .ARM.Collect$$libshutdown$$0000000C      0x00000166   Section        0  libshutdown2.o(.ARM.Collect$$libshutdown$$0000000C)
    .ARM.Collect$$libshutdown$$0000000F      0x00000166   Section        0  libshutdown2.o(.ARM.Collect$$libshutdown$$0000000F)
    .ARM.Collect$$libshutdown$$00000010      0x00000166   Section        2  libshutdown2.o(.ARM.Collect$$libshutdown$$00000010)
    .ARM.Collect$$rtentry$$00000000          0x00000168   Section        0  __rtentry.o(.ARM.Collect$$rtentry$$00000000)
    .ARM.Collect$$rtentry$$00000002          0x00000168   Section        0  __rtentry2.o(.ARM.Collect$$rtentry$$00000002)
    .ARM.Collect$$rtentry$$00000004          0x00000168   Section        6  __rtentry4.o(.ARM.Collect$$rtentry$$00000004)
    .ARM.Collect$$rtentry$$00000009          0x0000016e   Section        0  __rtentry2.o(.ARM.Collect$$rtentry$$00000009)
    .ARM.Collect$$rtentry$$0000000A          0x0000016e   Section        4  __rtentry2.o(.ARM.Collect$$rtentry$$0000000A)
    .ARM.Collect$$rtentry$$0000000C          0x00000172   Section        0  __rtentry2.o(.ARM.Collect$$rtentry$$0000000C)
    .ARM.Collect$$rtentry$$0000000D          0x00000172   Section        8  __rtentry2.o(.ARM.Collect$$rtentry$$0000000D)
    .ARM.Collect$$rtexit$$00000000           0x0000017a   Section        2  rtexit.o(.ARM.Collect$$rtexit$$00000000)
    .ARM.Collect$$rtexit$$00000002           0x0000017c   Section        0  rtexit2.o(.ARM.Collect$$rtexit$$00000002)
    .ARM.Collect$$rtexit$$00000003           0x0000017c   Section        4  rtexit2.o(.ARM.Collect$$rtexit$$00000003)
    .ARM.Collect$$rtexit$$00000004           0x00000180   Section        6  rtexit2.o(.ARM.Collect$$rtexit$$00000004)
    .text                                    0x00000188   Section       64  startup_lpc17xx.o(.text)
    .text                                    0x000001c8   Section        0  asciilib.o(.text)
    .text                                    0x000001e8   Section      238  lludivv7m.o(.text)
    .text                                    0x000002d6   Section        0  heapauxi.o(.text)
    .text                                    0x000002dc   Section        0  _sputc.o(.text)
    .text                                    0x000002e8   Section        8  rt_locale_intlibspace.o(.text)
    .text                                    0x000002f0   Section        8  libspace.o(.text)
    .text                                    0x000002f8   Section        2  use_no_semi.o(.text)
    .text                                    0x000002fa   Section        0  indicate_semi.o(.text)
    x$fpl$usenofp                            0x000002fa   Section        0  usenofp.o(x$fpl$usenofp)
    .ARM.__at_0x02FC                         0x000002fc   Section        4  startup_lpc17xx.o(.ARM.__at_0x02FC)
    .text                                    0x00000300   Section        0  system_lpc17xx.o(.text)
    .text                                    0x000005ec   Section        0  glcd.o(.text)
    LCD_Configuration                        0x000005ed   Thumb Code    44  glcd.o(.text)
    LCD_WriteReg_no_inline                   0x00000619   Thumb Code   216  glcd.o(.text)
    delay_ms                                 0x000006f1   Thumb Code    30  glcd.o(.text)
    .text                                    0x00001d7c   Section        0  touchpanel.o(.text)
    DelayUS                                  0x00001dcb   Thumb Code    28  touchpanel.o(.text)
    WR_CMD                                   0x00001de7   Thumb Code    42  touchpanel.o(.text)
    RD_AD                                    0x00001e11   Thumb Code    44  touchpanel.o(.text)
    .text                                    0x00002550   Section        0  tp_simple.o(.text)
    NVIC_SetPriority                         0x00002551   Thumb Code    32  tp_simple.o(.text)
    NVIC_EnableIRQ                           0x000034d7   Thumb Code    22  tp_simple.o(.text)
    .text                                    0x000034ec   Section        0  noretval__2sprintf.o(.text)
    .text                                    0x00003514   Section        0  _printf_pad.o(.text)
    .text                                    0x00003564   Section        0  _printf_dec.o(.text)
    .text                                    0x000035dc   Section        0  __printf_wp.o(.text)
    .text                                    0x000036ea   Section        0  strlen.o(.text)
    .text                                    0x00003728   Section      138  rt_memcpy_v6.o(.text)
    .text                                    0x000037b2   Section       78  rt_memclr_w.o(.text)
    .text                                    0x00003800   Section        0  _printf_intcommon.o(.text)
    .text                                    0x000038b2   Section        0  _printf_fp_dec.o(.text)
    _fp_digits                               0x000038b5   Thumb Code   432  _printf_fp_dec.o(.text)
    .text                                    0x00003cd0   Section        0  _printf_char_common.o(.text)
    _printf_input_char                       0x00003cd1   Thumb Code    10  _printf_char_common.o(.text)
    .text                                    0x00003d00   Section      100  rt_memcpy_w.o(.text)
    .text                                    0x00003d64   Section      138  lludiv10.o(.text)
    .text                                    0x00003df0   Section        0  _printf_fp_infnan.o(.text)
    .text                                    0x00003e70   Section        0  bigflt0.o(.text)
    .text                                    0x00003f54   Section       74  sys_stackheap_outer.o(.text)
    .text                                    0x00003f9e   Section        0  exit.o(.text)
    .text                                    0x00003fb0   Section      128  strcmpv7m.o(.text)
    .text                                    0x00004030   Section        0  sys_exit.o(.text)
    CL$$btod_d2e                             0x0000403c   Section       62  btod.o(CL$$btod_d2e)
    CL$$btod_d2e_denorm_low                  0x0000407a   Section       70  btod.o(CL$$btod_d2e_denorm_low)
    CL$$btod_d2e_norm_op1                    0x000040c0   Section       96  btod.o(CL$$btod_d2e_norm_op1)
    CL$$btod_div_common                      0x00004120   Section      824  btod.o(CL$$btod_div_common)
    CL$$btod_e2e                             0x00004458   Section      220  btod.o(CL$$btod_e2e)
    CL$$btod_ediv                            0x00004534   Section       42  btod.o(CL$$btod_ediv)
    CL$$btod_emul                            0x0000455e   Section       42  btod.o(CL$$btod_emul)
    CL$$btod_mult_common                     0x00004588   Section      580  btod.o(CL$$btod_mult_common)
    i.__ARM_fpclassify                       0x000047cc   Section        0  fpclassify.o(i.__ARM_fpclassify)
    i._is_digit                              0x000047f4   Section        0  __printf_wp.o(i._is_digit)
    locale$$code                             0x00004804   Section       44  lc_numeric_c.o(locale$$code)
    x$fpl$d2f                                0x00004830   Section       98  d2f.o(x$fpl$d2f)
    x$fpl$dadd                               0x00004894   Section      336  daddsub_clz.o(x$fpl$dadd)
    _dadd1                                   0x000048a5   Thumb Code     0  daddsub_clz.o(x$fpl$dadd)
    x$fpl$dcmpinf                            0x000049e4   Section       24  dcmpi.o(x$fpl$dcmpinf)
    x$fpl$ddiv                               0x000049fc   Section      688  ddiv.o(x$fpl$ddiv)
    ddiv_entry                               0x00004a03   Thumb Code     0  ddiv.o(x$fpl$ddiv)
    x$fpl$deqf                               0x00004cac   Section      120  deqf.o(x$fpl$deqf)
    x$fpl$dfixu                              0x00004d24   Section       90  dfixu.o(x$fpl$dfixu)
    x$fpl$dflt                               0x00004d7e   Section       46  dflt_clz.o(x$fpl$dflt)
    x$fpl$dfltu                              0x00004dac   Section       38  dflt_clz.o(x$fpl$dfltu)
    x$fpl$dmul                               0x00004dd4   Section      340  dmul.o(x$fpl$dmul)
    x$fpl$dnaninf                            0x00004f28   Section      156  dnaninf.o(x$fpl$dnaninf)
    x$fpl$dretinf                            0x00004fc4   Section       12  dretinf.o(x$fpl$dretinf)
    x$fpl$dsub                               0x00004fd0   Section      468  daddsub_clz.o(x$fpl$dsub)
    _dsub1                                   0x00004fe1   Thumb Code     0  daddsub_clz.o(x$fpl$dsub)
    x$fpl$f2d                                0x000051a4   Section       86  f2d.o(x$fpl$f2d)
    x$fpl$fcmpinf                            0x000051fa   Section       24  fcmpi.o(x$fpl$fcmpinf)
    x$fpl$fleqf                              0x00005214   Section      104  fleqf.o(x$fpl$fleqf)
    x$fpl$fnaninf                            0x0000527c   Section      140  fnaninf.o(x$fpl$fnaninf)
    x$fpl$fretinf                            0x00005308   Section       10  fretinf.o(x$fpl$fretinf)
    x$fpl$frleqf                             0x00005312   Section       98  frleqf.o(x$fpl$frleqf)
    x$fpl$printf1                            0x00005374   Section        4  printf1.o(x$fpl$printf1)
    .constdata                               0x00005378   Section     1520  asciilib.o(.constdata)
    AsciiLib                                 0x00005378   Data        1520  asciilib.o(.constdata)
    .constdata                               0x00005968   Section      148  bigflt0.o(.constdata)
    tenpwrs_x                                0x00005968   Data          60  bigflt0.o(.constdata)
    tenpwrs_i                                0x000059a4   Data          64  bigflt0.o(.constdata)
    locale$$data                             0x00005a1c   Section       28  lc_numeric_c.o(locale$$data)
    __lcnum_c_name                           0x00005a20   Data           2  lc_numeric_c.o(locale$$data)
    __lcnum_c_start                          0x00005a28   Data           0  lc_numeric_c.o(locale$$data)
    __lcnum_c_point                          0x00005a34   Data           0  lc_numeric_c.o(locale$$data)
    __lcnum_c_thousands                      0x00005a36   Data           0  lc_numeric_c.o(locale$$data)
    __lcnum_c_grouping                       0x00005a37   Data           0  lc_numeric_c.o(locale$$data)
    __lcnum_c_end                            0x00005a38   Data           0  lc_numeric_c.o(locale$$data)
    .data                                    0x10000000   Section        4  system_lpc17xx.o(.data)
    .data                                    0x10000004   Section        1  glcd.o(.data)
    LCD_Code                                 0x10000004   Data           1  glcd.o(.data)
    .data                                    0x10000008   Section       76  touchpanel.o(.data)
    screen                                   0x10000050   Data           4  touchpanel.o(.data)
    .data                                    0x10000054   Section      208  tp_simple.o(.data)
    indice_muestra                           0x1000010c   Data           2  tp_simple.o(.data)
    indice                                   0x1000010e   Data           2  tp_simple.o(.data)
    .bss                                     0x10000124   Section       12  touchpanel.o(.bss)
    .bss                                     0x10000130   Section    16095  tp_simple.o(.bss)
    .bss                                     0x10004010   Section       96  libspace.o(.bss)
    HEAP                                     0x10004070   Section     1024  startup_lpc17xx.o(HEAP)
    Heap_Mem                                 0x10004070   Data        1024  startup_lpc17xx.o(HEAP)
    STACK                                    0x10004470   Section      512  startup_lpc17xx.o(STACK)
    Stack_Mem                                0x10004470   Data         512  startup_lpc17xx.o(STACK)
    __initial_sp                             0x10004670   Data           0  startup_lpc17xx.o(STACK)

    Global Symbols

    Symbol Name                              Value     Ov Type        Size  Object(Section)

    BuildAttributes$$THM_ISAv4$P$D$K$B$S$PE$A:L22UL41UL21$X:L11$S22US41US21$IEEE1$IW$USESV6$~STKCKD$USESV7$~SHL$OTIME$ROPI$IEEEJ$EBA8$UX$STANDARDLIB$REQ8$PRES8$EABIv2 0x00000000   Number         0  anon$$obj.o ABSOLUTE
    __ARM_use_no_argv                        0x00000000   Number         0  tp_simple.o ABSOLUTE
    __Vectors                                0x00000000   Data           4  startup_lpc17xx.o(RESET)
    _printf_flags                            0x00000000   Number         0  printf_stubs.o ABSOLUTE
    _printf_return_value                     0x00000000   Number         0  printf_stubs.o ABSOLUTE
    _printf_sizespec                         0x00000000   Number         0  printf_stubs.o ABSOLUTE
    _printf_widthprec                        0x00000000   Number         0  printf_stubs.o ABSOLUTE
    __ARM_exceptions_init                     - Undefined Weak Reference
    __alloca_initialize                       - Undefined Weak Reference
    __arm_preinit_                            - Undefined Weak Reference
    __cpp_initialize__aeabi_                  - Undefined Weak Reference
    __cxa_finalize                            - Undefined Weak Reference
    __sigvec_lookup                           - Undefined Weak Reference
    _atexit_init                              - Undefined Weak Reference
    _call_atexit_fns                          - Undefined Weak Reference
    _clock_init                               - Undefined Weak Reference
    _fp_trap_init                             - Undefined Weak Reference
    _fp_trap_shutdown                         - Undefined Weak Reference
    _get_lc_collate                           - Undefined Weak Reference
    _get_lc_ctype                             - Undefined Weak Reference
    _get_lc_monetary                          - Undefined Weak Reference
    _get_lc_time                              - Undefined Weak Reference
    _getenv_init                              - Undefined Weak Reference
    _handle_redirection                       - Undefined Weak Reference
    _init_alloc                               - Undefined Weak Reference
    _init_user_alloc                          - Undefined Weak Reference
    _initio                                   - Undefined Weak Reference
    _printf_truncate_signed                   - Undefined Weak Reference
    _printf_truncate_unsigned                 - Undefined Weak Reference
    _rand_init                                - Undefined Weak Reference
    _signal_finish                            - Undefined Weak Reference
    _signal_init                              - Undefined Weak Reference
    _terminate_alloc                          - Undefined Weak Reference
    _terminate_user_alloc                     - Undefined Weak Reference
    _terminateio                              - Undefined Weak Reference
    __main                                   0x000000cd   Thumb Code     8  __main.o(!!!main)
    __scatterload                            0x000000d5   Thumb Code     0  __scatter.o(!!!scatter)
    __scatterload_rt2                        0x000000d5   Thumb Code    44  __scatter.o(!!!scatter)
    __scatterload_rt2_thumb_only             0x000000d5   Thumb Code     0  __scatter.o(!!!scatter)
    __scatterload_null                       0x000000e3   Thumb Code     0  __scatter.o(!!!scatter)
    __scatterload_copy                       0x00000109   Thumb Code    26  __scatter_copy.o(!!handler_copy)
    __scatterload_zeroinit                   0x00000125   Thumb Code    28  __scatter_zi.o(!!handler_zi)
    _printf_f                                0x00000141   Thumb Code     0  _printf_f.o(.ARM.Collect$$_printf_percent$$00000003)
    _printf_percent                          0x00000141   Thumb Code     0  _printf_percent.o(.ARM.Collect$$_printf_percent$$00000000)
    _printf_d                                0x00000147   Thumb Code     0  _printf_d.o(.ARM.Collect$$_printf_percent$$00000009)
    _printf_percent_end                      0x0000014d   Thumb Code     0  _printf_percent_end.o(.ARM.Collect$$_printf_percent$$00000017)
    __rt_lib_init                            0x00000151   Thumb Code     0  libinit.o(.ARM.Collect$$libinit$$00000000)
    __rt_lib_init_fp_1                       0x00000153   Thumb Code     0  libinit2.o(.ARM.Collect$$libinit$$00000002)
    __rt_lib_init_heap_1                     0x00000153   Thumb Code     0  libinit2.o(.ARM.Collect$$libinit$$0000000A)
    __rt_lib_init_lc_common                  0x00000153   Thumb Code     0  libinit2.o(.ARM.Collect$$libinit$$0000000F)
    __rt_lib_init_preinit_1                  0x00000153   Thumb Code     0  libinit2.o(.ARM.Collect$$libinit$$00000004)
    __rt_lib_init_rand_1                     0x00000153   Thumb Code     0  libinit2.o(.ARM.Collect$$libinit$$0000000E)
    __rt_lib_init_user_alloc_1               0x00000153   Thumb Code     0  libinit2.o(.ARM.Collect$$libinit$$0000000C)
    __rt_lib_init_lc_collate_1               0x00000159   Thumb Code     0  libinit2.o(.ARM.Collect$$libinit$$00000011)
    __rt_lib_init_lc_ctype_1                 0x00000159   Thumb Code     0  libinit2.o(.ARM.Collect$$libinit$$00000013)
    __rt_lib_init_lc_monetary_1              0x00000159   Thumb Code     0  libinit2.o(.ARM.Collect$$libinit$$00000015)
    __rt_lib_init_lc_numeric_2               0x00000159   Thumb Code     0  libinit2.o(.ARM.Collect$$libinit$$00000016)
    __rt_lib_init_alloca_1                   0x00000163   Thumb Code     0  libinit2.o(.ARM.Collect$$libinit$$0000002E)
    __rt_lib_init_argv_1                     0x00000163   Thumb Code     0  libinit2.o(.ARM.Collect$$libinit$$0000002C)
    __rt_lib_init_atexit_1                   0x00000163   Thumb Code     0  libinit2.o(.ARM.Collect$$libinit$$0000001B)
    __rt_lib_init_clock_1                    0x00000163   Thumb Code     0  libinit2.o(.ARM.Collect$$libinit$$00000021)
    __rt_lib_init_cpp_1                      0x00000163   Thumb Code     0  libinit2.o(.ARM.Collect$$libinit$$00000032)
    __rt_lib_init_exceptions_1               0x00000163   Thumb Code     0  libinit2.o(.ARM.Collect$$libinit$$00000030)
    __rt_lib_init_fp_trap_1                  0x00000163   Thumb Code     0  libinit2.o(.ARM.Collect$$libinit$$0000001F)
    __rt_lib_init_getenv_1                   0x00000163   Thumb Code     0  libinit2.o(.ARM.Collect$$libinit$$00000023)
    __rt_lib_init_lc_numeric_1               0x00000163   Thumb Code     0  libinit2.o(.ARM.Collect$$libinit$$00000017)
    __rt_lib_init_lc_time_1                  0x00000163   Thumb Code     0  libinit2.o(.ARM.Collect$$libinit$$00000019)
    __rt_lib_init_return                     0x00000163   Thumb Code     0  libinit2.o(.ARM.Collect$$libinit$$00000033)
    __rt_lib_init_signal_1                   0x00000163   Thumb Code     0  libinit2.o(.ARM.Collect$$libinit$$0000001D)
    __rt_lib_init_stdio_1                    0x00000163   Thumb Code     0  libinit2.o(.ARM.Collect$$libinit$$00000025)
    __rt_lib_shutdown                        0x00000165   Thumb Code     0  libshutdown.o(.ARM.Collect$$libshutdown$$00000000)
    __rt_lib_shutdown_cpp_1                  0x00000167   Thumb Code     0  libshutdown2.o(.ARM.Collect$$libshutdown$$00000002)
    __rt_lib_shutdown_fp_trap_1              0x00000167   Thumb Code     0  libshutdown2.o(.ARM.Collect$$libshutdown$$00000007)
    __rt_lib_shutdown_heap_1                 0x00000167   Thumb Code     0  libshutdown2.o(.ARM.Collect$$libshutdown$$0000000F)
    __rt_lib_shutdown_return                 0x00000167   Thumb Code     0  libshutdown2.o(.ARM.Collect$$libshutdown$$00000010)
    __rt_lib_shutdown_signal_1               0x00000167   Thumb Code     0  libshutdown2.o(.ARM.Collect$$libshutdown$$0000000A)
    __rt_lib_shutdown_stdio_1                0x00000167   Thumb Code     0  libshutdown2.o(.ARM.Collect$$libshutdown$$00000004)
    __rt_lib_shutdown_user_alloc_1           0x00000167   Thumb Code     0  libshutdown2.o(.ARM.Collect$$libshutdown$$0000000C)
    __rt_entry                               0x00000169   Thumb Code     0  __rtentry.o(.ARM.Collect$$rtentry$$00000000)
    __rt_entry_presh_1                       0x00000169   Thumb Code     0  __rtentry2.o(.ARM.Collect$$rtentry$$00000002)
    __rt_entry_sh                            0x00000169   Thumb Code     0  __rtentry4.o(.ARM.Collect$$rtentry$$00000004)
    __rt_entry_li                            0x0000016f   Thumb Code     0  __rtentry2.o(.ARM.Collect$$rtentry$$0000000A)
    __rt_entry_postsh_1                      0x0000016f   Thumb Code     0  __rtentry2.o(.ARM.Collect$$rtentry$$00000009)
    __rt_entry_main                          0x00000173   Thumb Code     0  __rtentry2.o(.ARM.Collect$$rtentry$$0000000D)
    __rt_entry_postli_1                      0x00000173   Thumb Code     0  __rtentry2.o(.ARM.Collect$$rtentry$$0000000C)
    __rt_exit                                0x0000017b   Thumb Code     0  rtexit.o(.ARM.Collect$$rtexit$$00000000)
    __rt_exit_ls                             0x0000017d   Thumb Code     0  rtexit2.o(.ARM.Collect$$rtexit$$00000003)
    __rt_exit_prels_1                        0x0000017d   Thumb Code     0  rtexit2.o(.ARM.Collect$$rtexit$$00000002)
    __rt_exit_exit                           0x00000181   Thumb Code     0  rtexit2.o(.ARM.Collect$$rtexit$$00000004)
    Reset_Handler                            0x00000189   Thumb Code     8  startup_lpc17xx.o(.text)
    NMI_Handler                              0x00000191   Thumb Code     2  startup_lpc17xx.o(.text)
    HardFault_Handler                        0x00000193   Thumb Code     2  startup_lpc17xx.o(.text)
    MemManage_Handler                        0x00000195   Thumb Code     2  startup_lpc17xx.o(.text)
    BusFault_Handler                         0x00000197   Thumb Code     2  startup_lpc17xx.o(.text)
    UsageFault_Handler                       0x00000199   Thumb Code     2  startup_lpc17xx.o(.text)
    SVC_Handler                              0x0000019b   Thumb Code     2  startup_lpc17xx.o(.text)
    DebugMon_Handler                         0x0000019d   Thumb Code     2  startup_lpc17xx.o(.text)
    PendSV_Handler                           0x0000019f   Thumb Code     2  startup_lpc17xx.o(.text)
    BOD_IRQHandler                           0x000001a3   Thumb Code     0  startup_lpc17xx.o(.text)
    CANActivity_IRQHandler                   0x000001a3   Thumb Code     0  startup_lpc17xx.o(.text)
    CAN_IRQHandler                           0x000001a3   Thumb Code     0  startup_lpc17xx.o(.text)
    DMA_IRQHandler                           0x000001a3   Thumb Code     0  startup_lpc17xx.o(.text)
    EINT0_IRQHandler                         0x000001a3   Thumb Code     0  startup_lpc17xx.o(.text)
    EINT1_IRQHandler                         0x000001a3   Thumb Code     0  startup_lpc17xx.o(.text)
    EINT2_IRQHandler                         0x000001a3   Thumb Code     0  startup_lpc17xx.o(.text)
    EINT3_IRQHandler                         0x000001a3   Thumb Code     0  startup_lpc17xx.o(.text)
    ENET_IRQHandler                          0x000001a3   Thumb Code     0  startup_lpc17xx.o(.text)
    I2C0_IRQHandler                          0x000001a3   Thumb Code     0  startup_lpc17xx.o(.text)
    I2C1_IRQHandler                          0x000001a3   Thumb Code     0  startup_lpc17xx.o(.text)
    I2C2_IRQHandler                          0x000001a3   Thumb Code     0  startup_lpc17xx.o(.text)
    I2S_IRQHandler                           0x000001a3   Thumb Code     0  startup_lpc17xx.o(.text)
    MCPWM_IRQHandler                         0x000001a3   Thumb Code     0  startup_lpc17xx.o(.text)
    PLL0_IRQHandler                          0x000001a3   Thumb Code     0  startup_lpc17xx.o(.text)
    PLL1_IRQHandler                          0x000001a3   Thumb Code     0  startup_lpc17xx.o(.text)
    PWM1_IRQHandler                          0x000001a3   Thumb Code     0  startup_lpc17xx.o(.text)
    QEI_IRQHandler                           0x000001a3   Thumb Code     0  startup_lpc17xx.o(.text)
    RIT_IRQHandler                           0x000001a3   Thumb Code     0  startup_lpc17xx.o(.text)
    RTC_IRQHandler                           0x000001a3   Thumb Code     0  startup_lpc17xx.o(.text)
    SPI_IRQHandler                           0x000001a3   Thumb Code     0  startup_lpc17xx.o(.text)
    SSP0_IRQHandler                          0x000001a3   Thumb Code     0  startup_lpc17xx.o(.text)
    SSP1_IRQHandler                          0x000001a3   Thumb Code     0  startup_lpc17xx.o(.text)
    TIMER1_IRQHandler                        0x000001a3   Thumb Code     0  startup_lpc17xx.o(.text)
    TIMER3_IRQHandler                        0x000001a3   Thumb Code     0  startup_lpc17xx.o(.text)
    UART0_IRQHandler                         0x000001a3   Thumb Code     0  startup_lpc17xx.o(.text)
    UART1_IRQHandler                         0x000001a3   Thumb Code     0  startup_lpc17xx.o(.text)
    UART2_IRQHandler                         0x000001a3   Thumb Code     0  startup_lpc17xx.o(.text)
    UART3_IRQHandler                         0x000001a3   Thumb Code     0  startup_lpc17xx.o(.text)
    USBActivity_IRQHandler                   0x000001a3   Thumb Code     0  startup_lpc17xx.o(.text)
    USB_IRQHandler                           0x000001a3   Thumb Code     0  startup_lpc17xx.o(.text)
    WDT_IRQHandler                           0x000001a3   Thumb Code     0  startup_lpc17xx.o(.text)
    __user_initial_stackheap                 0x000001a5   Thumb Code     0  startup_lpc17xx.o(.text)
    GetASCIICode                             0x000001c9   Thumb Code    26  asciilib.o(.text)
    __aeabi_uldivmod                         0x000001e9   Thumb Code     0  lludivv7m.o(.text)
    _ll_udiv                                 0x000001e9   Thumb Code   238  lludivv7m.o(.text)
    __use_two_region_memory                  0x000002d7   Thumb Code     2  heapauxi.o(.text)
    __rt_heap_escrow$2region                 0x000002d9   Thumb Code     2  heapauxi.o(.text)
    __rt_heap_expand$2region                 0x000002db   Thumb Code     2  heapauxi.o(.text)
    _sputc                                   0x000002dd   Thumb Code    10  _sputc.o(.text)
    __rt_locale                              0x000002e9   Thumb Code     8  rt_locale_intlibspace.o(.text)
    __user_libspace                          0x000002f1   Thumb Code     8  libspace.o(.text)
    __user_perproc_libspace                  0x000002f1   Thumb Code     0  libspace.o(.text)
    __user_perthread_libspace                0x000002f1   Thumb Code     0  libspace.o(.text)
    __I$use$semihosting                      0x000002f9   Thumb Code     0  use_no_semi.o(.text)
    __use_no_semihosting_swi                 0x000002f9   Thumb Code     2  use_no_semi.o(.text)
    __I$use$fp                               0x000002fa   Number         0  usenofp.o(x$fpl$usenofp)
    __semihosting_library_function           0x000002fb   Thumb Code     0  indicate_semi.o(.text)
    SystemCoreClockUpdate                    0x00000301   Thumb Code   408  system_lpc17xx.o(.text)
    SystemInit                               0x00000499   Thumb Code   310  system_lpc17xx.o(.text)
    LCD_Initializtion                        0x0000070f   Thumb Code  1260  glcd.o(.text)
    LCD_Clear                                0x00000bfb   Thumb Code  2746  glcd.o(.text)
    LCD_SetPoint                             0x000016b5   Thumb Code  1302  glcd.o(.text)
    LCD_DrawLine                             0x00001bcb   Thumb Code   250  glcd.o(.text)
    PutChar                                  0x00001cc5   Thumb Code   100  glcd.o(.text)
    GUI_Text                                 0x00001d29   Thumb Code    80  glcd.o(.text)
    TP_Init                                  0x00001d7d   Thumb Code    78  touchpanel.o(.text)
    Read_X                                   0x00001e3d   Thumb Code    42  touchpanel.o(.text)
    Read_Y                                   0x00001e67   Thumb Code    42  touchpanel.o(.text)
    TP_GetAdXY                               0x00001e91   Thumb Code    34  touchpanel.o(.text)
    TP_DrawPoint                             0x00001eb3   Thumb Code    64  touchpanel.o(.text)
    DrawCross                                0x00001ef3   Thumb Code   356  touchpanel.o(.text)
    Read_Ads7846                             0x00002057   Thumb Code   518  touchpanel.o(.text)
    setCalibrationMatrix                     0x0000225d   Thumb Code   356  touchpanel.o(.text)
    getDisplayPoint                          0x000023c1   Thumb Code   238  touchpanel.o(.text)
    TouchPanel_Calibrate                     0x000024af   Thumb Code   108  touchpanel.o(.text)
    delay_ms                                 0x00002571   Thumb Code    18  tp_simple.o(.text)
    Captura_CAP2_0                           0x00002583   Thumb Code    48  tp_simple.o(.text)
    init_ADC                                 0x000025b3   Thumb Code   110  tp_simple.o(.text)
    TIMER2_IRQHandler                        0x00002621   Thumb Code   110  tp_simple.o(.text)
    configPWM                                0x0000268f   Thumb Code    66  tp_simple.o(.text)
    setBrillo                                0x000026d1   Thumb Code    28  tp_simple.o(.text)
    ADC_IRQHandler                           0x000026ed   Thumb Code   106  tp_simple.o(.text)
    TIMER0_IRQHandler                        0x00002757   Thumb Code    30  tp_simple.o(.text)
    init_TIMER0                              0x00002775   Thumb Code    44  tp_simple.o(.text)
    squareButton                             0x000027a1   Thumb Code   226  tp_simple.o(.text)
    drawMinus                                0x00002883   Thumb Code   322  tp_simple.o(.text)
    drawAdd                                  0x000029c5   Thumb Code   240  tp_simple.o(.text)
    zonePressed                              0x00002ab5   Thumb Code    72  tp_simple.o(.text)
    zoneNewPressed                           0x00002afd   Thumb Code    80  tp_simple.o(.text)
    checkTouchPanel                          0x00002b4d   Thumb Code    54  tp_simple.o(.text)
    modificar_estado                         0x00002b83   Thumb Code   176  tp_simple.o(.text)
    back                                     0x00002c33   Thumb Code    32  tp_simple.o(.text)
    screenMain                               0x00002c53   Thumb Code   100  tp_simple.o(.text)
    screenAnguloMotor                        0x00002cb7   Thumb Code   276  tp_simple.o(.text)
    screenUmbralTemp                         0x00002dcb   Thumb Code   554  tp_simple.o(.text)
    screenUmbralDist                         0x00002ff5   Thumb Code   354  tp_simple.o(.text)
    screenBrilloTFT                          0x00003157   Thumb Code   308  tp_simple.o(.text)
    conocer_estado                           0x0000328b   Thumb Code    54  tp_simple.o(.text)
    leerPIN                                  0x000032c1   Thumb Code    26  tp_simple.o(.text)
    pulso                                    0x000032db   Thumb Code    14  tp_simple.o(.text)
    mover_motor                              0x000032e9   Thumb Code   116  tp_simple.o(.text)
    SysTick_Handler                          0x0000335d   Thumb Code    30  tp_simple.o(.text)
    main                                     0x0000337b   Thumb Code   348  tp_simple.o(.text)
    __2sprintf                               0x000034ed   Thumb Code    34  noretval__2sprintf.o(.text)
    _printf_pre_padding                      0x00003515   Thumb Code    44  _printf_pad.o(.text)
    _printf_post_padding                     0x00003541   Thumb Code    34  _printf_pad.o(.text)
    _printf_int_dec                          0x00003565   Thumb Code   104  _printf_dec.o(.text)
    __printf                                 0x000035dd   Thumb Code   270  __printf_wp.o(.text)
    strlen                                   0x000036eb   Thumb Code    62  strlen.o(.text)
    __aeabi_memcpy                           0x00003729   Thumb Code     0  rt_memcpy_v6.o(.text)
    __rt_memcpy                              0x00003729   Thumb Code   138  rt_memcpy_v6.o(.text)
    _memcpy_lastbytes                        0x0000378f   Thumb Code     0  rt_memcpy_v6.o(.text)
    __aeabi_memclr4                          0x000037b3   Thumb Code     0  rt_memclr_w.o(.text)
    __aeabi_memclr8                          0x000037b3   Thumb Code     0  rt_memclr_w.o(.text)
    __rt_memclr_w                            0x000037b3   Thumb Code    78  rt_memclr_w.o(.text)
    _memset_w                                0x000037b7   Thumb Code     0  rt_memclr_w.o(.text)
    _printf_int_common                       0x00003801   Thumb Code   178  _printf_intcommon.o(.text)
    __lib_sel_fp_printf                      0x000038b3   Thumb Code     2  _printf_fp_dec.o(.text)
    _printf_fp_dec_real                      0x00003a65   Thumb Code   620  _printf_fp_dec.o(.text)
    _printf_char_common                      0x00003cdb   Thumb Code    32  _printf_char_common.o(.text)
    __aeabi_memcpy4                          0x00003d01   Thumb Code     0  rt_memcpy_w.o(.text)
    __aeabi_memcpy8                          0x00003d01   Thumb Code     0  rt_memcpy_w.o(.text)
    __rt_memcpy_w                            0x00003d01   Thumb Code   100  rt_memcpy_w.o(.text)
    _memcpy_lastbytes_aligned                0x00003d49   Thumb Code     0  rt_memcpy_w.o(.text)
    _ll_udiv10                               0x00003d65   Thumb Code   138  lludiv10.o(.text)
    _printf_fp_infnan                        0x00003df1   Thumb Code   112  _printf_fp_infnan.o(.text)
    _btod_etento                             0x00003e71   Thumb Code   224  bigflt0.o(.text)
    __user_setup_stackheap                   0x00003f55   Thumb Code    74  sys_stackheap_outer.o(.text)
    exit                                     0x00003f9f   Thumb Code    18  exit.o(.text)
    strcmp                                   0x00003fb1   Thumb Code   128  strcmpv7m.o(.text)
    _sys_exit                                0x00004031   Thumb Code     8  sys_exit.o(.text)
    _btod_d2e                                0x0000403d   Thumb Code    62  btod.o(CL$$btod_d2e)
    _d2e_denorm_low                          0x0000407b   Thumb Code    70  btod.o(CL$$btod_d2e_denorm_low)
    _d2e_norm_op1                            0x000040c1   Thumb Code    96  btod.o(CL$$btod_d2e_norm_op1)
    __btod_div_common                        0x00004121   Thumb Code   696  btod.o(CL$$btod_div_common)
    _e2e                                     0x00004459   Thumb Code   220  btod.o(CL$$btod_e2e)
    _btod_ediv                               0x00004535   Thumb Code    42  btod.o(CL$$btod_ediv)
    _btod_emul                               0x0000455f   Thumb Code    42  btod.o(CL$$btod_emul)
    __btod_mult_common                       0x00004589   Thumb Code   580  btod.o(CL$$btod_mult_common)
    __ARM_fpclassify                         0x000047cd   Thumb Code    40  fpclassify.o(i.__ARM_fpclassify)
    _is_digit                                0x000047f5   Thumb Code    14  __printf_wp.o(i._is_digit)
    _get_lc_numeric                          0x00004805   Thumb Code    44  lc_numeric_c.o(locale$$code)
    __aeabi_d2f                              0x00004831   Thumb Code     0  d2f.o(x$fpl$d2f)
    _d2f                                     0x00004831   Thumb Code    98  d2f.o(x$fpl$d2f)
    __aeabi_dadd                             0x00004895   Thumb Code     0  daddsub_clz.o(x$fpl$dadd)
    _dadd                                    0x00004895   Thumb Code   332  daddsub_clz.o(x$fpl$dadd)
    __fpl_dcmp_Inf                           0x000049e5   Thumb Code    24  dcmpi.o(x$fpl$dcmpinf)
    __aeabi_ddiv                             0x000049fd   Thumb Code     0  ddiv.o(x$fpl$ddiv)
    _ddiv                                    0x000049fd   Thumb Code   552  ddiv.o(x$fpl$ddiv)
    __aeabi_cdcmpeq                          0x00004cad   Thumb Code     0  deqf.o(x$fpl$deqf)
    _dcmpeq                                  0x00004cad   Thumb Code   120  deqf.o(x$fpl$deqf)
    __aeabi_d2uiz                            0x00004d25   Thumb Code     0  dfixu.o(x$fpl$dfixu)
    _dfixu                                   0x00004d25   Thumb Code    90  dfixu.o(x$fpl$dfixu)
    __aeabi_i2d                              0x00004d7f   Thumb Code     0  dflt_clz.o(x$fpl$dflt)
    _dflt                                    0x00004d7f   Thumb Code    46  dflt_clz.o(x$fpl$dflt)
    __aeabi_ui2d                             0x00004dad   Thumb Code     0  dflt_clz.o(x$fpl$dfltu)
    _dfltu                                   0x00004dad   Thumb Code    38  dflt_clz.o(x$fpl$dfltu)
    __aeabi_dmul                             0x00004dd5   Thumb Code     0  dmul.o(x$fpl$dmul)
    _dmul                                    0x00004dd5   Thumb Code   332  dmul.o(x$fpl$dmul)
    __fpl_dnaninf                            0x00004f29   Thumb Code   156  dnaninf.o(x$fpl$dnaninf)
    __fpl_dretinf                            0x00004fc5   Thumb Code    12  dretinf.o(x$fpl$dretinf)
    __aeabi_dsub                             0x00004fd1   Thumb Code     0  daddsub_clz.o(x$fpl$dsub)
    _dsub                                    0x00004fd1   Thumb Code   464  daddsub_clz.o(x$fpl$dsub)
    __aeabi_f2d                              0x000051a5   Thumb Code     0  f2d.o(x$fpl$f2d)
    _f2d                                     0x000051a5   Thumb Code    86  f2d.o(x$fpl$f2d)
    __fpl_fcmp_Inf                           0x000051fb   Thumb Code    24  fcmpi.o(x$fpl$fcmpinf)
    __aeabi_cfcmple                          0x00005215   Thumb Code     0  fleqf.o(x$fpl$fleqf)
    _fcmple                                  0x00005215   Thumb Code   104  fleqf.o(x$fpl$fleqf)
    __fpl_fcmple_InfNaN                      0x00005267   Thumb Code     0  fleqf.o(x$fpl$fleqf)
    __fpl_fnaninf                            0x0000527d   Thumb Code   140  fnaninf.o(x$fpl$fnaninf)
    __fpl_fretinf                            0x00005309   Thumb Code    10  fretinf.o(x$fpl$fretinf)
    __aeabi_cfrcmple                         0x00005313   Thumb Code     0  frleqf.o(x$fpl$frleqf)
    _frcmple                                 0x00005313   Thumb Code    98  frleqf.o(x$fpl$frleqf)
    _printf_fp_dec                           0x00005375   Thumb Code     4  printf1.o(x$fpl$printf1)
    Region$$Table$$Base                      0x000059fc   Number         0  anon$$obj.o(Region$$Table)
    Region$$Table$$Limit                     0x00005a1c   Number         0  anon$$obj.o(Region$$Table)
    SystemCoreClock                          0x10000000   Data           4  system_lpc17xx.o(.data)
    matrix                                   0x10000008   Data          56  touchpanel.o(.data)
    display                                  0x10000040   Data           4  touchpanel.o(.data)
    DisplaySample                            0x10000044   Data          12  touchpanel.o(.data)
    zone_1                                   0x10000054   Data          10  tp_simple.o(.data)
    zone_2                                   0x1000005e   Data          10  tp_simple.o(.data)
    zone_3                                   0x10000068   Data          10  tp_simple.o(.data)
    zone_4                                   0x10000072   Data          10  tp_simple.o(.data)
    zone_5                                   0x1000007c   Data          10  tp_simple.o(.data)
    zone_6                                   0x10000086   Data          10  tp_simple.o(.data)
    zone_7                                   0x10000090   Data          10  tp_simple.o(.data)
    zone_8                                   0x1000009a   Data          10  tp_simple.o(.data)
    zone_9                                   0x100000a4   Data          10  tp_simple.o(.data)
    zone_10                                  0x100000ae   Data          10  tp_simple.o(.data)
    zone_11                                  0x100000b8   Data          10  tp_simple.o(.data)
    zone_12                                  0x100000c2   Data          10  tp_simple.o(.data)
    pressedTouchPanel                        0x100000cc   Data           1  tp_simple.o(.data)
    anguloMotor                              0x100000d0   Data           4  tp_simple.o(.data)
    umbralT                                  0x100000d4   Data           4  tp_simple.o(.data)
    contadorT                                0x100000d8   Data           4  tp_simple.o(.data)
    umbralD                                  0x100000dc   Data           4  tp_simple.o(.data)
    brillo                                   0x100000e0   Data           4  tp_simple.o(.data)
    brilloPOT                                0x100000e4   Data           4  tp_simple.o(.data)
    estado                                   0x100000e8   Data           1  tp_simple.o(.data)
    i                                        0x100000e9   Data           1  tp_simple.o(.data)
    canalB                                   0x100000ec   Data           4  tp_simple.o(.data)
    NumPulsos                                0x100000f0   Data           1  tp_simple.o(.data)
    SW                                       0x100000f2   Data           2  tp_simple.o(.data)
    sentido                                  0x100000f4   Data           1  tp_simple.o(.data)
    contador                                 0x100000f8   Data           4  tp_simple.o(.data)
    pasos                                    0x100000fc   Data           4  tp_simple.o(.data)
    canal_0                                  0x10000100   Data           4  tp_simple.o(.data)
    canal_1                                  0x10000104   Data           4  tp_simple.o(.data)
    canal_4                                  0x10000108   Data           4  tp_simple.o(.data)
    fin_grabacion                            0x10000110   Data           4  tp_simple.o(.data)
    modo                                     0x10000114   Data           4  tp_simple.o(.data)
    stop                                     0x10000118   Data           4  tp_simple.o(.data)
    secuencia                                0x1000011c   Data           8  tp_simple.o(.data)
    ScreenSample                             0x10000124   Data          12  touchpanel.o(.bss)
    muestras_voz                             0x10000130   Data       16005  tp_simple.o(.bss)
    muestras_seno                            0x10003fb6   Data          64  tp_simple.o(.bss)
    texto                                    0x10003ff6   Data          25  tp_simple.o(.bss)
    __libspace_start                         0x10004010   Data          96  libspace.o(.bss)
    __temporary_stack_top$libspace           0x10004070   Data           0  libspace.o(.bss)



==============================================================================

Memory Map of the image

  Image Entry point : 0x000000cd

  Load Region LR_IROM1 (Base: 0x00000000, Size: 0x00005b5c, Max: 0x00080000, ABSOLUTE)

    Execution Region ER_IROM1 (Exec base: 0x00000000, Load base: 0x00000000, Size: 0x00005a38, Max: 0x00080000, ABSOLUTE)

    Exec Addr    Load Addr    Size         Type   Attr      Idx    E Section Name        Object

    0x00000000   0x00000000   0x000000cc   Data   RO           14    RESET               startup_lpc17xx.o
    0x000000cc   0x000000cc   0x00000008   Code   RO          216  * !!!main             c_w.l(__main.o)
    0x000000d4   0x000000d4   0x00000034   Code   RO          486    !!!scatter          c_w.l(__scatter.o)
    0x00000108   0x00000108   0x0000001a   Code   RO          488    !!handler_copy      c_w.l(__scatter_copy.o)
    0x00000122   0x00000122   0x00000002   PAD
    0x00000124   0x00000124   0x0000001c   Code   RO          490    !!handler_zi        c_w.l(__scatter_zi.o)
    0x00000140   0x00000140   0x00000000   Code   RO          207    .ARM.Collect$$_printf_percent$$00000000  c_w.l(_printf_percent.o)
    0x00000140   0x00000140   0x00000006   Code   RO          206    .ARM.Collect$$_printf_percent$$00000003  c_w.l(_printf_f.o)
    0x00000146   0x00000146   0x00000006   Code   RO          205    .ARM.Collect$$_printf_percent$$00000009  c_w.l(_printf_d.o)
    0x0000014c   0x0000014c   0x00000004   Code   RO          263    .ARM.Collect$$_printf_percent$$00000017  c_w.l(_printf_percent_end.o)
    0x00000150   0x00000150   0x00000002   Code   RO          359    .ARM.Collect$$libinit$$00000000  c_w.l(libinit.o)
    0x00000152   0x00000152   0x00000000   Code   RO          361    .ARM.Collect$$libinit$$00000002  c_w.l(libinit2.o)
    0x00000152   0x00000152   0x00000000   Code   RO          363    .ARM.Collect$$libinit$$00000004  c_w.l(libinit2.o)
    0x00000152   0x00000152   0x00000000   Code   RO          366    .ARM.Collect$$libinit$$0000000A  c_w.l(libinit2.o)
    0x00000152   0x00000152   0x00000000   Code   RO          368    .ARM.Collect$$libinit$$0000000C  c_w.l(libinit2.o)
    0x00000152   0x00000152   0x00000000   Code   RO          370    .ARM.Collect$$libinit$$0000000E  c_w.l(libinit2.o)
    0x00000152   0x00000152   0x00000006   Code   RO          371    .ARM.Collect$$libinit$$0000000F  c_w.l(libinit2.o)
    0x00000158   0x00000158   0x00000000   Code   RO          373    .ARM.Collect$$libinit$$00000011  c_w.l(libinit2.o)
    0x00000158   0x00000158   0x00000000   Code   RO          375    .ARM.Collect$$libinit$$00000013  c_w.l(libinit2.o)
    0x00000158   0x00000158   0x00000000   Code   RO          377    .ARM.Collect$$libinit$$00000015  c_w.l(libinit2.o)
    0x00000158   0x00000158   0x0000000a   Code   RO          378    .ARM.Collect$$libinit$$00000016  c_w.l(libinit2.o)
    0x00000162   0x00000162   0x00000000   Code   RO          379    .ARM.Collect$$libinit$$00000017  c_w.l(libinit2.o)
    0x00000162   0x00000162   0x00000000   Code   RO          381    .ARM.Collect$$libinit$$00000019  c_w.l(libinit2.o)
    0x00000162   0x00000162   0x00000000   Code   RO          383    .ARM.Collect$$libinit$$0000001B  c_w.l(libinit2.o)
    0x00000162   0x00000162   0x00000000   Code   RO          385    .ARM.Collect$$libinit$$0000001D  c_w.l(libinit2.o)
    0x00000162   0x00000162   0x00000000   Code   RO          387    .ARM.Collect$$libinit$$0000001F  c_w.l(libinit2.o)
    0x00000162   0x00000162   0x00000000   Code   RO          389    .ARM.Collect$$libinit$$00000021  c_w.l(libinit2.o)
    0x00000162   0x00000162   0x00000000   Code   RO          391    .ARM.Collect$$libinit$$00000023  c_w.l(libinit2.o)
    0x00000162   0x00000162   0x00000000   Code   RO          393    .ARM.Collect$$libinit$$00000025  c_w.l(libinit2.o)
    0x00000162   0x00000162   0x00000000   Code   RO          397    .ARM.Collect$$libinit$$0000002C  c_w.l(libinit2.o)
    0x00000162   0x00000162   0x00000000   Code   RO          399    .ARM.Collect$$libinit$$0000002E  c_w.l(libinit2.o)
    0x00000162   0x00000162   0x00000000   Code   RO          401    .ARM.Collect$$libinit$$00000030  c_w.l(libinit2.o)
    0x00000162   0x00000162   0x00000000   Code   RO          403    .ARM.Collect$$libinit$$00000032  c_w.l(libinit2.o)
    0x00000162   0x00000162   0x00000002   Code   RO          404    .ARM.Collect$$libinit$$00000033  c_w.l(libinit2.o)
    0x00000164   0x00000164   0x00000002   Code   RO          451    .ARM.Collect$$libshutdown$$00000000  c_w.l(libshutdown.o)
    0x00000166   0x00000166   0x00000000   Code   RO          469    .ARM.Collect$$libshutdown$$00000002  c_w.l(libshutdown2.o)
    0x00000166   0x00000166   0x00000000   Code   RO          471    .ARM.Collect$$libshutdown$$00000004  c_w.l(libshutdown2.o)
    0x00000166   0x00000166   0x00000000   Code   RO          474    .ARM.Collect$$libshutdown$$00000007  c_w.l(libshutdown2.o)
    0x00000166   0x00000166   0x00000000   Code   RO          477    .ARM.Collect$$libshutdown$$0000000A  c_w.l(libshutdown2.o)
    0x00000166   0x00000166   0x00000000   Code   RO          479    .ARM.Collect$$libshutdown$$0000000C  c_w.l(libshutdown2.o)
    0x00000166   0x00000166   0x00000000   Code   RO          482    .ARM.Collect$$libshutdown$$0000000F  c_w.l(libshutdown2.o)
    0x00000166   0x00000166   0x00000002   Code   RO          483    .ARM.Collect$$libshutdown$$00000010  c_w.l(libshutdown2.o)
    0x00000168   0x00000168   0x00000000   Code   RO          250    .ARM.Collect$$rtentry$$00000000  c_w.l(__rtentry.o)
    0x00000168   0x00000168   0x00000000   Code   RO          280    .ARM.Collect$$rtentry$$00000002  c_w.l(__rtentry2.o)
    0x00000168   0x00000168   0x00000006   Code   RO          292    .ARM.Collect$$rtentry$$00000004  c_w.l(__rtentry4.o)
    0x0000016e   0x0000016e   0x00000000   Code   RO          282    .ARM.Collect$$rtentry$$00000009  c_w.l(__rtentry2.o)
    0x0000016e   0x0000016e   0x00000004   Code   RO          283    .ARM.Collect$$rtentry$$0000000A  c_w.l(__rtentry2.o)
    0x00000172   0x00000172   0x00000000   Code   RO          285    .ARM.Collect$$rtentry$$0000000C  c_w.l(__rtentry2.o)
    0x00000172   0x00000172   0x00000008   Code   RO          286    .ARM.Collect$$rtentry$$0000000D  c_w.l(__rtentry2.o)
    0x0000017a   0x0000017a   0x00000002   Code   RO          405    .ARM.Collect$$rtexit$$00000000  c_w.l(rtexit.o)
    0x0000017c   0x0000017c   0x00000000   Code   RO          420    .ARM.Collect$$rtexit$$00000002  c_w.l(rtexit2.o)
    0x0000017c   0x0000017c   0x00000004   Code   RO          421    .ARM.Collect$$rtexit$$00000003  c_w.l(rtexit2.o)
    0x00000180   0x00000180   0x00000006   Code   RO          422    .ARM.Collect$$rtexit$$00000004  c_w.l(rtexit2.o)
    0x00000186   0x00000186   0x00000002   PAD
    0x00000188   0x00000188   0x00000040   Code   RO           16    .text               startup_lpc17xx.o
    0x000001c8   0x000001c8   0x00000020   Code   RO           58    .text               asciilib.o
    0x000001e8   0x000001e8   0x000000ee   Code   RO          173    .text               c_w.l(lludivv7m.o)
    0x000002d6   0x000002d6   0x00000006   Code   RO          214    .text               c_w.l(heapauxi.o)
    0x000002dc   0x000002dc   0x0000000a   Code   RO          261    .text               c_w.l(_sputc.o)
    0x000002e6   0x000002e6   0x00000002   PAD
    0x000002e8   0x000002e8   0x00000008   Code   RO          299    .text               c_w.l(rt_locale_intlibspace.o)
    0x000002f0   0x000002f0   0x00000008   Code   RO          341    .text               c_w.l(libspace.o)
    0x000002f8   0x000002f8   0x00000002   Code   RO          438    .text               c_w.l(use_no_semi.o)
    0x000002fa   0x000002fa   0x00000000   Code   RO          440    .text               c_w.l(indicate_semi.o)
    0x000002fa   0x000002fa   0x00000000   Code   RO          278    x$fpl$usenofp       fz_ws.l(usenofp.o)
    0x000002fa   0x000002fa   0x00000002   PAD
    0x000002fc   0x000002fc   0x00000004   Code   RO           15    .ARM.__at_0x02FC    startup_lpc17xx.o
    0x00000300   0x00000300   0x000002ec   Code   RO           24    .text               system_lpc17xx.o
    0x000005ec   0x000005ec   0x00001790   Code   RO           79    .text               glcd.o
    0x00001d7c   0x00001d7c   0x000007d4   Code   RO          111    .text               touchpanel.o
    0x00002550   0x00002550   0x00000f9c   Code   RO          134    .text               tp_simple.o
    0x000034ec   0x000034ec   0x00000028   Code   RO          177    .text               c_w.l(noretval__2sprintf.o)
    0x00003514   0x00003514   0x0000004e   Code   RO          181    .text               c_w.l(_printf_pad.o)
    0x00003562   0x00003562   0x00000002   PAD
    0x00003564   0x00003564   0x00000078   Code   RO          183    .text               c_w.l(_printf_dec.o)
    0x000035dc   0x000035dc   0x0000010e   Code   RO          193    .text               c_w.l(__printf_wp.o)
    0x000036ea   0x000036ea   0x0000003e   Code   RO          208    .text               c_w.l(strlen.o)
    0x00003728   0x00003728   0x0000008a   Code   RO          210    .text               c_w.l(rt_memcpy_v6.o)
    0x000037b2   0x000037b2   0x0000004e   Code   RO          212    .text               c_w.l(rt_memclr_w.o)
    0x00003800   0x00003800   0x000000b2   Code   RO          255    .text               c_w.l(_printf_intcommon.o)
    0x000038b2   0x000038b2   0x0000041e   Code   RO          257    .text               c_w.l(_printf_fp_dec.o)
    0x00003cd0   0x00003cd0   0x00000030   Code   RO          259    .text               c_w.l(_printf_char_common.o)
    0x00003d00   0x00003d00   0x00000064   Code   RO          264    .text               c_w.l(rt_memcpy_w.o)
    0x00003d64   0x00003d64   0x0000008a   Code   RO          301    .text               c_w.l(lludiv10.o)
    0x00003dee   0x00003dee   0x00000002   PAD
    0x00003df0   0x00003df0   0x00000080   Code   RO          303    .text               c_w.l(_printf_fp_infnan.o)
    0x00003e70   0x00003e70   0x000000e4   Code   RO          307    .text               c_w.l(bigflt0.o)
    0x00003f54   0x00003f54   0x0000004a   Code   RO          344    .text               c_w.l(sys_stackheap_outer.o)
    0x00003f9e   0x00003f9e   0x00000012   Code   RO          346    .text               c_w.l(exit.o)
    0x00003fb0   0x00003fb0   0x00000080   Code   RO          352    .text               c_w.l(strcmpv7m.o)
    0x00004030   0x00004030   0x0000000c   Code   RO          417    .text               c_w.l(sys_exit.o)
    0x0000403c   0x0000403c   0x0000003e   Code   RO          310    CL$$btod_d2e        c_w.l(btod.o)
    0x0000407a   0x0000407a   0x00000046   Code   RO          312    CL$$btod_d2e_denorm_low  c_w.l(btod.o)
    0x000040c0   0x000040c0   0x00000060   Code   RO          311    CL$$btod_d2e_norm_op1  c_w.l(btod.o)
    0x00004120   0x00004120   0x00000338   Code   RO          320    CL$$btod_div_common  c_w.l(btod.o)
    0x00004458   0x00004458   0x000000dc   Code   RO          317    CL$$btod_e2e        c_w.l(btod.o)
    0x00004534   0x00004534   0x0000002a   Code   RO          314    CL$$btod_ediv       c_w.l(btod.o)
    0x0000455e   0x0000455e   0x0000002a   Code   RO          313    CL$$btod_emul       c_w.l(btod.o)
    0x00004588   0x00004588   0x00000244   Code   RO          319    CL$$btod_mult_common  c_w.l(btod.o)
    0x000047cc   0x000047cc   0x00000028   Code   RO          339    i.__ARM_fpclassify  m_ws.l(fpclassify.o)
    0x000047f4   0x000047f4   0x0000000e   Code   RO          195    i._is_digit         c_w.l(__printf_wp.o)
    0x00004802   0x00004802   0x00000002   PAD
    0x00004804   0x00004804   0x0000002c   Code   RO          333    locale$$code        c_w.l(lc_numeric_c.o)
    0x00004830   0x00004830   0x00000062   Code   RO          218    x$fpl$d2f           fz_ws.l(d2f.o)
    0x00004892   0x00004892   0x00000002   PAD
    0x00004894   0x00004894   0x00000150   Code   RO          220    x$fpl$dadd          fz_ws.l(daddsub_clz.o)
    0x000049e4   0x000049e4   0x00000018   Code   RO          266    x$fpl$dcmpinf       fz_ws.l(dcmpi.o)
    0x000049fc   0x000049fc   0x000002b0   Code   RO          227    x$fpl$ddiv          fz_ws.l(ddiv.o)
    0x00004cac   0x00004cac   0x00000078   Code   RO          230    x$fpl$deqf          fz_ws.l(deqf.o)
    0x00004d24   0x00004d24   0x0000005a   Code   RO          232    x$fpl$dfixu         fz_ws.l(dfixu.o)
    0x00004d7e   0x00004d7e   0x0000002e   Code   RO          237    x$fpl$dflt          fz_ws.l(dflt_clz.o)
    0x00004dac   0x00004dac   0x00000026   Code   RO          236    x$fpl$dfltu         fz_ws.l(dflt_clz.o)
    0x00004dd2   0x00004dd2   0x00000002   PAD
    0x00004dd4   0x00004dd4   0x00000154   Code   RO          242    x$fpl$dmul          fz_ws.l(dmul.o)
    0x00004f28   0x00004f28   0x0000009c   Code   RO          268    x$fpl$dnaninf       fz_ws.l(dnaninf.o)
    0x00004fc4   0x00004fc4   0x0000000c   Code   RO          270    x$fpl$dretinf       fz_ws.l(dretinf.o)
    0x00004fd0   0x00004fd0   0x000001d4   Code   RO          222    x$fpl$dsub          fz_ws.l(daddsub_clz.o)
    0x000051a4   0x000051a4   0x00000056   Code   RO          244    x$fpl$f2d           fz_ws.l(f2d.o)
    0x000051fa   0x000051fa   0x00000018   Code   RO          335    x$fpl$fcmpinf       fz_ws.l(fcmpi.o)
    0x00005212   0x00005212   0x00000002   PAD
    0x00005214   0x00005214   0x00000068   Code   RO          272    x$fpl$fleqf         fz_ws.l(fleqf.o)
    0x0000527c   0x0000527c   0x0000008c   Code   RO          274    x$fpl$fnaninf       fz_ws.l(fnaninf.o)
    0x00005308   0x00005308   0x0000000a   Code   RO          276    x$fpl$fretinf       fz_ws.l(fretinf.o)
    0x00005312   0x00005312   0x00000062   Code   RO          246    x$fpl$frleqf        fz_ws.l(frleqf.o)
    0x00005374   0x00005374   0x00000004   Code   RO          248    x$fpl$printf1       fz_ws.l(printf1.o)
    0x00005378   0x00005378   0x000005f0   Data   RO           59    .constdata          asciilib.o
    0x00005968   0x00005968   0x00000094   Data   RO          308    .constdata          c_w.l(bigflt0.o)
    0x000059fc   0x000059fc   0x00000020   Data   RO          484    Region$$Table       anon$$obj.o
    0x00005a1c   0x00005a1c   0x0000001c   Data   RO          332    locale$$data        c_w.l(lc_numeric_c.o)


    Execution Region RW_IRAM1 (Exec base: 0x10000000, Load base: 0x00005a38, Size: 0x00004670, Max: 0x00008000, ABSOLUTE)

    Exec Addr    Load Addr    Size         Type   Attr      Idx    E Section Name        Object

    0x10000000   0x00005a38   0x00000004   Data   RW           25    .data               system_lpc17xx.o
    0x10000004   0x00005a3c   0x00000001   Data   RW           80    .data               glcd.o
    0x10000005   0x00005a3d   0x00000003   PAD
    0x10000008   0x00005a40   0x0000004c   Data   RW          113    .data               touchpanel.o
    0x10000054   0x00005a8c   0x000000d0   Data   RW          136    .data               tp_simple.o
    0x10000124        -       0x0000000c   Zero   RW          112    .bss                touchpanel.o
    0x10000130        -       0x00003edf   Zero   RW          135    .bss                tp_simple.o
    0x1000400f   0x00005b5c   0x00000001   PAD
    0x10004010        -       0x00000060   Zero   RW          342    .bss                c_w.l(libspace.o)
    0x10004070        -       0x00000400   Zero   RW           13    HEAP                startup_lpc17xx.o
    0x10004470        -       0x00000200   Zero   RW           12    STACK               startup_lpc17xx.o


==============================================================================

Image component sizes


      Code (inc. data)   RO Data    RW Data    ZI Data      Debug   Object Name

        32          6       1520          0          0       1267   asciilib.o
         0          0          0          0          0       4508   core_cm3.o
      6032         44          0          1          0      34417   glcd.o
        68         30        204          0       1536       1208   startup_lpc17xx.o
       748         30          0          4          0       1257   system_lpc17xx.o
      2004         70          0         76         12       5917   touchpanel.o
      3996        568          0        208      16095      25759   tp_simple.o

    ----------------------------------------------------------------------
     12880        748       1756        292      17644      74333   Object Totals
         0          0         32          0          0          0   (incl. Generated)
         0          0          0          3          1          0   (incl. Padding)

    ----------------------------------------------------------------------

      Code (inc. data)   RO Data    RW Data    ZI Data      Debug   Library Member Name

         8          0          0          0          0         68   __main.o
       284          0          0          0          0        156   __printf_wp.o
         0          0          0          0          0          0   __rtentry.o
        12          0          0          0          0          0   __rtentry2.o
         6          0          0          0          0          0   __rtentry4.o
        52          8          0          0          0          0   __scatter.o
        26          0          0          0          0          0   __scatter_copy.o
        28          0          0          0          0          0   __scatter_zi.o
        48          6          0          0          0         96   _printf_char_common.o
         6          0          0          0          0          0   _printf_d.o
       120         16          0          0          0         92   _printf_dec.o
         6          0          0          0          0          0   _printf_f.o
      1054          0          0          0          0        216   _printf_fp_dec.o
       128         16          0          0          0         84   _printf_fp_infnan.o
       178          0          0          0          0         88   _printf_intcommon.o
        78          0          0          0          0        108   _printf_pad.o
         0          0          0          0          0          0   _printf_percent.o
         4          0          0          0          0          0   _printf_percent_end.o
        10          0          0          0          0         68   _sputc.o
       228          4        148          0          0         96   bigflt0.o
      1936        128          0          0          0        672   btod.o
        18          0          0          0          0         80   exit.o
         6          0          0          0          0        152   heapauxi.o
         0          0          0          0          0          0   indicate_semi.o
        44         10         28          0          0         76   lc_numeric_c.o
         2          0          0          0          0          0   libinit.o
        18          0          0          0          0          0   libinit2.o
         2          0          0          0          0          0   libshutdown.o
         2          0          0          0          0          0   libshutdown2.o
         8          4          0          0         96         68   libspace.o
       138          0          0          0          0         80   lludiv10.o
       238          0          0          0          0        100   lludivv7m.o
        40          6          0          0          0         84   noretval__2sprintf.o
         8          4          0          0          0         68   rt_locale_intlibspace.o
        78          0          0          0          0         80   rt_memclr_w.o
       138          0          0          0          0         68   rt_memcpy_v6.o
       100          0          0          0          0         80   rt_memcpy_w.o
         2          0          0          0          0          0   rtexit.o
        10          0          0          0          0          0   rtexit2.o
       128          0          0          0          0         68   strcmpv7m.o
        62          0          0          0          0         76   strlen.o
        12          4          0          0          0         68   sys_exit.o
        74          0          0          0          0         80   sys_stackheap_outer.o
         2          0          0          0          0         68   use_no_semi.o
        98          4          0          0          0         92   d2f.o
       804         16          0          0          0        272   daddsub_clz.o
        24          0          0          0          0         68   dcmpi.o
       688        140          0          0          0        208   ddiv.o
       120          4          0          0          0         92   deqf.o
        90          4          0          0          0         92   dfixu.o
        84          0          0          0          0        136   dflt_clz.o
       340         12          0          0          0        104   dmul.o
       156          4          0          0          0         92   dnaninf.o
        12          0          0          0          0         68   dretinf.o
        86          4          0          0          0         84   f2d.o
        24          0          0          0          0         68   fcmpi.o
       104          4          0          0          0         84   fleqf.o
       140          4          0          0          0         84   fnaninf.o
        10          0          0          0          0         68   fretinf.o
        98          0          0          0          0         68   frleqf.o
         4          0          0          0          0         68   printf1.o
         0          0          0          0          0          0   usenofp.o
        40          0          0          0          0         68   fpclassify.o

    ----------------------------------------------------------------------
      8284        402        176          0         96       4856   Library Totals
        20          0          0          0          0          0   (incl. Padding)

    ----------------------------------------------------------------------

      Code (inc. data)   RO Data    RW Data    ZI Data      Debug   Library Name

      5342        206        176          0         96       3040   c_w.l
      2882        196          0          0          0       1748   fz_ws.l
        40          0          0          0          0         68   m_ws.l

    ----------------------------------------------------------------------
      8284        402        176          0         96       4856   Library Totals

    ----------------------------------------------------------------------

==============================================================================


      Code (inc. data)   RO Data    RW Data    ZI Data      Debug   

     21164       1150       1932        292      17740      76117   Grand Totals
     21164       1150       1932        292      17740      76117   ELF Image Totals
     21164       1150       1932        292          0          0   ROM Totals

==============================================================================

    Total RO  Size (Code + RO Data)                23096 (  22.55kB)
    Total RW  Size (RW Data + ZI Data)             18032 (  17.61kB)
    Total ROM Size (Code + RO Data + RW Data)      23388 (  22.84kB)

==============================================================================

