<html>
<body>
<pre>
<h1>µVision Build Log</h1>
<h2>Tool Versions:</h2>
IDE-Version: µVision V5.30.0.0
Copyright (C) 2020 ARM Ltd and ARM Germany GmbH. All rights reserved.
License Information: Javier Pérez, Universidad de Alcalá, LIC=----
 
Tool Versions:
Toolchain:       MDK-Lite  Version: 5.30.0.0
Toolchain Path:  C:\Keil_v5\ARM\ARMCC\Bin
C Compiler:      Armcc.exe V5.06 update 6 (build 750)
Assembler:       Armasm.exe V5.06 update 6 (build 750)
Linker/Locator:  ArmLink.exe V5.06 update 6 (build 750)
Library Manager: ArmAr.exe V5.06 update 6 (build 750)
Hex Converter:   FromElf.exe V5.06 update 6 (build 750)
CPU DLL:         SARMCM3.DLL V5.30.0.0
Dialog DLL:      DARMP1.DLL V1.27.0.0
Target DLL:      UL2CM3.DLL V1.163.3.0
Dialog DLL:      TARMP1.DLL V1.26.0.0
 
<h2>Project:</h2>
C:\Users\javip\OneDrive - Universidad de Alcala\4º GIEC\SEDA\LAB\PR1_2_3_4_5_JavierPerez_AdrianSabina\MDK-ARM\TP_Simple.uvprojx
Project File Date:  11/30/2023

<h2>Output:</h2>
*** Using Compiler 'V5.06 update 6 (build 750)', folder: 'C:\Keil_v5\ARM\ARMCC\Bin'
Rebuild target 'MiniDK2'
compiling core_cm3.c...
assembling startup_LPC17xx.s...
compiling AsciiLib.c...
compiling GLCD.c...
compiling TouchPanel.c...
compiling system_LPC17xx.c...
compiling tp_simple.c...
..\USER\GIEC\tp_simple.c(94): warning:  #61-D: integer operation result is out of range
  	LPC_PINCON->PINSEL3= (3<<30);      									// P1.31 (AD0.5)     
..\USER\GIEC\tp_simple.c(94): warning:  #68-D: integer conversion resulted in a change of sign
  	LPC_PINCON->PINSEL3= (3<<30);      									// P1.31 (AD0.5)     
..\USER\GIEC\tp_simple.c(59): warning:  #177-D: variable "indice_muestra"  was declared but never referenced
  static uint16_t indice_muestra, indice;
..\USER\GIEC\tp_simple.c(59): warning:  #177-D: variable "indice"  was declared but never referenced
  static uint16_t indice_muestra, indice;
..\USER\GIEC\tp_simple.c: 4 warnings, 0 errors
linking...
Program Size: Code=21164 RO-data=1932 RW-data=292 ZI-data=17740  
".\obj\TP_Simple.axf" - 0 Error(s), 4 Warning(s).

<h2>Software Packages used:</h2>

Package Vendor: ARM
                http://www.keil.com/pack/ARM.CMSIS.5.9.0.pack
                ARM.CMSIS.5.9.0
                CMSIS (Common Microcontroller Software Interface Standard)
   * Component: CORE Version: 5.6.0

Package Vendor: Keil
                http://www.keil.com/pack/Keil.LPC1700_DFP.2.7.1.pack
                Keil.LPC1700_DFP.2.7.1
                NXP LPC1700 Series Device Support, Drivers and Examples for MCB1700 and LPC1788-32

<h2>Collection of Component include folders:</h2>
  .\RTE\_MiniDK2
  C:\Users\javip\AppData\Local\Arm\Packs\ARM\CMSIS\5.9.0\CMSIS\Core\Include
  C:\Users\javip\AppData\Local\Arm\Packs\Keil\LPC1700_DFP\2.7.1\Device\Include

<h2>Collection of Component Files used:</h2>

   * Component: ARM::CMSIS:CORE:5.6.0
Build Time Elapsed:  00:00:01
</pre>
</body>
</html>
